Archive member included to satisfy reference by file (symbol)

C:/devkitPro/libctru/lib\libcitro2d.a(base.o)
                              main.o (C2D_Init)
C:/devkitPro/libctru/lib\libcitro2d.a(spritesheet.o)
                              main.o (C2D_SpriteSheetLoad)
C:/devkitPro/libctru/lib\libcitro2d.a(render2d.shbin.o)
                              C:/devkitPro/libctru/lib\libcitro2d.a(base.o) (render2d_shbin)
C:/devkitPro/libctru/lib\libcitro3d.a(attribs.o)
                              C:/devkitPro/libctru/lib\libcitro2d.a(base.o) (AttrInfo_Init)
C:/devkitPro/libctru/lib\libcitro3d.a(base.o)
                              C:/devkitPro/libctru/lib\libcitro3d.a(attribs.o) (__C3D_Context)
C:/devkitPro/libctru/lib\libcitro3d.a(buffers.o)
                              C:/devkitPro/libctru/lib\libcitro2d.a(base.o) (BufInfo_Init)
C:/devkitPro/libctru/lib\libcitro3d.a(drawElements.o)
                              C:/devkitPro/libctru/lib\libcitro2d.a(base.o) (C3D_DrawElements)
C:/devkitPro/libctru/lib\libcitro3d.a(effect.o)
                              C:/devkitPro/libctru/lib\libcitro3d.a(base.o) (C3D_DepthMap)
C:/devkitPro/libctru/lib\libcitro3d.a(framebuffer.o)
                              C:/devkitPro/libctru/lib\libcitro3d.a(base.o) (C3Di_FrameBufBind)
C:/devkitPro/libctru/lib\libcitro3d.a(immediate.o)
                              C:/devkitPro/libctru/lib\libcitro3d.a(base.o) (C3D_ImmSendAttrib)
C:/devkitPro/libctru/lib\libcitro3d.a(proctex.o)
                              C:/devkitPro/libctru/lib\libcitro2d.a(base.o) (C3D_ProcTexInit)
C:/devkitPro/libctru/lib\libcitro3d.a(renderqueue.o)
                              C:/devkitPro/libctru/lib\libcitro3d.a(base.o) (C3Di_RenderQueueEnableVBlank)
C:/devkitPro/libctru/lib\libcitro3d.a(tex3ds.o)
                              C:/devkitPro/libctru/lib\libcitro2d.a(spritesheet.o) (Tex3DS_TextureImport)
C:/devkitPro/libctru/lib\libcitro3d.a(texenv.o)
                              C:/devkitPro/libctru/lib\libcitro2d.a(base.o) (C3D_GetTexEnv)
C:/devkitPro/libctru/lib\libcitro3d.a(texture.o)
                              C:/devkitPro/libctru/lib\libcitro3d.a(tex3ds.o) (C3D_TexInitWithParams)
C:/devkitPro/libctru/lib\libcitro3d.a(uniforms.o)
                              C:/devkitPro/libctru/lib\libcitro3d.a(base.o) (C3D_UpdateUniforms)
C:/devkitPro/libctru/lib\libcitro3d.a(mtx_multiply.o)
                              C:/devkitPro/libctru/lib\libcitro2d.a(base.o) (Mtx_Multiply)
C:/devkitPro/libctru/lib\libcitro3d.a(mtx_ortho.o)
                              C:/devkitPro/libctru/lib\libcitro2d.a(base.o) (Mtx_Ortho)
C:/devkitPro/libctru/lib\libcitro3d.a(mtx_orthotilt.o)
                              C:/devkitPro/libctru/lib\libcitro2d.a(base.o) (Mtx_OrthoTilt)
C:/devkitPro/libctru/lib\libcitro3d.a(mtx_rotatez.o)
                              C:/devkitPro/libctru/lib\libcitro2d.a(base.o) (Mtx_RotateZ)
C:/devkitPro/libctru/lib\libcitro3d.a(mtx_scale.o)
                              C:/devkitPro/libctru/lib\libcitro2d.a(base.o) (Mtx_Scale)
C:/devkitPro/libctru/lib\libcitro3d.a(mtx_translate.o)
                              C:/devkitPro/libctru/lib\libcitro2d.a(base.o) (Mtx_Translate)
C:/devkitPro/libctru/lib\libctru.a(vram.o)
                              C:/devkitPro/libctru/lib\libcitro3d.a(renderqueue.o) (vramAlloc)
C:/devkitPro/libctru/lib\libctru.a(linear.o)
                              C:/devkitPro/libctru/lib\libcitro2d.a(base.o) (linearAlloc)
C:/devkitPro/libctru/lib\libctru.a(mem_pool.o)
                              C:/devkitPro/libctru/lib\libctru.a(vram.o) (MemPool::Allocate(MemChunk&, unsigned long, int))
C:/devkitPro/libctru/lib\libctru.a(romfs_dev.o)
                              main.o (romfsMountSelf)
C:/devkitPro/libctru/lib\libctru.a(os.o)
                              C:/devkitPro/libctru/lib\libcitro3d.a(buffers.o) (osConvertVirtToPhys)
C:/devkitPro/libctru/lib\libctru.a(path_buf.o)
                              C:/devkitPro/libctru/lib\libctru.a(romfs_dev.o) (__ctru_dev_utf16_buf)
C:/devkitPro/libctru/lib\libctru.a(gfx.o)
                              C:/devkitPro/libctru/lib\libcitro2d.a(base.o) (gfxIsWide)
C:/devkitPro/libctru/lib\libctru.a(shaderProgram.o)
                              C:/devkitPro/libctru/lib\libcitro2d.a(base.o) (shaderInstanceGetUniformLocation)
C:/devkitPro/libctru/lib\libctru.a(shbin.o)
                              C:/devkitPro/libctru/lib\libcitro2d.a(base.o) (DVLB_ParseFile)
C:/devkitPro/libctru/lib\libctru.a(gx.o)
                              C:/devkitPro/libctru/lib\libcitro3d.a(renderqueue.o) (GX_BindQueue)
C:/devkitPro/libctru/lib\libctru.a(gxqueue.o)
                              C:/devkitPro/libctru/lib\libcitro3d.a(renderqueue.o) (gxCmdQueueClear)
C:/devkitPro/libctru/lib\libctru.a(gpu.o)
                              C:/devkitPro/libctru/lib\libcitro3d.a(base.o) (gpuCmdBufOffset)
C:/devkitPro/libctru/lib\libctru.a(gspgpu.o)
[...]
Memory Configuration

Name             Origin             Length             Attributes
*default*        0x00000000         0xffffffff

Linker script and memory map

                0x00000000                        __sync_synchronize = __sync_synchronize_dmb
                0x00100000                        PROVIDE (__start__ = 0x100000)
                0x00100000                        . = __start__

.text           0x00100000    0x16b68
 *(.crt0)
 .crt0          0x00100000       0x94 C:/devkitPro/devkitARM/bin/../lib/gcc/arm-none-eabi/14.2.0/../../../../arm-none-eabi/lib/armv6k/fpu/3dsx_crt0.o
                0x00100000                _start
                0x00100008                __service_ptr
                0x0010000c                __apt_appid
                0x00100010                __heap_size
                0x00100014                __linear_heap_size
                0x00100018                __system_arglist
                0x0010001c                __system_runflags
 *(.init)
 .init          0x00100094        0xc C:/devkitPro/devkitARM/bin/../lib/gcc/arm-none-eabi/14.2.0/armv6k/fpu/crti.o
                0x00100094                _init
 .init          0x001000a0        0xc C:/devkitPro/devkitARM/bin/../lib/gcc/arm-none-eabi/14.2.0/armv6k/fpu/crtn.o
                0x001000ac                        . = ALIGN (0x4)
 *(.text)
 .text          0x001000ac      0x20c C:/devkitPro/devkitARM/bin/../lib/gcc/arm-none-eabi/14.2.0/armv6k/fpu\libgcc.a(_udivsi3.o)
                0x001000ac                __aeabi_uidiv
                0x001000ac                __udivsi3
                0x00100298                __aeabi_uidivmod
 .text          0x001002b8        0x4 C:/devkitPro/devkitARM/bin/../lib/gcc/arm-none-eabi/14.2.0/armv6k/fpu\libgcc.a(_dvmd_tls.o)
                0x001002b8                __aeabi_idiv0
                0x001002b8                __aeabi_ldiv0
 .text          0x001002bc      0x3c0 C:/devkitPro/devkitARM/bin/../lib/gcc/arm-none-eabi/14.2.0/armv6k/fpu\libgcc.a(_arm_addsubdf3.o)
                0x001002bc                __aeabi_drsub
                0x001002c4                __aeabi_dsub
                0x001002c4                __subdf3
                0x001002c8                __aeabi_dadd
                0x001002c8                __adddf3
                0x00100574                __floatunsidf
                0x00100574                __aeabi_ui2d
                0x00100598                __floatsidf
                0x00100598                __aeabi_i2d
                0x001005c0                __aeabi_f2d
                0x001005c0                __extendsfdf2
                0x00100608                __floatundidf
                0x00100608                __aeabi_ul2d
                0x0010061c                __floatdidf
                0x0010061c                __aeabi_l2d
 .text          0x0010067c       0xd4 C:/devkitPro/devkitARM/bin/../lib/gcc/arm-none-eabi/14.2.0/armv6k/fpu\libgcc.a(_aeabi_ldivmod.o)
                0x0010067c                __aeabi_ldivmod
 *fill*         0x00100750       0x10 
 .text          0x00100760      0x390 C:/devkitPro/devkitARM/bin/../lib/gcc/arm-none-eabi/14.2.0/../../../../arm-none-eabi/lib/armv6k/fpu\libg.a(libc_a-strcmp.o)
                0x00100768                strcmp
 *(.text.*)
 .text.__do_global_dtors_aux
                0x00100af0       0x40 C:/devkitPro/devkitARM/bin/../lib/gcc/arm-none-eabi/14.2.0/armv6k/fpu/crtbegin.o
 .text.frame_dummy
                0x00100b30       0x2c C:/devkitPro/devkitARM/bin/../lib/gcc/arm-none-eabi/14.2.0/armv6k/fpu/crtbegin.o
 .text.startup.main
                0x00100b5c      0x190 main.o
                0x00100b5c                main
 .text.initSprites
                0x00100cec      0x980 sprites.o
                0x00100cec                initSprites
 .text.C2Di_FrameEndHook
                0x0010166c       0x44 C:/devkitPro/libctru/lib\libcitro2d.a(base.o)
 .text.C2D_Init
                0x001016b0      0x36c C:/devkitPro/libctru/lib\libcitro2d.a(base.o)
                0x001016b0                C2D_Init
 .text.C2D_Fini
                0x00101a1c       0x4c C:/devkitPro/libctru/lib\libcitro2d.a(base.o)
                0x00101a1c                C2D_Fini
 .text.C2D_Prepare
                0x00101a68       0xb8 C:/devkitPro/libctru/lib\libcitro2d.a(base.o)
                0x00101a68                C2D_Prepare
 .text.C2D_Flush
                0x00101b20       0x48 C:/devkitPro/libctru/lib\libcitro2d.a(base.o)
                0x00101b20                C2D_Flush
 .text.C2D_SceneSize
                0x00101b68      0x104 C:/devkitPro/libctru/lib\libcitro2d.a(base.o)
                0x00101b68                C2D_SceneSize
 .text.C2D_CreateScreenTarget
                0x00101c6c       0x58 C:/devkitPro/libctru/lib\libcitro2d.a(base.o)
                0x00101c6c                C2D_CreateScreenTarget
 .text.C2D_TargetClear
                0x00101cc4       0x64 C:/devkitPro/libctru/lib\libcitro2d.a(base.o)
                0x00101cc4                C2D_TargetClear
 .text.C2Di_CalcQuad
                0x00101d28      0x13c C:/devkitPro/libctru/lib\libcitro2d.a(base.o)
                0x00101d28                C2Di_CalcQuad
 .text.C2Di_AppendQuad
                0x00101e64       0x58 C:/devkitPro/libctru/lib\libcitro2d.a(base.o)
                0x00101e64                C2Di_AppendQuad
 .text.C2Di_Update
                0x00101ebc      0x550 C:/devkitPro/libctru/lib\libcitro2d.a(base.o)
                0x00101ebc                C2Di_Update
 .text.C2D_DrawImage
                0x0010240c      0x2b0 C:/devkitPro/libctru/lib\libcitro2d.a(base.o)
                0x0010240c                C2D_DrawImage
 .text.C2D_SpriteSheetLoadFromHandle
                0x001026bc       0x6c C:/devkitPro/libctru/lib\libcitro2d.a(spritesheet.o)
                0x001026bc                C2D_SpriteSheetLoadFromHandle
 .text.C2D_SpriteSheetLoad
                0x00102728       0x48 C:/devkitPro/libctru/lib\libcitro2d.a(spritesheet.o)
                0x00102728                C2D_SpriteSheetLoad
 .text.C2D_SpriteSheetGetImage
                0x00102770       0x2c C:/devkitPro/libctru/lib\libcitro2d.a(spritesheet.o)
                0x00102770                C2D_SpriteSheetGetImage
 .text.AttrInfo_Init
                0x0010279c       0x28 C:/devkitPro/libctru/lib\libcitro3d.a(attribs.o)
                0x0010279c                AttrInfo_Init
 .text.AttrInfo_AddLoader
                0x001027c4       0x94 C:/devkitPro/libctru/lib\libcitro3d.a(attribs.o)
                0x001027c4                AttrInfo_AddLoader
 .text.C3D_SetAttrInfo
                0x00102858       0x54 C:/devkitPro/libctru/lib\libcitro3d.a(attribs.o)
                0x00102858                C3D_SetAttrInfo
 .text.C3Di_AttrInfoBind
                0x001028ac       0x80 C:/devkitPro/libctru/lib\libcitro3d.a(attribs.o)
                0x001028ac                C3Di_AttrInfoBind
 .text.C3Di_LightEnvUpdate
                0x0010292c        0x4 C:/devkitPro/libctru/lib\libcitro3d.a(base.o)
                0x0010292c                C3Di_LightEnvUpdate
 .text.C3Di_LightEnvDirty
                0x00102930        0x4 C:/devkitPro/libctru/lib\libcitro3d.a(base.o)
                0x00102930                C3Di_LightEnvDirty
 .text.C3Di_AptEventHook
                0x00102934       0xb4 C:/devkitPro/libctru/lib\libcitro3d.a(base.o)
 .text.C3Di_GasUpdate
                0x001029e8        0x4 C:/devkitPro/libctru/lib\libcitro3d.a(base.o)
                0x001029e8                C3Di_GasUpdate
 .text.C3D_Init
                0x001029ec      0x1d0 C:/devkitPro/libctru/lib\libcitro3d.a(base.o)
                0x001029ec                C3D_Init
 .text.C3D_SetViewport
                0x00102bbc       0x98 C:/devkitPro/libctru/lib\libcitro3d.a(base.o)
                0x00102bbc                C3D_SetViewport
 .text.C3Di_UpdateContext
                0x00102c54      0x4e8 C:/devkitPro/libctru/lib\libcitro3d.a(base.o)
                0x00102c54                C3Di_UpdateContext
 .text.C3Di_SplitFrame
                0x0010313c       0xe0 C:/devkitPro/libctru/lib\libcitro3d.a(base.o)
                0x0010313c                C3Di_SplitFrame
 .text.C3D_Fini
                0x0010321c       0x44 C:/devkitPro/libctru/lib\libcitro3d.a(base.o)
                0x0010321c                C3D_Fini
 .text.C3D_BindProgram
                0x00103260      0x194 C:/devkitPro/libctru/lib\libcitro3d.a(base.o)
                0x00103260                C3D_BindProgram
 .text.BufInfo_Init
                0x001033f4       0x24 C:/devkitPro/libctru/lib\libcitro3d.a(buffers.o)
                0x001033f4                BufInfo_Init
 .text.BufInfo_Add
                0x00103418       0x80 C:/devkitPro/libctru/lib\libcitro3d.a(buffers.o)
                0x00103418                BufInfo_Add
 .text.C3D_SetBufInfo
                0x00103498       0x3c C:/devkitPro/libctru/lib\libcitro3d.a(buffers.o)
                0x00103498                C3D_SetBufInfo
 .text.C3Di_BufInfoBind
                0x001034d4       0x48 C:/devkitPro/libctru/lib\libcitro3d.a(buffers.o)
                0x001034d4                C3Di_BufInfoBind
 .text.C3D_DrawElements
                0x0010351c      0x21c C:/devkitPro/libctru/lib\libcitro3d.a(drawElements.o)
                0x0010351c                C3D_DrawElements
 .text.C3D_DepthMap
                0x00103738       0x40 C:/devkitPro/libctru/lib\libcitro3d.a(effect.o)
                0x00103738                C3D_DepthMap
 .text.C3D_CullFace
                0x00103778       0x1c C:/devkitPro/libctru/lib\libcitro3d.a(effect.o)
                0x00103778                C3D_CullFace
 .text.C3D_StencilTest
                0x00103794       0x40 C:/devkitPro/libctru/lib\libcitro3d.a(effect.o)
                0x00103794                C3D_StencilTest
 .text.C3D_StencilOp
                0x001037d4       0x24 C:/devkitPro/libctru/lib\libcitro3d.a(effect.o)
                0x001037d4                C3D_StencilOp
 .text.C3D_BlendingColor
                0x001037f8       0x1c C:/devkitPro/libctru/lib\libcitro3d.a(effect.o)
                0x001037f8                C3D_BlendingColor
 .text.C3D_EarlyDepthTest
                0x00103814       0x24 C:/devkitPro/libctru/lib\libcitro3d.a(effect.o)
                0x00103814                C3D_EarlyDepthTest
 .text.C3D_DepthTest
                0x00103838       0x2c C:/devkitPro/libctru/lib\libcitro3d.a(effect.o)
                0x00103838                C3D_DepthTest
 .text.C3D_AlphaTest
                0x00103864       0x2c C:/devkitPro/libctru/lib\libcitro3d.a(effect.o)
                0x00103864                C3D_AlphaTest
 .text.C3D_AlphaBlend
                0x00103890       0x50 C:/devkitPro/libctru/lib\libcitro3d.a(effect.o)
                0x00103890                C3D_AlphaBlend
 .text.C3D_FragOpMode
                0x001038e0       0x30 C:/devkitPro/libctru/lib\libcitro3d.a(effect.o)
                0x001038e0                C3D_FragOpMode
 .text.C3D_FragOpShadow
                0x00103910       0x44 C:/devkitPro/libctru/lib\libcitro3d.a(effect.o)
                0x00103910                C3D_FragOpShadow
 .text.C3Di_EffectBind
                0x00103954      0x1ac C:/devkitPro/libctru/lib\libcitro3d.a(effect.o)
                0x00103954                C3Di_EffectBind
 .text.C3D_CalcColorBufSize
                0x00103b00       0x1c C:/devkitPro/libctru/lib\libcitro3d.a(framebuffer.o)
                0x00103b00                C3D_CalcColorBufSize
 .text.C3D_CalcDepthBufSize
                0x00103b1c       0x1c C:/devkitPro/libctru/lib\libcitro3d.a(framebuffer.o)
                0x00103b1c                C3D_CalcDepthBufSize
 .text.C3D_SetFrameBuf
                0x00103b38       0x44 C:/devkitPro/libctru/lib\libcitro3d.a(framebuffer.o)
                0x00103b38                C3D_SetFrameBuf
 .text.C3Di_FrameBufBind
                0x00103b7c      0x16c C:/devkitPro/libctru/lib\libcitro3d.a(framebuffer.o)
                0x00103b7c                C3Di_FrameBufBind
 .text.C3D_FrameBufClear
                0x00103ce8       0xc8 C:/devkitPro/libctru/lib\libcitro3d.a(framebuffer.o)
                0x00103ce8                C3D_FrameBufClear
 .text.C3D_FrameBufTransfer
                0x00103db0       0x44 C:/devkitPro/libctru/lib\libcitro3d.a(framebuffer.o)
                0x00103db0                C3D_FrameBufTransfer
 .text.C3D_ImmSendAttrib
                0x00103df4       0xa8 C:/devkitPro/libctru/lib\libcitro3d.a(immediate.o)
                0x00103df4                C3D_ImmSendAttrib
 .text.C3D_ProcTexInit
                0x00103e9c       0x70 C:/devkitPro/libctru/lib\libcitro3d.a(proctex.o)
                0x00103e9c                C3D_ProcTexInit
 .text.C3D_ProcTexBind
                0x00103f0c       0x54 C:/devkitPro/libctru/lib\libcitro3d.a(proctex.o)
                0x00103f0c                C3D_ProcTexBind
 .text.C3D_ProcTexLutBind
                0x00103f60       0x5c C:/devkitPro/libctru/lib\libcitro3d.a(proctex.o)
                0x00103f60                C3D_ProcTexLutBind
 .text.ProcTexLut_FromArray
                0x00103fbc       0xa4 C:/devkitPro/libctru/lib\libcitro3d.a(proctex.o)
                0x00103fbc                ProcTexLut_FromArray
 .text.C3Di_ProcTexUpdate
                0x00104060      0x178 C:/devkitPro/libctru/lib\libcitro3d.a(proctex.o)
                0x00104060                C3Di_ProcTexUpdate
 .text.C3Di_ProcTexDirty
                0x001041d8       0x68 C:/devkitPro/libctru/lib\libcitro3d.a(proctex.o)
                0x001041d8                C3Di_ProcTexDirty
 .text.onVBlank0
                0x00104240       0x4c C:/devkitPro/libctru/lib\libcitro3d.a(renderqueue.o)
 .text.onVBlank1
                0x0010428c       0x4c C:/devkitPro/libctru/lib\libcitro3d.a(renderqueue.o)
 .text.C3Di_RenderTargetDestroy
                0x001042d8       0x80 C:/devkitPro/libctru/lib\libcitro3d.a(renderqueue.o)
 .text.onQueueFinish
                0x00104358       0xf4 C:/devkitPro/libctru/lib\libcitro3d.a(renderqueue.o)
 .text.C3Di_RenderQueueEnableVBlank
                0x0010444c       0x38 C:/devkitPro/libctru/lib\libcitro3d.a(renderqueue.o)
                0x0010444c                C3Di_RenderQueueEnableVBlank
 .text.C3Di_RenderQueueDisableVBlank
                0x00104484       0x30 C:/devkitPro/libctru/lib\libcitro3d.a(renderqueue.o)
                0x00104484                C3Di_RenderQueueDisableVBlank
 .text.C3Di_RenderQueueInit
                0x001044b4       0x60 C:/devkitPro/libctru/lib\libcitro3d.a(renderqueue.o)
                0x001044b4                C3Di_RenderQueueInit
 .text.C3Di_RenderQueueExit
                0x00104514       0xb4 C:/devkitPro/libctru/lib\libcitro3d.a(renderqueue.o)
                0x00104514                C3Di_RenderQueueExit
 .text.C3Di_RenderQueueWaitDone
                0x001045c8       0x34 C:/devkitPro/libctru/lib\libcitro3d.a(renderqueue.o)
                0x001045c8                C3Di_RenderQueueWaitDone
 .text.C3D_FrameBegin
                0x001045fc       0xe8 C:/devkitPro/libctru/lib\libcitro3d.a(renderqueue.o)
                0x001045fc                C3D_FrameBegin
 .text.C3D_FrameDrawOn
                0x001046e4       0x48 C:/devkitPro/libctru/lib\libcitro3d.a(renderqueue.o)
                0x001046e4                C3D_FrameDrawOn
 .text.C3D_FrameSplit
                0x0010472c       0x58 C:/devkitPro/libctru/lib\libcitro3d.a(renderqueue.o)
                0x0010472c                C3D_FrameSplit
 .text.C3D_FrameEnd
                0x00104784      0x1d0 C:/devkitPro/libctru/lib\libcitro3d.a(renderqueue.o)
                0x00104784                C3D_FrameEnd
 .text.C3D_FrameEndHook
                0x00104954       0x1c C:/devkitPro/libctru/lib\libcitro3d.a(renderqueue.o)
                0x00104954                C3D_FrameEndHook
 .text.C3D_RenderTargetCreate
                0x00104970      0x170 C:/devkitPro/libctru/lib\libcitro3d.a(renderqueue.o)
                0x00104970                C3D_RenderTargetCreate
 .text.C3D_RenderTargetSetOutput
                0x00104ae0       0xa8 C:/devkitPro/libctru/lib\libcitro3d.a(renderqueue.o)
                0x00104ae0                C3D_RenderTargetSetOutput
 .text.C3D_SyncTextureCopy
                0x00104b88       0xfc C:/devkitPro/libctru/lib\libcitro3d.a(renderqueue.o)
                0x00104b88                C3D_SyncTextureCopy
 .text.Tex3DSi_ImportCommon
                0x00104c84      0x3d8 C:/devkitPro/libctru/lib\libcitro3d.a(tex3ds.o)
 .text.Tex3DS_TextureImportStdio
                0x0010505c       0x38 C:/devkitPro/libctru/lib\libcitro3d.a(tex3ds.o)
                0x0010505c                Tex3DS_TextureImportStdio
 .text.Tex3DS_GetSubTexture
                0x00105094       0x1c C:/devkitPro/libctru/lib\libcitro3d.a(tex3ds.o)
                0x00105094                Tex3DS_GetSubTexture
 .text.C3D_GetTexEnv
                0x001050b0       0x34 C:/devkitPro/libctru/lib\libcitro3d.a(texenv.o)
                0x001050b0                C3D_GetTexEnv
 .text.C3Di_TexEnvBind
                0x001050e4       0x24 C:/devkitPro/libctru/lib\libcitro3d.a(texenv.o)
                0x001050e4                C3Di_TexEnvBind
 .text.C3D_TexInitWithParams
                0x00105108      0x290 C:/devkitPro/libctru/lib\libcitro3d.a(texture.o)
                0x00105108                C3D_TexInitWithParams
 .text.C3D_TexLoadImage
                0x00105398       0xc8 C:/devkitPro/libctru/lib\libcitro3d.a(texture.o)
                0x00105398                C3D_TexLoadImage
 .text.C3D_TexBind
                0x00105460       0x44 C:/devkitPro/libctru/lib\libcitro3d.a(texture.o)
                0x00105460                C3D_TexBind
 .text.C3D_TexDelete
                0x001054a4       0x74 C:/devkitPro/libctru/lib\libcitro3d.a(texture.o)
                0x001054a4                C3D_TexDelete
 .text.C3Di_SetTex
                0x00105518      0x14c C:/devkitPro/libctru/lib\libcitro3d.a(texture.o)
                0x00105518                C3Di_SetTex
 .text.C3D_UpdateUniforms
                0x00105664      0x290 C:/devkitPro/libctru/lib\libcitro3d.a(uniforms.o)
                0x00105664                C3D_UpdateUniforms
 .text.C3Di_DirtyUniforms
                0x001058f4       0xc0 C:/devkitPro/libctru/lib\libcitro3d.a(uniforms.o)
                0x001058f4                C3Di_DirtyUniforms
 .text.C3Di_LoadShaderUniforms
                0x001059b4       0xd8 C:/devkitPro/libctru/lib\libcitro3d.a(uniforms.o)
                0x001059b4                C3Di_LoadShaderUniforms
 .text.C3Di_ClearShaderUniforms
                0x00105a8c       0x28 C:/devkitPro/libctru/lib\libcitro3d.a(uniforms.o)
                0x00105a8c                C3Di_ClearShaderUniforms
 .text.Mtx_Ortho
                0x00105ab4       0xcc C:/devkitPro/libctru/lib\libcitro3d.a(mtx_ortho.o)
                0x00105ab4                Mtx_Ortho
 .text.Mtx_OrthoTilt
                0x00105b80       0xcc C:/devkitPro/libctru/lib\libcitro3d.a(mtx_orthotilt.o)
                0x00105b80                Mtx_OrthoTilt
 .text._ZL21addrMapNodeComparatorPK11rbtree_nodeS1_
                0x00105c4c       0x24 C:/devkitPro/libctru/lib\libctru.a(vram.o)
 .text._ZL21addrMapNodeDestructorP11rbtree_node
                0x00105c70        0x4 C:/devkitPro/libctru/lib\libctru.a(vram.o)
 .text.vramMemAlignAt
                0x00105c74      0x244 C:/devkitPro/libctru/lib\libctru.a(vram.o)
                0x00105c74                vramMemAlignAt
 .text.vramAlloc
                0x00105eb8        0xc C:/devkitPro/libctru/lib\libctru.a(vram.o)
                0x00105eb8                vramAlloc
 .text.vramAllocAt
                0x00105ec4        0xc C:/devkitPro/libctru/lib\libctru.a(vram.o)
                0x00105ec4                vramAllocAt
 .text.vramFree
                0x00105ed0       0x90 C:/devkitPro/libctru/lib\libctru.a(vram.o)
                0x00105ed0                vramFree
 .text._ZL21addrMapNodeComparatorPK11rbtree_nodeS1_
                0x00105f60       0x24 C:/devkitPro/libctru/lib\libctru.a(linear.o)
 .text._ZL21addrMapNodeDestructorP11rbtree_node
                0x00105f84        0x4 C:/devkitPro/libctru/lib\libctru.a(linear.o)
 .text.linearMemAlign
                0x00105f88      0x120 C:/devkitPro/libctru/lib\libctru.a(linear.o)
                0x00105f88                linearMemAlign
 .text.linearAlloc
                0x001060a8        0x8 C:/devkitPro/libctru/lib\libctru.a(linear.o)
                0x001060a8                linearAlloc
 .text.linearFree
                0x001060b0       0x5c C:/devkitPro/libctru/lib\libctru.a(linear.o)
                0x001060b0                linearFree
 .text._ZN7MemPool13CoalesceRightEP8MemBlock
                0x0010610c       0x84 C:/devkitPro/libctru/lib\libctru.a(mem_pool.o)
                0x0010610c                MemPool::CoalesceRight(MemBlock*)
 .text._ZN7MemPool8AllocateER8MemChunkmi
                0x00106190      0x150 C:/devkitPro/libctru/lib\libctru.a(mem_pool.o)
                0x00106190                MemPool::Allocate(MemChunk&, unsigned long, int)
 .text._ZN7MemPool10DeallocateERK8MemChunk
                0x001062e0       0xfc C:/devkitPro/libctru/lib\libctru.a(mem_pool.o)
                0x001062e0                MemPool::Deallocate(MemChunk const&)
 .text._ZN7MemPool12GetFreeSpaceEv
                0x001063dc       0x30 C:/devkitPro/libctru/lib\libctru.a(mem_pool.o)
                0x001063dc                MemPool::GetFreeSpace()
 .text.romfs_close
                0x0010640c        0x8 C:/devkitPro/libctru/lib\libctru.a(romfs_dev.o)
 .text.romfs_seek
                0x00106414       0xc4 C:/devkitPro/libctru/lib\libctru.a(romfs_dev.o)
 .text.romfs_dirreset
                0x001064d8       0x24 C:/devkitPro/libctru/lib\libctru.a(romfs_dev.o)
 .text.fill_dir
                0x001064fc       0xc8 C:/devkitPro/libctru/lib\libctru.a(romfs_dev.o)
 .text.romfs_dirnext
                0x001065c4      0x2a8 C:/devkitPro/libctru/lib\libctru.a(romfs_dev.o)
 .text.romfs_free
                0x0010686c       0x74 C:/devkitPro/libctru/lib\libctru.a(romfs_dev.o)
 .text.searchForFile.constprop.0
                0x001068e0       0xd4 C:/devkitPro/libctru/lib\libctru.a(romfs_dev.o)
 .text.searchForDir.constprop.0
                0x001069b4       0xd8 C:/devkitPro/libctru/lib\libctru.a(romfs_dev.o)
 .text.navigateToDir.constprop.0
                0x00106a8c      0x1c0 C:/devkitPro/libctru/lib\libctru.a(romfs_dev.o)
 .text.romfs_open
                0x00106c4c      0x10c C:/devkitPro/libctru/lib\libctru.a(romfs_dev.o)
 .text.romfs_chdir
                0x00106d58       0x4c C:/devkitPro/libctru/lib\libctru.a(romfs_dev.o)
 .text.romfs_diropen
                0x00106da4       0x70 C:/devkitPro/libctru/lib\libctru.a(romfs_dev.o)
 .text.romfs_stat
                0x00106e14      0x174 C:/devkitPro/libctru/lib\libctru.a(romfs_dev.o)
 .text.romfs_dirclose
                0x00106f88        0x8 C:/devkitPro/libctru/lib\libctru.a(romfs_dev.o)
 .text.romfs_fstat
                0x00106f90       0x84 C:/devkitPro/libctru/lib\libctru.a(romfs_dev.o)
 .text.romfs_read
                0x00107014       0xd0 C:/devkitPro/libctru/lib\libctru.a(romfs_dev.o)
 .text.romfsMountFromFile
                0x001070e4      0x28c C:/devkitPro/libctru/lib\libctru.a(romfs_dev.o)
                0x001070e4                romfsMountFromFile
 .text.romfsMountFromCurrentProcess
                0x00107370       0x98 C:/devkitPro/libctru/lib\libctru.a(romfs_dev.o)
                0x00107370                romfsMountFromCurrentProcess
 .text.romfsMountSelf
                0x00107408      0x260 C:/devkitPro/libctru/lib\libctru.a(romfs_dev.o)
                0x00107408                romfsMountSelf
 .text.romfsUnmount
                0x00107668       0xa4 C:/devkitPro/libctru/lib\libctru.a(romfs_dev.o)
                0x00107668                romfsUnmount
 .text.osConvertVirtToPhys
                0x0010770c       0x74 C:/devkitPro/libctru/lib\libctru.a(os.o)
                0x0010770c                osConvertVirtToPhys
 .text.osGetTimeRef
                0x00107780       0x54 C:/devkitPro/libctru/lib\libctru.a(os.o)
                0x00107780                osGetTimeRef
 .text.osGetTime
                0x001077d4       0xec C:/devkitPro/libctru/lib\libctru.a(os.o)
                0x001077d4                osGetTime
 .text.__ctru_speedup_config
                0x001078c0       0x34 C:/devkitPro/libctru/lib\libctru.a(os.o)
                0x001078c0                __ctru_speedup_config
 .text.gfxPresentFramebuffer
                0x001078f4       0xd0 C:/devkitPro/libctru/lib\libctru.a(gfx.o)
 .text.gfxIsWide
                0x001079c4       0x1c C:/devkitPro/libctru/lib\libctru.a(gfx.o)
                0x001079c4                gfxIsWide
 .text.gfxSetScreenFormat
                0x001079e0       0xec C:/devkitPro/libctru/lib\libctru.a(gfx.o)
                0x001079e0                gfxSetScreenFormat
 .text.gfxInit  0x00107acc       0xd8 C:/devkitPro/libctru/lib\libctru.a(gfx.o)
                0x00107acc                gfxInit
 .text.gfxInitDefault
                0x00107ba4       0x10 C:/devkitPro/libctru/lib\libctru.a(gfx.o)
                0x00107ba4                gfxInitDefault
 .text.gfxExit  0x00107bb4       0xb4 C:/devkitPro/libctru/lib\libctru.a(gfx.o)
                0x00107bb4                gfxExit
 .text.gfxGetFramebuffer
                0x00107c68       0xa0 C:/devkitPro/libctru/lib\libctru.a(gfx.o)
                0x00107c68                gfxGetFramebuffer
 .text.gfxScreenSwapBuffers
                0x00107d08       0x30 C:/devkitPro/libctru/lib\libctru.a(gfx.o)
                0x00107d08                gfxScreenSwapBuffers
 .text.shaderInstanceInit
                0x00107d38      0x1d0 C:/devkitPro/libctru/lib\libctru.a(shaderProgram.o)
                0x00107d38                shaderInstanceInit
 .text.shaderInstanceGetUniformLocation
                0x00107f08       0x18 C:/devkitPro/libctru/lib\libctru.a(shaderProgram.o)
                0x00107f08                shaderInstanceGetUniformLocation
 .text.shaderProgramInit
                0x00107f20       0x1c C:/devkitPro/libctru/lib\libctru.a(shaderProgram.o)
                0x00107f20                shaderProgramInit
 .text.shaderProgramFree
                0x00107f3c       0x64 C:/devkitPro/libctru/lib\libctru.a(shaderProgram.o)
                0x00107f3c                shaderProgramFree
 .text.shaderProgramSetVsh
                0x00107fa0       0x80 C:/devkitPro/libctru/lib\libctru.a(shaderProgram.o)
                0x00107fa0                shaderProgramSetVsh
 .text.shaderProgramConfigure
                0x00108020      0x8d0 C:/devkitPro/libctru/lib\libctru.a(shaderProgram.o)
                0x00108020                shaderProgramConfigure
 .text.DVLE_GenerateOutmap.part.0
                0x001088f0      0x1dc C:/devkitPro/libctru/lib\libctru.a(shbin.o)
 .text.DVLB_ParseFile
                0x00108acc      0x1b0 C:/devkitPro/libctru/lib\libctru.a(shbin.o)
                0x00108acc                DVLB_ParseFile
 .text.DVLB_Free
                0x00108c7c       0x38 C:/devkitPro/libctru/lib\libctru.a(shbin.o)
                0x00108c7c                DVLB_Free
 .text.DVLE_GetUniformRegister
                0x00108cb4       0x74 C:/devkitPro/libctru/lib\libctru.a(shbin.o)
                0x00108cb4                DVLE_GetUniformRegister
 .text.GX_BindQueue
                0x00108d28       0x10 C:/devkitPro/libctru/lib\libctru.a(gx.o)
                0x00108d28                GX_BindQueue
 .text.GX_ProcessCommandList
                0x00108d38       0x78 C:/devkitPro/libctru/lib\libctru.a(gx.o)
                0x00108d38                GX_ProcessCommandList
 .text.GX_MemoryFill
                0x00108db0       0x74 C:/devkitPro/libctru/lib\libctru.a(gx.o)
                0x00108db0                GX_MemoryFill
 .text.GX_DisplayTransfer
                0x00108e24       0x70 C:/devkitPro/libctru/lib\libctru.a(gx.o)
                0x00108e24                GX_DisplayTransfer
 .text.GX_TextureCopy
                0x00108e94       0x74 C:/devkitPro/libctru/lib\libctru.a(gx.o)
                0x00108e94                GX_TextureCopy
 .text.gxCmdQueueDoCommands.part.0
                0x00108f08       0x68 C:/devkitPro/libctru/lib\libctru.a(gxqueue.o)
 .text.gxCmdQueueInterrupt
                0x00108f70       0xc8 C:/devkitPro/libctru/lib\libctru.a(gxqueue.o)
                0x00108f70                gxCmdQueueInterrupt
 .text.gxCmdQueueClear
                0x00109038       0x4c C:/devkitPro/libctru/lib\libctru.a(gxqueue.o)
                0x00109038                gxCmdQueueClear
 .text.gxCmdQueueAdd
                0x00109084       0xf8 C:/devkitPro/libctru/lib\libctru.a(gxqueue.o)
                0x00109084                gxCmdQueueAdd
 .text.gxCmdQueueRun
                0x0010917c       0x80 C:/devkitPro/libctru/lib\libctru.a(gxqueue.o)
                0x0010917c                gxCmdQueueRun
 .text.gxCmdQueueStop
                0x001091fc       0x60 C:/devkitPro/libctru/lib\libctru.a(gxqueue.o)
                0x001091fc                gxCmdQueueStop
 .text.gxCmdQueueWait
                0x0010925c       0x8c C:/devkitPro/libctru/lib\libctru.a(gxqueue.o)
                0x0010925c                gxCmdQueueWait
 .text.GPUCMD_Add
                0x001092e8      0x13c C:/devkitPro/libctru/lib\libctru.a(gpu.o)
                0x001092e8                GPUCMD_Add
 .text.GPUCMD_Split
                0x00109424       0xb0 C:/devkitPro/libctru/lib\libctru.a(gpu.o)
                0x00109424                GPUCMD_Split
 .text.f32tof16
                0x001094d4       0x34 C:/devkitPro/libctru/lib\libctru.a(gpu.o)
                0x001094d4                f32tof16
 .text.f32tof24
                0x00109508       0x34 C:/devkitPro/libctru/lib\libctru.a(gpu.o)
                0x00109508                f32tof24
 .text.f32tof31
                0x0010953c       0x38 C:/devkitPro/libctru/lib\libctru.a(gpu.o)
                0x0010953c                f32tof31
 .text.gspHardwareInit
                0x00109574      0xc70 C:/devkitPro/libctru/lib\libctru.a(gspgpu.o)
 .text.gspInit  0x0010a1e4      0x248 C:/devkitPro/libctru/lib\libctru.a(gspgpu.o)
                0x0010a1e4                gspInit
 .text.gspExit  0x0010a42c       0xe4 C:/devkitPro/libctru/lib\libctru.a(gspgpu.o)
                0x0010a42c                gspExit
 .text.gspHasGpuRight
                0x0010a510       0x10 C:/devkitPro/libctru/lib\libctru.a(gspgpu.o)
                0x0010a510                gspHasGpuRight
 .text.gspPresentBuffer
                0x0010a520       0xa0 C:/devkitPro/libctru/lib\libctru.a(gspgpu.o)
                0x0010a520                gspPresentBuffer
 .text.gspSetEventCallback
                0x0010a5c0       0x30 C:/devkitPro/libctru/lib\libctru.a(gspgpu.o)
                0x0010a5c0                gspSetEventCallback
 .text.gspWaitForEvent
                0x0010a5f0       0x44 C:/devkitPro/libctru/lib\libctru.a(gspgpu.o)
                0x0010a5f0                gspWaitForEvent
 .text.gspWaitForAnyEvent
                0x0010a634       0x4c C:/devkitPro/libctru/lib\libctru.a(gspgpu.o)
                0x0010a634                gspWaitForAnyEvent
 .text.gspEventThreadMain
                0x0010a680      0x160 C:/devkitPro/libctru/lib\libctru.a(gspgpu.o)
 .text.gspSubmitGxCommand
                0x0010a7e0      0x130 C:/devkitPro/libctru/lib\libctru.a(gspgpu.o)
                0x0010a7e0                gspSubmitGxCommand
 .text.GSPGPU_FlushDataCache
                0x0010a910       0x50 C:/devkitPro/libctru/lib\libctru.a(gspgpu.o)
                0x0010a910                GSPGPU_FlushDataCache
 .text.GSPGPU_SetLcdForceBlack
                0x0010a960       0x34 C:/devkitPro/libctru/lib\libctru.a(gspgpu.o)
                0x0010a960                GSPGPU_SetLcdForceBlack
 .text.GSPGPU_AcquireRight
                0x0010a994       0x68 C:/devkitPro/libctru/lib\libctru.a(gspgpu.o)
                0x0010a994                GSPGPU_AcquireRight
 .text.GSPGPU_ReleaseRight
                0x0010a9fc       0x48 C:/devkitPro/libctru/lib\libctru.a(gspgpu.o)
                0x0010a9fc                GSPGPU_ReleaseRight
 .text.GSPGPU_ImportDisplayCaptureInfo
                0x0010aa44       0x7c C:/devkitPro/libctru/lib\libctru.a(gspgpu.o)
                0x0010aa44                GSPGPU_ImportDisplayCaptureInfo
 .text.GSPGPU_SaveVramSysArea
                0x0010aac0       0x2c C:/devkitPro/libctru/lib\libctru.a(gspgpu.o)
                0x0010aac0                GSPGPU_SaveVramSysArea
 .text.GSPGPU_RestoreVramSysArea
                0x0010aaec       0x2c C:/devkitPro/libctru/lib\libctru.a(gspgpu.o)
                0x0010aaec                GSPGPU_RestoreVramSysArea
 .text.mcuHwcInit
                0x0010ab18       0x74 C:/devkitPro/libctru/lib\libctru.a(mcuhwc.o)
                0x0010ab18                mcuHwcInit
 .text.mcuHwcExit
                0x0010ab8c       0x3c C:/devkitPro/libctru/lib\libctru.a(mcuhwc.o)
                0x0010ab8c                mcuHwcExit
 .text.aptConvertScreenForCapture
                0x0010abc8      0x1b0 C:/devkitPro/libctru/lib\libctru.a(apt.o)
 .text.aptDspSleep
                0x0010ad78        0x8 C:/devkitPro/libctru/lib\libctru.a(apt.o)
                0x0010ad78                aptDspSleep
 .text.aptDspWakeup
                0x0010ad80        0x4 C:/devkitPro/libctru/lib\libctru.a(apt.o)
                0x0010ad80                aptDspWakeup
 .text.aptDspCancel
                0x0010ad84        0x4 C:/devkitPro/libctru/lib\libctru.a(apt.o)
                0x0010ad84                aptDspCancel
 .text.aptSendCommand
                0x0010ad88      0x158 C:/devkitPro/libctru/lib\libctru.a(apt.o)
                0x0010ad88                aptSendCommand
 .text.aptExitProcess
                0x0010aee0       0x44 C:/devkitPro/libctru/lib\libctru.a(apt.o)
 .text.aptExit  0x0010af24      0x380 C:/devkitPro/libctru/lib\libctru.a(apt.o)
                0x0010af24                aptExit
 .text.aptHandleSleep
                0x0010b2a4       0xd8 C:/devkitPro/libctru/lib\libctru.a(apt.o)
                0x0010b2a4                aptHandleSleep
 .text.aptHook  0x0010b37c       0x30 C:/devkitPro/libctru/lib\libctru.a(apt.o)
                0x0010b37c                aptHook
 .text.aptUnhook
                0x0010b3ac       0x30 C:/devkitPro/libctru/lib\libctru.a(apt.o)
                0x0010b3ac                aptUnhook
 .text.APT_SleepIfShellClosed
                0x0010b3dc       0x84 C:/devkitPro/libctru/lib\libctru.a(apt.o)
                0x0010b3dc                APT_SleepIfShellClosed
 .text.aptSetSleepAllowed
                0x0010b460       0x78 C:/devkitPro/libctru/lib\libctru.a(apt.o)
                0x0010b460                aptSetSleepAllowed
 .text.APT_UnlockTransition
                0x0010b4d8       0x84 C:/devkitPro/libctru/lib\libctru.a(apt.o)
                0x0010b4d8                APT_UnlockTransition
 *fill*         0x0010b55c        0x4 
 .text.aptEventHandler
                0x0010b560      0x478 C:/devkitPro/libctru/lib\libctru.a(apt.o)
 .text.APT_ReceiveParameter
                0x0010b9d8       0xb0 C:/devkitPro/libctru/lib\libctru.a(apt.o)
                0x0010b9d8                APT_ReceiveParameter
 .text.aptReceiveParameter.constprop.0
                0x0010ba88       0xac C:/devkitPro/libctru/lib\libctru.a(apt.o)
 *fill*         0x0010bb34        0x4 
 .text.aptScreenTransfer
                0x0010bb38      0x294 C:/devkitPro/libctru/lib\libctru.a(apt.o)
 .text.aptWaitForWakeUp.isra.0
                0x0010bdcc      0x2c8 C:/devkitPro/libctru/lib\libctru.a(apt.o)
 .text.aptJumpToHomeMenu
                0x0010c094       0xf4 C:/devkitPro/libctru/lib\libctru.a(apt.o)
                0x0010c094                aptJumpToHomeMenu
 .text.aptMainLoop
                0x0010c188       0x48 C:/devkitPro/libctru/lib\libctru.a(apt.o)
                0x0010c188                aptMainLoop
 .text.aptInit  0x0010c1d0      0x22c C:/devkitPro/libctru/lib\libctru.a(apt.o)
                0x0010c1d0                aptInit
 .text.APT_CheckNew3DS
                0x0010c3fc       0x7c C:/devkitPro/libctru/lib\libctru.a(apt.o)
                0x0010c3fc                APT_CheckNew3DS
 .text.hidShouldUseIrrst
                0x0010c478       0x24 C:/devkitPro/libctru/lib\libctru.a(hid.o)
                0x0010c478                hidShouldUseIrrst
 .text.hidInit  0x0010c49c      0x18c C:/devkitPro/libctru/lib\libctru.a(hid.o)
                0x0010c49c                hidInit
 .text.hidExit  0x0010c628       0xe8 C:/devkitPro/libctru/lib\libctru.a(hid.o)
                0x0010c628                hidExit
 .text.hidScanInput
                0x0010c710      0x2a4 C:/devkitPro/libctru/lib\libctru.a(hid.o)
                0x0010c710                hidScanInput
 .text.hidKeysDown
                0x0010c9b4       0x10 C:/devkitPro/libctru/lib\libctru.a(hid.o)
                0x0010c9b4                hidKeysDown
 .text.ptmSysmInit
                0x0010c9c4       0x74 C:/devkitPro/libctru/lib\libctru.a(ptmsysm.o)
                0x0010c9c4                ptmSysmInit
 .text.ptmSysmExit
                0x0010ca38       0x3c C:/devkitPro/libctru/lib\libctru.a(ptmsysm.o)
                0x0010ca38                ptmSysmExit
 .text.PTMSYSM_ConfigureNew3DSCPU
                0x0010ca74       0x34 C:/devkitPro/libctru/lib\libctru.a(ptmsysm.o)
                0x0010ca74                PTMSYSM_ConfigureNew3DSCPU
 .text.fsInit   0x0010caa8       0xd0 C:/devkitPro/libctru/lib\libctru.a(fs.o)
                0x0010caa8                fsInit
 .text.fsExit   0x0010cb78       0x3c C:/devkitPro/libctru/lib\libctru.a(fs.o)
                0x0010cb78                fsExit
 .text.fsExemptFromSession
                0x0010cbb4       0x60 C:/devkitPro/libctru/lib\libctru.a(fs.o)
                0x0010cbb4                fsExemptFromSession
 .text.fsUnexemptFromSession
                0x0010cc14       0x50 C:/devkitPro/libctru/lib\libctru.a(fs.o)
                0x0010cc14                fsUnexemptFromSession
 .text.FSUSER_OpenFile
                0x0010cc64       0xcc C:/devkitPro/libctru/lib\libctru.a(fs.o)
                0x0010cc64                FSUSER_OpenFile
 .text.FSUSER_OpenFileDirectly
                0x0010cd30       0xd4 C:/devkitPro/libctru/lib\libctru.a(fs.o)
                0x0010cd30                FSUSER_OpenFileDirectly
 .text.FSUSER_DeleteFile
                0x0010ce04       0xbc C:/devkitPro/libctru/lib\libctru.a(fs.o)
                0x0010ce04                FSUSER_DeleteFile
 .text.FSUSER_RenameFile
                0x0010cec0       0xf8 C:/devkitPro/libctru/lib\libctru.a(fs.o)
                0x0010cec0                FSUSER_RenameFile
 .text.FSUSER_DeleteDirectory
                0x0010cfb8       0xbc C:/devkitPro/libctru/lib\libctru.a(fs.o)
                0x0010cfb8                FSUSER_DeleteDirectory
 .text.FSUSER_CreateFile
                0x0010d074       0xd4 C:/devkitPro/libctru/lib\libctru.a(fs.o)
                0x0010d074                FSUSER_CreateFile
 .text.FSUSER_CreateDirectory
                0x0010d148       0xc4 C:/devkitPro/libctru/lib\libctru.a(fs.o)
                0x0010d148                FSUSER_CreateDirectory
 .text.FSUSER_RenameDirectory
                0x0010d20c       0xf8 C:/devkitPro/libctru/lib\libctru.a(fs.o)
                0x0010d20c                FSUSER_RenameDirectory
 .text.FSUSER_OpenDirectory
                0x0010d304       0xb4 C:/devkitPro/libctru/lib\libctru.a(fs.o)
                0x0010d304                FSUSER_OpenDirectory
 .text.FSUSER_OpenArchive
                0x0010d3b8       0x94 C:/devkitPro/libctru/lib\libctru.a(fs.o)
                0x0010d3b8                FSUSER_OpenArchive
 .text.FSUSER_CloseArchive
                0x0010d44c       0x8c C:/devkitPro/libctru/lib\libctru.a(fs.o)
                0x0010d44c                FSUSER_CloseArchive
 .text.FSUSER_GetSdmcArchiveResource
                0x0010d4d8       0x74 C:/devkitPro/libctru/lib\libctru.a(fs.o)
                0x0010d4d8                FSUSER_GetSdmcArchiveResource
 .text.FSUSER_IsSdmcWritable
                0x0010d54c       0x64 C:/devkitPro/libctru/lib\libctru.a(fs.o)
                0x0010d54c                FSUSER_IsSdmcWritable
 .text.FSFILE_Read
                0x0010d5b0       0x58 C:/devkitPro/libctru/lib\libctru.a(fs.o)
                0x0010d5b0                FSFILE_Read
 .text.FSFILE_Write
                0x0010d608       0x60 C:/devkitPro/libctru/lib\libctru.a(fs.o)
                0x0010d608                FSFILE_Write
 .text.FSFILE_GetSize
                0x0010d668       0x38 C:/devkitPro/libctru/lib\libctru.a(fs.o)
                0x0010d668                FSFILE_GetSize
 .text.FSFILE_SetSize
                0x0010d6a0       0x28 C:/devkitPro/libctru/lib\libctru.a(fs.o)
                0x0010d6a0                FSFILE_SetSize
 .text.FSFILE_Close
                0x0010d6c8       0x3c C:/devkitPro/libctru/lib\libctru.a(fs.o)
                0x0010d6c8                FSFILE_Close
 .text.FSFILE_Flush
                0x0010d704       0x24 C:/devkitPro/libctru/lib\libctru.a(fs.o)
                0x0010d704                FSFILE_Flush
 .text.FSDIR_Read
                0x0010d728       0x50 C:/devkitPro/libctru/lib\libctru.a(fs.o)
                0x0010d728                FSDIR_Read
 .text.FSDIR_Close
                0x0010d778       0x3c C:/devkitPro/libctru/lib\libctru.a(fs.o)
                0x0010d778                FSDIR_Close
 .text.buffer_read
                0x0010d7b4       0xe0 C:/devkitPro/libctru/lib\libctru.a(decompress.o)
 .text.iov_read
                0x0010d894       0xcc C:/devkitPro/libctru/lib\libctru.a(decompress.o)
 .text.iov_memmove
                0x0010d960      0x148 C:/devkitPro/libctru/lib\libctru.a(decompress.o)
 .text.decompress_rle
                0x0010daa8      0x1dc C:/devkitPro/libctru/lib\libctru.a(decompress.o)
 .text.decompress_lzss
                0x0010dc84      0x26c C:/devkitPro/libctru/lib\libctru.a(decompress.o)
 .text.decompress_lz11
                0x0010def0      0x42c C:/devkitPro/libctru/lib\libctru.a(decompress.o)
 .text.decompress_huff
                0x0010e31c      0x36c C:/devkitPro/libctru/lib\libctru.a(decompress.o)
 .text.decompressCallback_Stdio
                0x0010e688       0x10 C:/devkitPro/libctru/lib\libctru.a(decompress.o)
                0x0010e688                decompressCallback_Stdio
 .text.decompressHeader
                0x0010e698       0xe4 C:/devkitPro/libctru/lib\libctru.a(decompress.o)
                0x0010e698                decompressHeader
 .text.decompressV
                0x0010e77c      0x200 C:/devkitPro/libctru/lib\libctru.a(decompress.o)
                0x0010e77c                decompressV
 .text.rbtree_init
                0x0010e97c       0x10 C:/devkitPro/libctru/lib\libctru.a(rbtree_init.o)
                0x0010e97c                rbtree_init
 .text.do_insert
                0x0010e98c      0x19c C:/devkitPro/libctru/lib\libctru.a(rbtree_insert.o)
 .text.rbtree_insert
                0x0010eb28        0x8 C:/devkitPro/libctru/lib\libctru.a(rbtree_insert.o)
                0x0010eb28                rbtree_insert
 .text.rbtree_rotate
                0x0010eb30       0x90 C:/devkitPro/libctru/lib\libctru.a(rbtree_rotate.o)
                0x0010eb30                rbtree_rotate
 .text.rbtree_remove
                0x0010ebc0      0x310 C:/devkitPro/libctru/lib\libctru.a(rbtree_remove.o)
                0x0010ebc0                rbtree_remove
 .text.rbtree_find
                0x0010eed0       0x74 C:/devkitPro/libctru/lib\libctru.a(rbtree_find.o)
                0x0010eed0                rbtree_find
 .text.utf16_to_utf8
                0x0010ef44       0xe8 C:/devkitPro/libctru/lib\libctru.a(utf16_to_utf8.o)
                0x0010ef44                utf16_to_utf8
 .text.decode_utf16
                0x0010f02c       0x64 C:/devkitPro/libctru/lib\libctru.a(decode_utf16.o)
                0x0010f02c                decode_utf16
 .text.utf8_to_utf16
                0x0010f090       0xc0 C:/devkitPro/libctru/lib\libctru.a(utf8_to_utf16.o)
                0x0010f090                utf8_to_utf16
 .text.__system_allocateHeaps
                0x0010f150      0x1e0 C:/devkitPro/libctru/lib\libctru.a(allocateHeaps.o)
                0x0010f150                __system_allocateHeaps
 .text.__libctru_init
                0x0010f330       0x38 C:/devkitPro/libctru/lib\libctru.a(ctru_init.o)
                0x0010f330                __libctru_init
 .text.__system_initArgv
                0x0010f368      0x160 C:/devkitPro/libctru/lib\libctru.a(initArgv.o)
                0x0010f368                __system_initArgv
 .text.svcControlMemory
                0x0010f4c8       0x20 C:/devkitPro/libctru/lib\libctru.a(svc.o)
                0x0010f4c8                svcControlMemory
 .text.svcQueryMemory
                0x0010f4e8       0x30 C:/devkitPro/libctru/lib\libctru.a(svc.o)
                0x0010f4e8                svcQueryMemory
 .text.svcExitProcess
                0x0010f518        0x8 C:/devkitPro/libctru/lib\libctru.a(svc.o)
                0x0010f518                svcExitProcess
 .text.svcCreateThread
                0x0010f520       0x20 C:/devkitPro/libctru/lib\libctru.a(svc.o)
                0x0010f520                svcCreateThread
 .text.svcExitThread
                0x0010f540        0x8 C:/devkitPro/libctru/lib\libctru.a(svc.o)
                0x0010f540                svcExitThread
 .text.svcSleepThread
                0x0010f548        0x8 C:/devkitPro/libctru/lib\libctru.a(svc.o)
                0x0010f548                svcSleepThread
 .text.svcReleaseMutex
                0x0010f550        0x8 C:/devkitPro/libctru/lib\libctru.a(svc.o)
                0x0010f550                svcReleaseMutex
 .text.svcCreateEvent
                0x0010f558       0x14 C:/devkitPro/libctru/lib\libctru.a(svc.o)
                0x0010f558                svcCreateEvent
 .text.svcSignalEvent
                0x0010f56c        0x8 C:/devkitPro/libctru/lib\libctru.a(svc.o)
                0x0010f56c                svcSignalEvent
 .text.svcClearEvent
                0x0010f574        0x8 C:/devkitPro/libctru/lib\libctru.a(svc.o)
                0x0010f574                svcClearEvent
 .text.svcMapMemoryBlock
                0x0010f57c        0x8 C:/devkitPro/libctru/lib\libctru.a(svc.o)
                0x0010f57c                svcMapMemoryBlock
 .text.svcUnmapMemoryBlock
                0x0010f584        0x8 C:/devkitPro/libctru/lib\libctru.a(svc.o)
                0x0010f584                svcUnmapMemoryBlock
 .text.svcCreateAddressArbiter
                0x0010f58c       0x14 C:/devkitPro/libctru/lib\libctru.a(svc.o)
                0x0010f58c                svcCreateAddressArbiter
 .text.svcArbitrateAddressNoTimeout
                0x0010f5a0        0x8 C:/devkitPro/libctru/lib\libctru.a(svc.o)
                0x0010f5a0                svcArbitrateAddressNoTimeout
 .text.svcCloseHandle
                0x0010f5a8        0x8 C:/devkitPro/libctru/lib\libctru.a(svc.o)
                0x0010f5a8                svcCloseHandle
 .text.svcWaitSynchronization
                0x0010f5b0        0x8 C:/devkitPro/libctru/lib\libctru.a(svc.o)
                0x0010f5b0                svcWaitSynchronization
 .text.svcWaitSynchronizationN
                0x0010f5b8       0x28 C:/devkitPro/libctru/lib\libctru.a(svc.o)
                0x0010f5b8                svcWaitSynchronizationN
 .text.svcDuplicateHandle
                0x0010f5e0       0x14 C:/devkitPro/libctru/lib\libctru.a(svc.o)
                0x0010f5e0                svcDuplicateHandle
 .text.svcGetSystemTick
                0x0010f5f4        0x8 C:/devkitPro/libctru/lib\libctru.a(svc.o)
                0x0010f5f4                svcGetSystemTick
 .text.svcConnectToPort
                0x0010f5fc       0x14 C:/devkitPro/libctru/lib\libctru.a(svc.o)
                0x0010f5fc                svcConnectToPort
 .text.svcSendSyncRequest
                0x0010f610        0x8 C:/devkitPro/libctru/lib\libctru.a(svc.o)
                0x0010f610                svcSendSyncRequest
 .text.svcGetResourceLimit
                0x0010f618       0x14 C:/devkitPro/libctru/lib\libctru.a(svc.o)
                0x0010f618                svcGetResourceLimit
 .text.svcGetResourceLimitLimitValues
                0x0010f62c        0x8 C:/devkitPro/libctru/lib\libctru.a(svc.o)
                0x0010f62c                svcGetResourceLimitLimitValues
 .text.svcGetResourceLimitCurrentValues
                0x0010f634        0x8 C:/devkitPro/libctru/lib\libctru.a(svc.o)
                0x0010f634                svcGetResourceLimitCurrentValues
 .text.svcBreak
                0x0010f63c        0x8 C:/devkitPro/libctru/lib\libctru.a(svc.o)
                0x0010f63c                svcBreak
 .text.initSystem
                0x0010f644       0x50 C:/devkitPro/libctru/lib\libctru.a(stack_adjust.o)
                0x0010f644                initSystem
 .text.__ctru_exit
                0x0010f694       0x14 C:/devkitPro/libctru/lib\libctru.a(stack_adjust.o)
                0x0010f694                __ctru_exit
 .text.__aeabi_read_tp
                0x0010f6a8        0xc C:/devkitPro/libctru/lib\libctru.a(readtp.o)
                0x0010f6a8                __aeabi_read_tp
 .text.__sync_init
                0x0010f6b4        0xc C:/devkitPro/libctru/lib\libctru.a(synchronization.o)
                0x0010f6b4                __sync_init
 .text.__sync_fini
                0x0010f6c0       0x18 C:/devkitPro/libctru/lib\libctru.a(synchronization.o)
                0x0010f6c0                __sync_fini
 .text.syncArbitrateAddress
                0x0010f6d8       0x2c C:/devkitPro/libctru/lib\libctru.a(synchronization.o)
                0x0010f6d8                syncArbitrateAddress
 .text.LightLock_Lock
                0x0010f704       0xb0 C:/devkitPro/libctru/lib\libctru.a(synchronization.o)
                0x0010f704                LightLock_Lock
 .text.LightLock_Unlock
                0x0010f7b4       0x40 C:/devkitPro/libctru/lib\libctru.a(synchronization.o)
                0x0010f7b4                LightLock_Unlock
 .text.RecursiveLock_Lock
                0x0010f7f4       0x30 C:/devkitPro/libctru/lib\libctru.a(synchronization.o)
                0x0010f7f4                RecursiveLock_Lock
 .text.RecursiveLock_Unlock
                0x0010f824       0x54 C:/devkitPro/libctru/lib\libctru.a(synchronization.o)
                0x0010f824                RecursiveLock_Unlock
 .text.LightEvent_Init
                0x0010f878       0x40 C:/devkitPro/libctru/lib\libctru.a(synchronization.o)
                0x0010f878                LightEvent_Init
 .text.LightEvent_Clear
                0x0010f8b8       0xa4 C:/devkitPro/libctru/lib\libctru.a(synchronization.o)
                0x0010f8b8                LightEvent_Clear
 .text.LightEvent_Signal
                0x0010f95c       0xc8 C:/devkitPro/libctru/lib\libctru.a(synchronization.o)
                0x0010f95c                LightEvent_Signal
 .text.LightEvent_TryWait
                0x0010fa24       0x50 C:/devkitPro/libctru/lib\libctru.a(synchronization.o)
                0x0010fa24                LightEvent_TryWait
 .text.LightEvent_Wait
                0x0010fa74       0xa0 C:/devkitPro/libctru/lib\libctru.a(synchronization.o)
                0x0010fa74                LightEvent_Wait
 .text.envGetHandle
                0x0010fb14       0x84 C:/devkitPro/libctru/lib\libctru.a(env.o)
                0x0010fb14                envGetHandle
 .text.envDestroyHandles
                0x0010fb98       0x50 C:/devkitPro/libctru/lib\libctru.a(env.o)
                0x0010fb98                envDestroyHandles
 .text.srvInit  0x0010fbe8      0x12c C:/devkitPro/libctru/lib\libctru.a(srv.o)
                0x0010fbe8                srvInit
 .text.srvExit  0x0010fd14       0x58 C:/devkitPro/libctru/lib\libctru.a(srv.o)
                0x0010fd14                srvExit
 .text.srvEnableNotification
                0x0010fd6c       0x60 C:/devkitPro/libctru/lib\libctru.a(srv.o)
                0x0010fd6c                srvEnableNotification
 .text.srvGetServiceHandleDirect
                0x0010fdcc       0xa0 C:/devkitPro/libctru/lib\libctru.a(srv.o)
                0x0010fdcc                srvGetServiceHandleDirect
 .text.srvGetServiceHandle
                0x0010fe6c       0x38 C:/devkitPro/libctru/lib\libctru.a(srv.o)
                0x0010fe6c                srvGetServiceHandle
 .text.srvSubscribe
                0x0010fea4       0x34 C:/devkitPro/libctru/lib\libctru.a(srv.o)
                0x0010fea4                srvSubscribe
 .text.srvReceiveNotification
                0x0010fed8       0x60 C:/devkitPro/libctru/lib\libctru.a(srv.o)
                0x0010fed8                srvReceiveNotification
 .text.srvPublishToSubscriber
                0x0010ff38       0x38 C:/devkitPro/libctru/lib\libctru.a(srv.o)
                0x0010ff38                srvPublishToSubscriber
 .text.threadCreate
                0x0010ff70      0x1d4 C:/devkitPro/libctru/lib\libctru.a(thread.o)
                0x0010ff70                threadCreate
 .text.threadFree
                0x00110144       0x2c C:/devkitPro/libctru/lib\libctru.a(thread.o)
                0x00110144                threadFree
 .text.threadJoin
                0x00110170       0x24 C:/devkitPro/libctru/lib\libctru.a(thread.o)
                0x00110170                threadJoin
 .text.threadGetCurrent
                0x00110194       0x30 C:/devkitPro/libctru/lib\libctru.a(thread.o)
                0x00110194                threadGetCurrent
 .text.threadExit
                0x001101c4       0x40 C:/devkitPro/libctru/lib\libctru.a(thread.o)
                0x001101c4                threadExit
 .text._thread_begin
                0x00110204       0x20 C:/devkitPro/libctru/lib\libctru.a(thread.o)
 .text.mappableFindAddressWithin
                0x00110224       0x90 C:/devkitPro/libctru/lib\libctru.a(mappable.o)
 .text.mappableInit
                0x001102b4       0x28 C:/devkitPro/libctru/lib\libctru.a(mappable.o)
                0x001102b4                mappableInit
 .text.mappableAlloc
                0x001102dc       0x80 C:/devkitPro/libctru/lib\libctru.a(mappable.o)
                0x001102dc                mappableAlloc
 .text.mappableFree
                0x0011035c        0x4 C:/devkitPro/libctru/lib\libctru.a(mappable.o)
                0x0011035c                mappableFree
 .text.irrstInit
                0x00110360      0x160 C:/devkitPro/libctru/lib\libctru.a(irrst.o)
                0x00110360                irrstInit
 .text.irrstExit
                0x001104c0       0xcc C:/devkitPro/libctru/lib\libctru.a(irrst.o)
                0x001104c0                irrstExit
 .text.irrstScanInput
                0x0011058c       0xb4 C:/devkitPro/libctru/lib\libctru.a(irrst.o)
                0x0011058c                irrstScanInput
 .text.irrstKeysHeld
                0x00110640       0x24 C:/devkitPro/libctru/lib\libctru.a(irrst.o)
                0x00110640                irrstKeysHeld
 .text.srvPmGetSessionHandle
                0x00110664        0xc C:/devkitPro/libctru/lib\libctru.a(srvpm.o)
                0x00110664                srvPmGetSessionHandle
 .text.rbtree_node_next
                0x00110670       0x5c C:/devkitPro/libctru/lib\libctru.a(rbtree_iterator.o)
                0x00110670                rbtree_node_next
 .text.encode_utf16
                0x001106cc       0x54 C:/devkitPro/libctru/lib\libctru.a(encode_utf16.o)
                0x001106cc                encode_utf16
 .text.encode_utf8
                0x00110720       0xe0 C:/devkitPro/libctru/lib\libctru.a(encode_utf8.o)
                0x00110720                encode_utf8
 .text.decode_utf8
                0x00110800      0x13c C:/devkitPro/libctru/lib\libctru.a(decode_utf8.o)
                0x00110800                decode_utf8
 .text.__appInit
                0x0011093c       0x30 C:/devkitPro/libctru/lib\libctru.a(appInit.o)
                0x0011093c                __appInit
 .text.__syscall_getreent
                0x0011096c       0x30 C:/devkitPro/libctru/lib\libctru.a(syscalls.o)
                0x0011096c                __syscall_getreent
 .text.__syscall_gettod_r
                0x0011099c       0x64 C:/devkitPro/libctru/lib\libctru.a(syscalls.o)
                0x0011099c                __syscall_gettod_r
 .text.__syscall_lock_acquire
                0x00110a00        0x4 C:/devkitPro/libctru/lib\libctru.a(syscalls.o)
                0x00110a00                __syscall_lock_acquire
 .text.__syscall_lock_release
                0x00110a04        0x4 C:/devkitPro/libctru/lib\libctru.a(syscalls.o)
                0x00110a04                __syscall_lock_release
 .text.__syscall_lock_acquire_recursive
                0x00110a08        0x4 C:/devkitPro/libctru/lib\libctru.a(syscalls.o)
                0x00110a08                __syscall_lock_acquire_recursive
 .text.__syscall_lock_release_recursive
                0x00110a0c        0x4 C:/devkitPro/libctru/lib\libctru.a(syscalls.o)
                0x00110a0c                __syscall_lock_release_recursive
 .text.__syscall_exit
                0x00110a10        0x4 C:/devkitPro/libctru/lib\libctru.a(syscalls.o)
                0x00110a10                __syscall_exit
 .text.initThreadVars
                0x00110a14       0x50 C:/devkitPro/libctru/lib\libctru.a(syscalls.o)
                0x00110a14                initThreadVars
 .text.__system_initSyscalls
                0x00110a64       0x80 C:/devkitPro/libctru/lib\libctru.a(syscalls.o)
                0x00110a64                __system_initSyscalls
 .text.__appExit
                0x00110ae4       0x30 C:/devkitPro/libctru/lib\libctru.a(appExit.o)
                0x00110ae4                __appExit
 .text.__libctru_exit
                0x00110b14       0x90 C:/devkitPro/libctru/lib\libctru.a(ctru_exit.o)
                0x00110b14                __libctru_exit
 .text.archive_link
                0x00110ba4       0x14 C:/devkitPro/libctru/lib\libctru.a(archive_dev.o)
 .text.archive_dirreset
                0x00110bb8       0x14 C:/devkitPro/libctru/lib\libctru.a(archive_dev.o)
 .text.archive_chmod
                0x00110bcc       0x14 C:/devkitPro/libctru/lib\libctru.a(archive_dev.o)
 .text.error_cmp
                0x00110be0       0x24 C:/devkitPro/libctru/lib\libctru.a(archive_dev.o)
 .text.archive_translate_error
                0x00110c04       0x50 C:/devkitPro/libctru/lib\libctru.a(archive_dev.o)
 .text.archive_seek
                0x00110c54       0xc4 C:/devkitPro/libctru/lib\libctru.a(archive_dev.o)
 .text._archiveInit.part.0
                0x00110d18       0x78 C:/devkitPro/libctru/lib\libctru.a(archive_dev.o)
 .text.archiveFindDevice.part.0
                0x00110d90       0xc4 C:/devkitPro/libctru/lib\libctru.a(archive_dev.o)
 .text.archive_utf16path
                0x00110e54      0x290 C:/devkitPro/libctru/lib\libctru.a(archive_dev.o)
 .text._archiveUnmountDeviceStruct.part.0
                0x001110e4       0x9c C:/devkitPro/libctru/lib\libctru.a(archive_dev.o)
 .text.archive_statvfs
                0x00111180       0x14 C:/devkitPro/libctru/lib\libctru.a(archive_dev.o)
 .text.archive_fchmod
                0x00111194       0x14 C:/devkitPro/libctru/lib\libctru.a(archive_dev.o)
 .text._archiveMountDevice
                0x001111a8      0x168 C:/devkitPro/libctru/lib\libctru.a(archive_dev.o)
 .text.archive_diropen
                0x00111310       0xe8 C:/devkitPro/libctru/lib\libctru.a(archive_dev.o)
 .text.archive_fstat
                0x001113f8       0xa4 C:/devkitPro/libctru/lib\libctru.a(archive_dev.o)
 .text.archive_fsync
                0x0011149c       0x6c C:/devkitPro/libctru/lib\libctru.a(archive_dev.o)
 .text.archive_close
                0x00111508       0x6c C:/devkitPro/libctru/lib\libctru.a(archive_dev.o)
 .text.archive_dirclose
                0x00111574       0x70 C:/devkitPro/libctru/lib\libctru.a(archive_dev.o)
 .text.sdmc_statvfs
                0x001115e4       0xe4 C:/devkitPro/libctru/lib\libctru.a(archive_dev.o)
 .text.archive_chdir
                0x001116c8       0xec C:/devkitPro/libctru/lib\libctru.a(archive_dev.o)
 .text.archive_ftruncate
                0x001117b4       0x7c C:/devkitPro/libctru/lib\libctru.a(archive_dev.o)
 .text.archive_read
                0x00111830       0xac C:/devkitPro/libctru/lib\libctru.a(archive_dev.o)
 .text.archive_unlink
                0x001118dc       0xa4 C:/devkitPro/libctru/lib\libctru.a(archive_dev.o)
 .text.archive_rmdir
                0x00111980       0xbc C:/devkitPro/libctru/lib\libctru.a(archive_dev.o)
 .text.archive_mkdir
                0x00111a3c       0xdc C:/devkitPro/libctru/lib\libctru.a(archive_dev.o)
 .text.archive_stat
                0x00111b18      0x194 C:/devkitPro/libctru/lib\libctru.a(archive_dev.o)
 .text.archive_dirnext
                0x00111cac      0x15c C:/devkitPro/libctru/lib\libctru.a(archive_dev.o)
 .text.archive_write
                0x00111e08      0x124 C:/devkitPro/libctru/lib\libctru.a(archive_dev.o)
 *fill*         0x00111f2c        0x4 
 .text.archive_open
                0x00111f30      0x210 C:/devkitPro/libctru/lib\libctru.a(archive_dev.o)
 .text.archive_rename
                0x00112140      0x268 C:/devkitPro/libctru/lib\libctru.a(archive_dev.o)
 .text.archiveMountSdmc
                0x001123a8      0x19c C:/devkitPro/libctru/lib\libctru.a(archive_dev.o)
                0x001123a8                archiveMountSdmc
 .text.archiveUnmountAll
                0x00112544       0x54 C:/devkitPro/libctru/lib\libctru.a(archive_dev.o)
                0x00112544                archiveUnmountAll
 .text.sinf     0x00112598      0x25c C:/devkitPro/devkitARM/bin/../lib/gcc/arm-none-eabi/14.2.0/../../../../arm-none-eabi/lib/armv6k/fpu\libm.a(libm_a-sinf.o)
                0x00112598                sinf
 .text.with_errnof
                0x001127f4       0x24 C:/devkitPro/devkitARM/bin/../lib/gcc/arm-none-eabi/14.2.0/../../../../arm-none-eabi/lib/armv6k/fpu\libm.a(libm_a-math_errf.o)
 .text.__math_invalidf
                0x00112818       0x1c C:/devkitPro/devkitARM/bin/../lib/gcc/arm-none-eabi/14.2.0/../../../../arm-none-eabi/lib/armv6k/fpu\libm.a(libm_a-math_errf.o)
                0x00112818                __math_invalidf
 *fill*         0x00112834        0x4 
 .text.cosf     0x00112838      0x21c C:/devkitPro/devkitARM/bin/../lib/gcc/arm-none-eabi/14.2.0/../../../../arm-none-eabi/lib/armv6k/fpu\libm.a(libm_a-cosf.o)
                0x00112838                cosf
 .text.__udivmoddi4
                0x00112a54      0x120 C:/devkitPro/devkitARM/bin/../lib/gcc/arm-none-eabi/14.2.0/armv6k/fpu\libgcc.a(_udivmoddi4.o)
                0x00112a54                __udivmoddi4
 .text.strncmp  0x00112b74       0xd8 C:/devkitPro/devkitARM/bin/../lib/gcc/arm-none-eabi/14.2.0/../../../../arm-none-eabi/lib/armv6k/fpu\libg.a(libc_a-strncmp.o)
                0x00112b74                strncmp
 .text.strchr   0x00112c4c      0x130 C:/devkitPro/devkitARM/bin/../lib/gcc/arm-none-eabi/14.2.0/../../../../arm-none-eabi/lib/armv6k/fpu\libg.a(libc_a-strchr.o)
                0x00112c4c                strchr
 .text.strlen   0x00112d7c       0x5c C:/devkitPro/devkitARM/bin/../lib/gcc/arm-none-eabi/14.2.0/../../../../arm-none-eabi/lib/armv6k/fpu\libg.a(libc_a-strlen-stub.o)
                0x00112d7c                strlen
 .text.memcmp   0x00112dd8       0xd4 C:/devkitPro/devkitARM/bin/../lib/gcc/arm-none-eabi/14.2.0/../../../../arm-none-eabi/lib/armv6k/fpu\libg.a(libc_a-memcmp.o)
                0x00112dd8                memcmp
 .text._strtoul_l.isra.0
                0x00112eac      0x1e4 C:/devkitPro/devkitARM/bin/../lib/gcc/arm-none-eabi/14.2.0/../../../../arm-none-eabi/lib/armv6k/fpu\libg.a(libc_a-strtoul.o)
 .text.strtoul  0x00113090       0x34 C:/devkitPro/devkitARM/bin/../lib/gcc/arm-none-eabi/14.2.0/../../../../arm-none-eabi/lib/armv6k/fpu\libg.a(libc_a-strtoul.o)
                0x00113090                strtoul
 .text.strncat  0x001130c4       0xe4 C:/devkitPro/devkitARM/bin/../lib/gcc/arm-none-eabi/14.2.0/../../../../arm-none-eabi/lib/armv6k/fpu\libg.a(libc_a-strncat.o)
                0x001130c4                strncat
 .text.bsearch  0x001131a8       0x78 C:/devkitPro/devkitARM/bin/../lib/gcc/arm-none-eabi/14.2.0/../../../../arm-none-eabi/lib/armv6k/fpu\libg.a(libc_a-bsearch.o)
                0x001131a8                bsearch
 .text._fread_r
                0x00113220      0x344 C:/devkitPro/devkitARM/bin/../lib/gcc/arm-none-eabi/14.2.0/../../../../arm-none-eabi/lib/armv6k/fpu\libg.a(libc_a-fread.o)
                0x00113220                _fread_r
 .text.fread    0x00113564       0x38 C:/devkitPro/devkitARM/bin/../lib/gcc/arm-none-eabi/14.2.0/../../../../arm-none-eabi/lib/armv6k/fpu\libg.a(libc_a-fread.o)
                0x00113564                fread
 .text.calloc   0x0011359c       0x20 C:/devkitPro/devkitARM/bin/../lib/gcc/arm-none-eabi/14.2.0/../../../../arm-none-eabi/lib/armv6k/fpu\libg.a(libc_a-calloc.o)
                0x0011359c                calloc
 .text.lflush   0x001135bc       0x38 C:/devkitPro/devkitARM/bin/../lib/gcc/arm-none-eabi/14.2.0/../../../../arm-none-eabi/lib/armv6k/fpu\libg.a(libc_a-refill.o)
 .text.__srefill_r
                0x001135f4      0x19c C:/devkitPro/devkitARM/bin/../lib/gcc/arm-none-eabi/14.2.0/../../../../arm-none-eabi/lib/armv6k/fpu\libg.a(libc_a-refill.o)
                0x001135f4                __srefill_r
 .text._fclose_r
                0x00113790      0x148 C:/devkitPro/devkitARM/bin/../lib/gcc/arm-none-eabi/14.2.0/../../../../arm-none-eabi/lib/armv6k/fpu\libg.a(libc_a-fclose.o)
                0x00113790                _fclose_r
 .text.fclose   0x001138d8       0x18 C:/devkitPro/devkitARM/bin/../lib/gcc/arm-none-eabi/14.2.0/../../../../arm-none-eabi/lib/armv6k/fpu\libg.a(libc_a-fclose.o)
                0x001138d8                fclose
 .text._calloc_r
                0x001138f0       0xc0 C:/devkitPro/devkitARM/bin/../lib/gcc/arm-none-eabi/14.2.0/../../../../arm-none-eabi/lib/armv6k/fpu\libg.a(libc_a-callocr.o)
                0x001138f0                _calloc_r
 .text.__smakebuf_r
                0x001139b0      0x144 C:/devkitPro/devkitARM/bin/../lib/gcc/arm-none-eabi/14.2.0/../../../../arm-none-eabi/lib/armv6k/fpu\libg.a(libc_a-makebuf.o)
                0x001139b0                __smakebuf_r
 .text.__swhatbuf_r
                0x00113af4       0x8c C:/devkitPro/devkitARM/bin/../lib/gcc/arm-none-eabi/14.2.0/../../../../arm-none-eabi/lib/armv6k/fpu\libg.a(libc_a-makebuf.o)
                0x00113af4                __swhatbuf_r
 .text.memalign
                0x00113b80       0x20 C:/devkitPro/devkitARM/bin/../lib/gcc/arm-none-eabi/14.2.0/../../../../arm-none-eabi/lib/armv6k/fpu\libg.a(libc_a-malign.o)
                0x00113b80                memalign
 .text.stdio_exit_handler
                0x00113ba0       0x1c C:/devkitPro/devkitARM/bin/../lib/gcc/arm-none-eabi/14.2.0/../../../../arm-none-eabi/lib/armv6k/fpu\libg.a(libc_a-findfp.o)
 .text.cleanup_stdio
                0x00113bbc       0x5c C:/devkitPro/devkitARM/bin/../lib/gcc/arm-none-eabi/14.2.0/../../../../arm-none-eabi/lib/armv6k/fpu\libg.a(libc_a-findfp.o)
 .text.global_stdio_init.part.0
                0x00113c18      0x154 C:/devkitPro/devkitARM/bin/../lib/gcc/arm-none-eabi/14.2.0/../../../../arm-none-eabi/lib/armv6k/fpu\libg.a(libc_a-findfp.o)
 .text.__sfp    0x00113d6c      0x134 C:/devkitPro/devkitARM/bin/../lib/gcc/arm-none-eabi/14.2.0/../../../../arm-none-eabi/lib/armv6k/fpu\libg.a(libc_a-findfp.o)
                0x00113d6c                __sfp
 .text.__sinit  0x00113ea0       0x5c C:/devkitPro/devkitARM/bin/../lib/gcc/arm-none-eabi/14.2.0/../../../../arm-none-eabi/lib/armv6k/fpu\libg.a(libc_a-findfp.o)
                0x00113ea0                __sinit
 .text.__sfp_lock_acquire
                0x00113efc        0xc C:/devkitPro/devkitARM/bin/../lib/gcc/arm-none-eabi/14.2.0/../../../../arm-none-eabi/lib/armv6k/fpu\libg.a(libc_a-findfp.o)
                0x00113efc                __sfp_lock_acquire
 .text.__sfp_lock_release
                0x00113f08        0xc C:/devkitPro/devkitARM/bin/../lib/gcc/arm-none-eabi/14.2.0/../../../../arm-none-eabi/lib/armv6k/fpu\libg.a(libc_a-findfp.o)
                0x00113f08                __sfp_lock_release
 .text._malloc_r
                0x00113f14      0x7e8 C:/devkitPro/devkitARM/bin/../lib/gcc/arm-none-eabi/14.2.0/../../../../arm-none-eabi/lib/armv6k/fpu\libg.a(libc_a-mallocr.o)
                0x00113f14                _malloc_r
 .text._malloc_trim_r
                0x001146fc       0xf8 C:/devkitPro/devkitARM/bin/../lib/gcc/arm-none-eabi/14.2.0/../../../../arm-none-eabi/lib/armv6k/fpu\libg.a(libc_a-freer.o)
                0x001146fc                _malloc_trim_r
 .text._free_r  0x001147f4      0x300 C:/devkitPro/devkitARM/bin/../lib/gcc/arm-none-eabi/14.2.0/../../../../arm-none-eabi/lib/armv6k/fpu\libg.a(libc_a-freer.o)
                0x001147f4                _free_r
 .text.setvbuf  0x00114af4      0x294 C:/devkitPro/devkitARM/bin/../lib/gcc/arm-none-eabi/14.2.0/../../../../arm-none-eabi/lib/armv6k/fpu\libg.a(libc_a-setvbuf.o)
                0x00114af4                setvbuf
 .text.strnlen  0x00114d88       0x4c C:/devkitPro/devkitARM/bin/../lib/gcc/arm-none-eabi/14.2.0/../../../../arm-none-eabi/lib/armv6k/fpu\libg.a(libc_a-strnlen.o)
                0x00114d88                strnlen
 .text.__errno  0x00114dd4        0xc C:/devkitPro/devkitARM/bin/../lib/gcc/arm-none-eabi/14.2.0/../../../../arm-none-eabi/lib/armv6k/fpu\libg.a(libc_a-errno.o)
                0x00114dd4                __errno
 .text.malloc   0x00114de0       0x34 C:/devkitPro/devkitARM/bin/../lib/gcc/arm-none-eabi/14.2.0/../../../../arm-none-eabi/lib/armv6k/fpu\libg.a(libc_a-malloc.o)
                0x00114de0                malloc
 .text.free     0x00114e14       0x18 C:/devkitPro/devkitARM/bin/../lib/gcc/arm-none-eabi/14.2.0/../../../../arm-none-eabi/lib/armv6k/fpu\libg.a(libc_a-malloc.o)
                0x00114e14                free
 .text.memcpy   0x00114e2c      0x130 C:/devkitPro/devkitARM/bin/../lib/gcc/arm-none-eabi/14.2.0/../../../../arm-none-eabi/lib/armv6k/fpu\libg.a(libc_a-memcpy-stub.o)
                0x00114e2c                memcpy
 .text._fopen_r
                0x00114f5c      0x134 C:/devkitPro/devkitARM/bin/../lib/gcc/arm-none-eabi/14.2.0/../../../../arm-none-eabi/lib/armv6k/fpu\libg.a(libc_a-fopen.o)
                0x00114f5c                _fopen_r
 .text.fopen    0x00115090       0x20 C:/devkitPro/devkitARM/bin/../lib/gcc/arm-none-eabi/14.2.0/../../../../arm-none-eabi/lib/armv6k/fpu\libg.a(libc_a-fopen.o)
                0x00115090                fopen
 .text.time     0x001150b0       0x4c C:/devkitPro/devkitARM/bin/../lib/gcc/arm-none-eabi/14.2.0/../../../../arm-none-eabi/lib/armv6k/fpu\libg.a(libc_a-time.o)
                0x001150b0                time
 .text.memset   0x001150fc       0xe8 C:/devkitPro/devkitARM/bin/../lib/gcc/arm-none-eabi/14.2.0/../../../../arm-none-eabi/lib/armv6k/fpu\libg.a(libc_a-memset.o)
                0x001150fc                memset
 .text._fwalk_sglue
                0x001151e4       0x70 C:/devkitPro/devkitARM/bin/../lib/gcc/arm-none-eabi/14.2.0/../../../../arm-none-eabi/lib/armv6k/fpu\libg.a(libc_a-fwalk.o)
                0x001151e4                _fwalk_sglue
 .text.__malloc_lock
                0x00115254        0xc C:/devkitPro/devkitARM/bin/../lib/gcc/arm-none-eabi/14.2.0/../../../../arm-none-eabi/lib/armv6k/fpu\libg.a(libc_a-mlock.o)
                0x00115254                __malloc_lock
 .text.__malloc_unlock
                0x00115260        0xc C:/devkitPro/devkitARM/bin/../lib/gcc/arm-none-eabi/14.2.0/../../../../arm-none-eabi/lib/armv6k/fpu\libg.a(libc_a-mlock.o)
                0x00115260                __malloc_unlock
 .text.__call_exitprocs
                0x0011526c        0x4 C:/devkitPro/devkitARM/bin/../lib/gcc/arm-none-eabi/14.2.0/../../../../arm-none-eabi/lib/armv6k/fpu\libg.a(libc_a-exit.o)
                0x0011526c                __call_exitprocs
 .text.exit     0x00115270       0x30 C:/devkitPro/devkitARM/bin/../lib/gcc/arm-none-eabi/14.2.0/../../../../arm-none-eabi/lib/armv6k/fpu\libg.a(libc_a-exit.o)
                0x00115270                exit
 .text._fseek_r
                0x001152a0       0x1c C:/devkitPro/devkitARM/bin/../lib/gcc/arm-none-eabi/14.2.0/../../../../arm-none-eabi/lib/armv6k/fpu\libg.a(libc_a-fseek.o)
                0x001152a0                _fseek_r
 .text.strncpy  0x001152bc       0xc4 C:/devkitPro/devkitARM/bin/../lib/gcc/arm-none-eabi/14.2.0/../../../../arm-none-eabi/lib/armv6k/fpu\libg.a(libc_a-strncpy.o)
                0x001152bc                strncpy
 .text.__sflags
                0x00115380       0xb4 C:/devkitPro/devkitARM/bin/../lib/gcc/arm-none-eabi/14.2.0/../../../../arm-none-eabi/lib/armv6k/fpu\libg.a(libc_a-flags.o)
                0x00115380                __sflags
 .text.__libc_init_array
                0x00115434       0x84 C:/devkitPro/devkitARM/bin/../lib/gcc/arm-none-eabi/14.2.0/../../../../arm-none-eabi/lib/armv6k/fpu\libg.a(libc_a-init.o)
                0x00115434                __libc_init_array
 .text.__sflush_r
                0x001154b8      0x228 C:/devkitPro/devkitARM/bin/../lib/gcc/arm-none-eabi/14.2.0/../../../../arm-none-eabi/lib/armv6k/fpu\libg.a(libc_a-fflush.o)
                0x001154b8                __sflush_r
 .text._fflush_r
                0x001156e0       0x94 C:/devkitPro/devkitARM/bin/../lib/gcc/arm-none-eabi/14.2.0/../../../../arm-none-eabi/lib/armv6k/fpu\libg.a(libc_a-fflush.o)
                0x001156e0                _fflush_r
 .text._memalign_r
                0x00115774      0x150 C:/devkitPro/devkitARM/bin/../lib/gcc/arm-none-eabi/14.2.0/../../../../arm-none-eabi/lib/armv6k/fpu\libg.a(libc_a-malignr.o)
                0x00115774                _memalign_r
 .text.__libc_fini_array
                0x001158c4       0x3c C:/devkitPro/devkitARM/bin/../lib/gcc/arm-none-eabi/14.2.0/../../../../arm-none-eabi/lib/armv6k/fpu\libg.a(libc_a-fini.o)
                0x001158c4                __libc_fini_array
 .text._fseeko_r
                0x00115900      0x58c C:/devkitPro/devkitARM/bin/../lib/gcc/arm-none-eabi/14.2.0/../../../../arm-none-eabi/lib/armv6k/fpu\libg.a(libc_a-fseeko.o)
                0x00115900                _fseeko_r
 .text.__sread  0x00115e8c       0x44 C:/devkitPro/devkitARM/bin/../lib/gcc/arm-none-eabi/14.2.0/../../../../arm-none-eabi/lib/armv6k/fpu\libg.a(libc_a-stdio.o)
                0x00115e8c                __sread
 .text.__swrite
                0x00115ed0       0x68 C:/devkitPro/devkitARM/bin/../lib/gcc/arm-none-eabi/14.2.0/../../../../arm-none-eabi/lib/armv6k/fpu\libg.a(libc_a-stdio.o)
                0x00115ed0                __swrite
 .text.__sseek  0x00115f38       0x40 C:/devkitPro/devkitARM/bin/../lib/gcc/arm-none-eabi/14.2.0/../../../../arm-none-eabi/lib/armv6k/fpu\libg.a(libc_a-stdio.o)
                0x00115f38                __sseek
 .text.__sclose
                0x00115f78        0x8 C:/devkitPro/devkitARM/bin/../lib/gcc/arm-none-eabi/14.2.0/../../../../arm-none-eabi/lib/armv6k/fpu\libg.a(libc_a-stdio.o)
                0x00115f78                __sclose
 .text._exit    0x00115f80       0x20 C:/devkitPro/devkitARM/bin/../lib/gcc/arm-none-eabi/14.2.0/../../../../arm-none-eabi/lib/armv6k/fpu\libsysbase.a(libsysbase_libsysbase_a-_exit.o)
                0x00115f80                _exit
 .text.chdir    0x00115fa0      0x13c C:/devkitPro/devkitARM/bin/../lib/gcc/arm-none-eabi/14.2.0/../../../../arm-none-eabi/lib/armv6k/fpu\libsysbase.a(libsysbase_libsysbase_a-chdir.o)
                0x00115fa0                chdir
 .text._concatenate_path
                0x001160dc      0x1cc C:/devkitPro/devkitARM/bin/../lib/gcc/arm-none-eabi/14.2.0/../../../../arm-none-eabi/lib/armv6k/fpu\libsysbase.a(libsysbase_libsysbase_a-concatenate.o)
                0x001160dc                _concatenate_path
 .text._fstat_r
                0x001162a8       0x88 C:/devkitPro/devkitARM/bin/../lib/gcc/arm-none-eabi/14.2.0/../../../../arm-none-eabi/lib/armv6k/fpu\libsysbase.a(libsysbase_libsysbase_a-fstat.o)
                0x001162a8                _fstat_r
 .text.__getreent
                0x00116330       0x2c C:/devkitPro/devkitARM/bin/../lib/gcc/arm-none-eabi/14.2.0/../../../../arm-none-eabi/lib/armv6k/fpu\libsysbase.a(libsysbase_libsysbase_a-getreent.o)
                0x00116330                __getreent
 .text._gettimeofday_r
                0x0011635c       0x30 C:/devkitPro/devkitARM/bin/../lib/gcc/arm-none-eabi/14.2.0/../../../../arm-none-eabi/lib/armv6k/fpu\libsysbase.a(libsysbase_libsysbase_a-gettod.o)
                0x0011635c                _gettimeofday_r
 .text.__release_handle
                0x0011638c       0x8c C:/devkitPro/devkitARM/bin/../lib/gcc/arm-none-eabi/14.2.0/../../../../arm-none-eabi/lib/armv6k/fpu\libsysbase.a(libsysbase_libsysbase_a-handle_manager.o)
                0x0011638c                __release_handle
 .text.__alloc_handle
                0x00116418       0xb0 C:/devkitPro/devkitARM/bin/../lib/gcc/arm-none-eabi/14.2.0/../../../../arm-none-eabi/lib/armv6k/fpu\libsysbase.a(libsysbase_libsysbase_a-handle_manager.o)
                0x00116418                __alloc_handle
 .text.__get_handle
                0x001164c8       0x3c C:/devkitPro/devkitARM/bin/../lib/gcc/arm-none-eabi/14.2.0/../../../../arm-none-eabi/lib/armv6k/fpu\libsysbase.a(libsysbase_libsysbase_a-handle_manager.o)
                0x001164c8                __get_handle
 .text._close_r
                0x00116504       0xf4 C:/devkitPro/devkitARM/bin/../lib/gcc/arm-none-eabi/14.2.0/../../../../arm-none-eabi/lib/armv6k/fpu\libsysbase.a(libsysbase_libsysbase_a-handle_manager.o)
                0x00116504                _close_r
 .text.null_write
                0x001165f8        0x8 C:/devkitPro/devkitARM/bin/../lib/gcc/arm-none-eabi/14.2.0/../../../../arm-none-eabi/lib/armv6k/fpu\libsysbase.a(libsysbase_libsysbase_a-iosupport.o)
 .text.setDefaultDevice
                0x00116600       0x18 C:/devkitPro/devkitARM/bin/../lib/gcc/arm-none-eabi/14.2.0/../../../../arm-none-eabi/lib/armv6k/fpu\libsysbase.a(libsysbase_libsysbase_a-iosupport.o)
                0x00116600                setDefaultDevice
 .text.FindDevice
                0x00116618       0xc8 C:/devkitPro/devkitARM/bin/../lib/gcc/arm-none-eabi/14.2.0/../../../../arm-none-eabi/lib/armv6k/fpu\libsysbase.a(libsysbase_libsysbase_a-iosupport.o)
                0x00116618                FindDevice
 .text.RemoveDevice
                0x001166e0       0x28 C:/devkitPro/devkitARM/bin/../lib/gcc/arm-none-eabi/14.2.0/../../../../arm-none-eabi/lib/armv6k/fpu\libsysbase.a(libsysbase_libsysbase_a-iosupport.o)
                0x001166e0                RemoveDevice
 .text.AddDevice
                0x00116708       0x98 C:/devkitPro/devkitARM/bin/../lib/gcc/arm-none-eabi/14.2.0/../../../../arm-none-eabi/lib/armv6k/fpu\libsysbase.a(libsysbase_libsysbase_a-iosupport.o)
                0x00116708                AddDevice
 .text.GetDeviceOpTab
                0x001167a0       0x20 C:/devkitPro/devkitARM/bin/../lib/gcc/arm-none-eabi/14.2.0/../../../../arm-none-eabi/lib/armv6k/fpu\libsysbase.a(libsysbase_libsysbase_a-iosupport.o)
                0x001167a0                GetDeviceOpTab
 .text._isatty_r
                0x001167c0        0x8 C:/devkitPro/devkitARM/bin/../lib/gcc/arm-none-eabi/14.2.0/../../../../arm-none-eabi/lib/armv6k/fpu\libsysbase.a(libsysbase_libsysbase_a-isatty.o)
                0x001167c0                _isatty_r
 .text._lseek_r
                0x001167c8       0x8c C:/devkitPro/devkitARM/bin/../lib/gcc/arm-none-eabi/14.2.0/../../../../arm-none-eabi/lib/armv6k/fpu\libsysbase.a(libsysbase_libsysbase_a-lseek.o)
                0x001167c8                _lseek_r
 .text._open_r  0x00116854       0xbc C:/devkitPro/devkitARM/bin/../lib/gcc/arm-none-eabi/14.2.0/../../../../arm-none-eabi/lib/armv6k/fpu\libsysbase.a(libsysbase_libsysbase_a-open.o)
                0x00116854                _open_r
 .text._read_r  0x00116910       0x88 C:/devkitPro/devkitARM/bin/../lib/gcc/arm-none-eabi/14.2.0/../../../../arm-none-eabi/lib/armv6k/fpu\libsysbase.a(libsysbase_libsysbase_a-read.o)
                0x00116910                _read_r
 .text._sbrk_r  0x00116998       0x78 C:/devkitPro/devkitARM/bin/../lib/gcc/arm-none-eabi/14.2.0/../../../../arm-none-eabi/lib/armv6k/fpu\libsysbase.a(libsysbase_libsysbase_a-sbrk.o)
                0x00116998                _sbrk_r
 .text.__libc_lock_acquire
                0x00116a10       0x1c C:/devkitPro/devkitARM/bin/../lib/gcc/arm-none-eabi/14.2.0/../../../../arm-none-eabi/lib/armv6k/fpu\libsysbase.a(libsysbase_libsysbase_a-syscall_support.o)
                0x00116a10                __libc_lock_acquire
 .text.__libc_lock_release
                0x00116a2c       0x1c C:/devkitPro/devkitARM/bin/../lib/gcc/arm-none-eabi/14.2.0/../../../../arm-none-eabi/lib/armv6k/fpu\libsysbase.a(libsysbase_libsysbase_a-syscall_support.o)
                0x00116a2c                __libc_lock_release
 .text.__libc_lock_acquire_recursive
                0x00116a48       0x1c C:/devkitPro/devkitARM/bin/../lib/gcc/arm-none-eabi/14.2.0/../../../../arm-none-eabi/lib/armv6k/fpu\libsysbase.a(libsysbase_libsysbase_a-syscall_support.o)
                0x00116a48                __libc_lock_acquire_recursive
 .text.__libc_lock_release_recursive
                0x00116a64       0x1c C:/devkitPro/devkitARM/bin/../lib/gcc/arm-none-eabi/14.2.0/../../../../arm-none-eabi/lib/armv6k/fpu\libsysbase.a(libsysbase_libsysbase_a-syscall_support.o)
                0x00116a64                __libc_lock_release_recursive
 .text._write_r
                0x00116a80       0x88 C:/devkitPro/devkitARM/bin/../lib/gcc/arm-none-eabi/14.2.0/../../../../arm-none-eabi/lib/armv6k/fpu\libsysbase.a(libsysbase_libsysbase_a-write.o)
                0x00116a80                _write_r
 .text.strrchr  0x00116b08       0x48 C:/devkitPro/devkitARM/bin/../lib/gcc/arm-none-eabi/14.2.0/../../../../arm-none-eabi/lib/armv6k/fpu\libg.a(libc_a-strrchr.o)
                0x00116b08                strrchr
 *(.glue_7)
 .glue_7        0x00116b50        0x0 linker stubs
 *(.glue_7t)
 .glue_7t       0x00116b50        0x0 linker stubs
 *(.stub)
 *(.gnu.warning)
 *(.gnu.linkonce.t*)
                0x00116b50                        . = ALIGN (0x4)
 *(.fini)
 .fini          0x00116b50        0xc C:/devkitPro/devkitARM/bin/../lib/gcc/arm-none-eabi/14.2.0/armv6k/fpu/crti.o
                0x00116b50                _fini
 .fini          0x00116b5c        0xc C:/devkitPro/devkitARM/bin/../lib/gcc/arm-none-eabi/14.2.0/armv6k/fpu/crtn.o
                0x00116b68                        . = ALIGN (0x4)

.vfp11_veneer   0x00116b68        0x0
 .vfp11_veneer  0x00116b68        0x0 linker stubs

.v4_bx          0x00116b68        0x0
 .v4_bx         0x00116b68        0x0 linker stubs

.iplt           0x00116b68        0x0
 .iplt          0x00116b68        0x0 C:/devkitPro/devkitARM/bin/../lib/gcc/arm-none-eabi/14.2.0/../../../../arm-none-eabi/lib/armv6k/fpu/3dsx_crt0.o
                0x00117000                        . = ALIGN (0x1000)

.rodata         0x00117000      0x750
 *(.rodata)
 .rodata        0x00117000        0xc C:/devkitPro/libctru/lib\libctru.a(romfs_dev.o)
 .rodata        0x0011700c        0xc C:/devkitPro/libctru/lib\libctru.a(archive_dev.o)
 *(.roda)
 *(.rodata.*)
 .rodata.str1.4
                0x00117018       0xec main.o
                                 0x1f (size before relaxing)
 .rodata.C2D_Init.str1.4
                0x00117104       0x10 C:/devkitPro/libctru/lib\libcitro2d.a(base.o)
 .rodata.s_defaultTint.0
                0x00117104        0x8 C:/devkitPro/libctru/lib\libcitro2d.a(base.o)
 .rodata.C2D_SpriteSheetLoad.str1.4
                0x0011710c        0x3 C:/devkitPro/libctru/lib\libcitro2d.a(spritesheet.o)
 .rodata.render2d_shbin
                0x0011710c      0x190 C:/devkitPro/libctru/lib\libcitro2d.a(render2d.shbin.o)
                0x0011710c                render2d_shbin
                0x00117298                render2d_shbin_end
                0x00117298                render2d_shbin_size
 .rodata.depthFmtSizes
                0x0011729c        0x4 C:/devkitPro/libctru/lib\libcitro3d.a(framebuffer.o)
 .rodata.colorFmtSizes
                0x001172a0        0x5 C:/devkitPro/libctru/lib\libcitro3d.a(framebuffer.o)
 *fill*         0x001172a5        0x3 
 .rodata.CSWTCH.11
                0x001172a8       0x10 C:/devkitPro/libctru/lib\libcitro3d.a(proctex.o)
 .rodata.CSWTCH.19
                0x001172b8       0x38 C:/devkitPro/libctru/lib\libcitro3d.a(texture.o)
 .rodata.romfs_dirnext.str1.4
                0x001172f0        0x7 C:/devkitPro/libctru/lib\libctru.a(romfs_dev.o)
 .rodata.romfsMountSelf.str1.4
                0x001172f0       0x19 C:/devkitPro/libctru/lib\libctru.a(romfs_dev.o)
 .rodata.str1.4
                0x001172f0        0x1 C:/devkitPro/libctru/lib\libctru.a(romfs_dev.o)
 .rodata.romFS_devoptab
                0x001172f0       0x80 C:/devkitPro/libctru/lib\libctru.a(romfs_dev.o)
 .rodata.DVLE_GenerateOutmap.part.0
                0x00117370        0x9 C:/devkitPro/libctru/lib\libctru.a(shbin.o)
 .rodata.gspInit.str1.4
                0x00117379        0x9 C:/devkitPro/libctru/lib\libctru.a(gspgpu.o)
 .rodata.mcuHwcInit.str1.4
                0x00117379        0x9 C:/devkitPro/libctru/lib\libctru.a(mcuhwc.o)
 .rodata.aptSendCommand.str1.4
                0x00117379       0x16 C:/devkitPro/libctru/lib\libctru.a(apt.o)
 .rodata.aptEventHandler
                0x00117379        0xb C:/devkitPro/libctru/lib\libctru.a(apt.o)
 .rodata.aptWaitForWakeUp.isra.0
                0x00117384       0x11 C:/devkitPro/libctru/lib\libctru.a(apt.o)
 *fill*         0x00117395        0x3 
 .rodata.morton_y.2
                0x00117398        0x8 C:/devkitPro/libctru/lib\libctru.a(apt.o)
 .rodata.morton_x.3
                0x001173a0        0x8 C:/devkitPro/libctru/lib\libctru.a(apt.o)
 .rodata.s_sleepWakeEvents.4
                0x001173a8        0x8 C:/devkitPro/libctru/lib\libctru.a(apt.o)
 .rodata.hidInit.str1.4
                0x001173b0       0x15 C:/devkitPro/libctru/lib\libctru.a(hid.o)
 .rodata.ptmSysmInit.str1.4
                0x001173b0        0x9 C:/devkitPro/libctru/lib\libctru.a(ptmsysm.o)
 .rodata.fsInit.str1.4
                0x001173b0        0x8 C:/devkitPro/libctru/lib\libctru.a(fs.o)
 .rodata.decompressV
                0x001173b0       0x21 C:/devkitPro/libctru/lib\libctru.a(decompress.o)
 .rodata.__system_initArgv.str1.4
                0x001173d1        0xa C:/devkitPro/libctru/lib\libctru.a(initArgv.o)
 .rodata.srvInit.str1.4
                0x001173d1        0x5 C:/devkitPro/libctru/lib\libctru.a(srv.o)
 .rodata.irrstInit.str1.4
                0x001173d1        0x7 C:/devkitPro/libctru/lib\libctru.a(irrst.o)
 .rodata.archive_utf16path.str1.4
                0x001173d1        0x2 C:/devkitPro/libctru/lib\libctru.a(archive_dev.o)
 .rodata._archiveUnmountDeviceStruct.part.0.str1.4
                0x001173d1        0x2 C:/devkitPro/libctru/lib\libctru.a(archive_dev.o)
 .rodata._archiveMountDevice.str1.4
                0x001173d1        0xc C:/devkitPro/libctru/lib\libctru.a(archive_dev.o)
 .rodata.archiveMountSdmc.str1.4
                0x001173d1        0x5 C:/devkitPro/libctru/lib\libctru.a(archive_dev.o)
 *fill*         0x001173d1        0x3 
 .rodata.error_table
                0x001173d4       0x30 C:/devkitPro/libctru/lib\libctru.a(archive_dev.o)
 .rodata.str1.4
                0x00117404        0x8 C:/devkitPro/libctru/lib\libctru.a(archive_dev.o)
 .rodata.archive_devoptab
                0x00117404       0x80 C:/devkitPro/libctru/lib\libctru.a(archive_dev.o)
 .rodata.__inv_pio4
                0x00117484       0x60 C:/devkitPro/devkitARM/bin/../lib/gcc/arm-none-eabi/14.2.0/../../../../arm-none-eabi/lib/armv6k/fpu\libm.a(libm_a-sincosf_data.o)
                0x00117484                __inv_pio4
 *fill*         0x001174e4        0x4 
 .rodata.__sincosf_table
                0x001174e8       0xe0 C:/devkitPro/devkitARM/bin/../lib/gcc/arm-none-eabi/14.2.0/../../../../arm-none-eabi/lib/armv6k/fpu\libm.a(libm_a-sincosf_data.o)
                0x001174e8                __sincosf_table
 .rodata._ctype_
                0x001175c8      0x101 C:/devkitPro/devkitARM/bin/../lib/gcc/arm-none-eabi/14.2.0/../../../../arm-none-eabi/lib/armv6k/fpu\libg.a(libc_a-ctype_.o)
                0x001175c8                _ctype_
 .rodata.AddDevice.str1.4
                0x001176c9        0x8 C:/devkitPro/devkitARM/bin/../lib/gcc/arm-none-eabi/14.2.0/../../../../arm-none-eabi/lib/armv6k/fpu\libsysbase.a(libsysbase_libsysbase_a-iosupport.o)
 *fill*         0x001176c9        0x3 
 .rodata.dotab_stdnull
                0x001176cc       0x80 C:/devkitPro/devkitARM/bin/../lib/gcc/arm-none-eabi/14.2.0/../../../../arm-none-eabi/lib/armv6k/fpu\libsysbase.a(libsysbase_libsysbase_a-iosupport.o)
                0x001176cc                dotab_stdnull
 *all.rodata*(*)
 *(.gnu.linkonce.r*)
                0x0011774c                        . = ALIGN (0x4)
                0x0011774c                        __tdata_align = .
                0x0011774c        0x4 LONG 0x4 ALIGNOF (.tdata)
                0x00117750                        . = ALIGN (0x4)

.eh_frame       0x00117750        0x0
 .eh_frame      0x00117750        0x0 C:/devkitPro/devkitARM/bin/../lib/gcc/arm-none-eabi/14.2.0/armv6k/fpu/crtbegin.o

.rel.dyn        0x00117750        0x0
 .rel.iplt      0x00117750        0x0 C:/devkitPro/devkitARM/bin/../lib/gcc/arm-none-eabi/14.2.0/../../../../arm-none-eabi/lib/armv6k/fpu/3dsx_crt0.o
 .rel.got       0x00117750        0x0 C:/devkitPro/devkitARM/bin/../lib/gcc/arm-none-eabi/14.2.0/../../../../arm-none-eabi/lib/armv6k/fpu/3dsx_crt0.o

.ARM.extab
 *(.ARM.extab* .gnu.linkonce.armextab.*)
                0x00117750                        __exidx_start = .

.ARM.exidx
 *(.ARM.exidx* .gnu.linkonce.armexidx.*)
                0x00117750                        __exidx_end = .
                0x00118000                        . = ALIGN (0x1000)

.data           0x00118000     0x1a1c
 *(.data)
 *(.data.*)
 .data.framerateCounter
                0x00118000        0x8 C:/devkitPro/libctru/lib\libcitro3d.a(renderqueue.o)
 .data.framerate
                0x00118008        0x4 C:/devkitPro/libctru/lib\libcitro3d.a(renderqueue.o)
 .data.queueLock
                0x0011800c        0x4 C:/devkitPro/libctru/lib\libctru.a(gxqueue.o)
 .data.aptChainloadDeliverArgSize
                0x00118010        0x4 C:/devkitPro/libctru/lib\libctru.a(apt.o)
 .data.kCount   0x00118014        0x4 C:/devkitPro/libctru/lib\libctru.a(hid.o)
 .data.kInterval
                0x00118018        0x4 C:/devkitPro/libctru/lib\libctru.a(hid.o)
 .data.kDelay   0x0011801c        0x4 C:/devkitPro/libctru/lib\libctru.a(hid.o)
 .data.__stacksize__
                0x00118020        0x4 C:/devkitPro/libctru/lib\libctru.a(stack_adjust.o)
                0x00118020                __stacksize__
 .data._impure_ptr
                0x00118024        0x4 C:/devkitPro/devkitARM/bin/../lib/gcc/arm-none-eabi/14.2.0/../../../../arm-none-eabi/lib/armv6k/fpu\libg.a(libc_a-impure.o)
                0x00118024                _impure_ptr
 .data._impure_data
                0x00118028      0x120 C:/devkitPro/devkitARM/bin/../lib/gcc/arm-none-eabi/14.2.0/../../../../arm-none-eabi/lib/armv6k/fpu\libg.a(libc_a-impure.o)
                0x00118028                _impure_data
 .data.__sglue  0x00118148        0xc C:/devkitPro/devkitARM/bin/../lib/gcc/arm-none-eabi/14.2.0/../../../../arm-none-eabi/lib/armv6k/fpu\libg.a(libc_a-findfp.o)
                0x00118148                __sglue
 .data.__malloc_sbrk_base
                0x00118154        0x4 C:/devkitPro/devkitARM/bin/../lib/gcc/arm-none-eabi/14.2.0/../../../../arm-none-eabi/lib/armv6k/fpu\libg.a(libc_a-mallocr.o)
                0x00118154                __malloc_sbrk_base
 .data.__malloc_trim_threshold
                0x00118158        0x4 C:/devkitPro/devkitARM/bin/../lib/gcc/arm-none-eabi/14.2.0/../../../../arm-none-eabi/lib/armv6k/fpu\libg.a(libc_a-mallocr.o)
                0x00118158                __malloc_trim_threshold
 *fill*         0x0011815c        0x4 
 .data.__malloc_av_
                0x00118160      0x408 C:/devkitPro/devkitARM/bin/../lib/gcc/arm-none-eabi/14.2.0/../../../../arm-none-eabi/lib/armv6k/fpu\libg.a(libc_a-mallocr.o)
                0x00118160                __malloc_av_
 .data._current_working_directory
                0x00118568      0x400 C:/devkitPro/devkitARM/bin/../lib/gcc/arm-none-eabi/14.2.0/../../../../arm-none-eabi/lib/armv6k/fpu\libsysbase.a(libsysbase_libsysbase_a-chdir.o)
 .data.handles  0x00118968     0x1000 C:/devkitPro/devkitARM/bin/../lib/gcc/arm-none-eabi/14.2.0/../../../../arm-none-eabi/lib/armv6k/fpu\libsysbase.a(libsysbase_libsysbase_a-handle_manager.o)
 .data.__stderr_handle