Archive member included to satisfy reference by file (symbol)

C:/devkitPro/libctru/lib\libcitro2d.a(base.o)
                              main.o (C2D_Init)
C:/devkitPro/libctru/lib\libcitro2d.a(spritesheet.o)
                              main.o (C2D_SpriteSheetLoad)
C:/devkitPro/libctru/lib\libcitro2d.a(render2d.shbin.o)
                              C:/devkitPro/libctru/lib\libcitro2d.a(base.o) (render2d_shbin)
C:/devkitPro/libctru/lib\libcitro3d.a(attribs.o)
                              C:/devkitPro/libctru/lib\libcitro2d.a(base.o) (AttrInfo_Init)
C:/devkitPro/libctru/lib\libcitro3d.a(base.o)
                              C:/devkitPro/libctru/lib\libcitro3d.a(attribs.o) (__C3D_Context)
C:/devkitPro/libctru/lib\libcitro3d.a(buffers.o)
                              C:/devkitPro/libctru/lib\libcitro2d.a(base.o) (BufInfo_Init)
C:/devkitPro/libctru/lib\libcitro3d.a(drawElements.o)
                              C:/devkitPro/libctru/lib\libcitro2d.a(base.o) (C3D_DrawElements)
C:/devkitPro/libctru/lib\libcitro3d.a(effect.o)
                              C:/devkitPro/libctru/lib\libcitro3d.a(base.o) (C3D_DepthMap)
C:/devkitPro/libctru/lib\libcitro3d.a(framebuffer.o)
                              C:/devkitPro/libctru/lib\libcitro3d.a(base.o) (C3Di_FrameBufBind)
C:/devkitPro/libctru/lib\libcitro3d.a(immediate.o)
                              C:/devkitPro/libctru/lib\libcitro3d.a(base.o) (C3D_ImmSendAttrib)
C:/devkitPro/libctru/lib\libcitro3d.a(proctex.o)
                              C:/devkitPro/libctru/lib\libcitro2d.a(base.o) (C3D_ProcTexInit)
C:/devkitPro/libctru/lib\libcitro3d.a(renderqueue.o)
                              C:/devkitPro/libctru/lib\libcitro3d.a(base.o) (C3Di_RenderQueueEnableVBlank)
C:/devkitPro/libctru/lib\libcitro3d.a(tex3ds.o)
                              C:/devkitPro/libctru/lib\libcitro2d.a(spritesheet.o) (Tex3DS_TextureImport)
C:/devkitPro/libctru/lib\libcitro3d.a(texenv.o)
                              C:/devkitPro/libctru/lib\libcitro2d.a(base.o) (C3D_GetTexEnv)
C:/devkitPro/libctru/lib\libcitro3d.a(texture.o)
                              C:/devkitPro/libctru/lib\libcitro3d.a(tex3ds.o) (C3D_TexInitWithParams)
C:/devkitPro/libctru/lib\libcitro3d.a(uniforms.o)
                              C:/devkitPro/libctru/lib\libcitro3d.a(base.o) (C3D_UpdateUniforms)
C:/devkitPro/libctru/lib\libcitro3d.a(mtx_multiply.o)
                              C:/devkitPro/libctru/lib\libcitro2d.a(base.o) (Mtx_Multiply)
C:/devkitPro/libctru/lib\libcitro3d.a(mtx_ortho.o)
                              C:/devkitPro/libctru/lib\libcitro2d.a(base.o) (Mtx_Ortho)
C:/devkitPro/libctru/lib\libcitro3d.a(mtx_orthotilt.o)
                              C:/devkitPro/libctru/lib\libcitro2d.a(base.o) (Mtx_OrthoTilt)
C:/devkitPro/libctru/lib\libcitro3d.a(mtx_rotatez.o)
                              C:/devkitPro/libctru/lib\libcitro2d.a(base.o) (Mtx_RotateZ)
C:/devkitPro/libctru/lib\libcitro3d.a(mtx_scale.o)
                              C:/devkitPro/libctru/lib\libcitro2d.a(base.o) (Mtx_Scale)
C:/devkitPro/libctru/lib\libcitro3d.a(mtx_translate.o)
                              C:/devkitPro/libctru/lib\libcitro2d.a(base.o) (Mtx_Translate)
C:/devkitPro/libctru/lib\libctru.a(vram.o)
                              C:/devkitPro/libctru/lib\libcitro3d.a(renderqueue.o) (vramAlloc)
C:/devkitPro/libctru/lib\libctru.a(linear.o)
                              C:/devkitPro/libctru/lib\libcitro2d.a(base.o) (linearAlloc)
C:/devkitPro/libctru/lib\libctru.a(mem_pool.o)
                              C:/devkitPro/libctru/lib\libctru.a(vram.o) (MemPool::Allocate(MemChunk&, unsigned long, int))
C:/devkitPro/libctru/lib\libctru.a(romfs_dev.o)
                              main.o (romfsMountSelf)
C:/devkitPro/libctru/lib\libctru.a(os.o)
                              C:/devkitPro/libctru/lib\libcitro3d.a(buffers.o) (osConvertVirtToPhys)
C:/devkitPro/libctru/lib\libctru.a(path_buf.o)
                              C:/devkitPro/libctru/lib\libctru.a(romfs_dev.o) (__ctru_dev_utf16_buf)
C:/devkitPro/libctru/lib\libctru.a(gfx.o)
                              C:/devkitPro/libctru/lib\libcitro2d.a(base.o) (gfxIsWide)
C:/devkitPro/libctru/lib\libctru.a(shaderProgram.o)
                              C:/devkitPro/libctru/lib\libcitro2d.a(base.o) (shaderInstanceGetUniformLocation)
C:/devkitPro/libctru/lib\libctru.a(shbin.o)
                              C:/devkitPro/libctru/lib\libcitro2d.a(base.o) (DVLB_ParseFile)
C:/devkitPro/libctru/lib\libctru.a(gx.o)
                              C:/devkitPro/libctru/lib\libcitro3d.a(renderqueue.o) (GX_BindQueue)
C:/devkitPro/libctru/lib\libctru.a(gxqueue.o)
                              C:/devkitPro/libctru/lib\libcitro3d.a(renderqueue.o) (gxCmdQueueClear)
C:/devkitPro/libctru/lib\libctru.a(gpu.o)
                              C:/devkitPro/libctru/lib\libcitro3d.a(base.o) (gpuCmdBufOffset)
C:/devkitPro/libctru/lib\libctru.a(gspgpu.o)
[...]
Memory Configuration

Name             Origin             Length             Attributes
*default*        0x00000000         0xffffffff

Linker script and memory map

                0x00000000                        __sync_synchronize = __sync_synchronize_dmb
                0x00100000                        PROVIDE (__start__ = 0x100000)
                0x00100000                        . = __start__

.text           0x00100000    0x16fe0
 *(.crt0)
 .crt0          0x00100000       0x94 C:/devkitPro/devkitARM/bin/../lib/gcc/arm-none-eabi/14.2.0/../../../../arm-none-eabi/lib/armv6k/fpu/3dsx_crt0.o
                0x00100000                _start
                0x00100008                __service_ptr
                0x0010000c                __apt_appid
                0x00100010                __heap_size
                0x00100014                __linear_heap_size
                0x00100018                __system_arglist
                0x0010001c                __system_runflags
 *(.init)
 .init          0x00100094        0xc C:/devkitPro/devkitARM/bin/../lib/gcc/arm-none-eabi/14.2.0/armv6k/fpu/crti.o
                0x00100094                _init
 .init          0x001000a0        0xc C:/devkitPro/devkitARM/bin/../lib/gcc/arm-none-eabi/14.2.0/armv6k/fpu/crtn.o
                0x001000ac                        . = ALIGN (0x4)
 *(.text)
 .text          0x001000ac      0x20c C:/devkitPro/devkitARM/bin/../lib/gcc/arm-none-eabi/14.2.0/armv6k/fpu\libgcc.a(_udivsi3.o)
                0x001000ac                __aeabi_uidiv
                0x001000ac                __udivsi3
                0x00100298                __aeabi_uidivmod
 .text          0x001002b8        0x4 C:/devkitPro/devkitARM/bin/../lib/gcc/arm-none-eabi/14.2.0/armv6k/fpu\libgcc.a(_dvmd_tls.o)
                0x001002b8                __aeabi_idiv0
                0x001002b8                __aeabi_ldiv0
 .text          0x001002bc      0x3c0 C:/devkitPro/devkitARM/bin/../lib/gcc/arm-none-eabi/14.2.0/armv6k/fpu\libgcc.a(_arm_addsubdf3.o)
                0x001002bc                __aeabi_drsub
                0x001002c4                __aeabi_dsub
                0x001002c4                __subdf3
                0x001002c8                __aeabi_dadd
                0x001002c8                __adddf3
                0x00100574                __floatunsidf
                0x00100574                __aeabi_ui2d
                0x00100598                __floatsidf
                0x00100598                __aeabi_i2d
                0x001005c0                __aeabi_f2d
                0x001005c0                __extendsfdf2
                0x00100608                __floatundidf
                0x00100608                __aeabi_ul2d
                0x0010061c                __floatdidf
                0x0010061c                __aeabi_l2d
 .text          0x0010067c       0xd4 C:/devkitPro/devkitARM/bin/../lib/gcc/arm-none-eabi/14.2.0/armv6k/fpu\libgcc.a(_aeabi_ldivmod.o)
                0x0010067c                __aeabi_ldivmod
 *fill*         0x00100750       0x10 
 .text          0x00100760      0x390 C:/devkitPro/devkitARM/bin/../lib/gcc/arm-none-eabi/14.2.0/../../../../arm-none-eabi/lib/armv6k/fpu\libg.a(libc_a-strcmp.o)
                0x00100768                strcmp
 *(.text.*)
 .text.__do_global_dtors_aux
                0x00100af0       0x40 C:/devkitPro/devkitARM/bin/../lib/gcc/arm-none-eabi/14.2.0/armv6k/fpu/crtbegin.o
 .text.frame_dummy
                0x00100b30       0x2c C:/devkitPro/devkitARM/bin/../lib/gcc/arm-none-eabi/14.2.0/armv6k/fpu/crtbegin.o
 *fill*         0x00100b5c        0x4 
 .text.initPlayer
                0x00100b60      0x38c game.o
                0x00100b60                initPlayer
 .text.initGround
                0x00100eec       0x98 game.o
                0x00100eec                initGround
 .text.initSun  0x00100f84       0x98 game.o
                0x00100f84                initSun
 .text.initCloud
                0x0010101c       0x98 game.o
                0x0010101c                initCloud
 .text.initGameOver
                0x001010b4       0x98 game.o
                0x001010b4                initGameOver
 .text.initCacti
                0x0010114c      0x3f8 game.o
                0x0010114c                initCacti
 .text.initBird
                0x00101544      0x12c game.o
                0x00101544                initBird
 .text.setSpritePos
                0x00101670       0x30 game.o
                0x00101670                setSpritePos
 .text.moveSprite
                0x001016a0       0x40 game.o
                0x001016a0                moveSprite
 .text.setPlayerPos
                0x001016e0       0x54 game.o
                0x001016e0                setPlayerPos
 .text.renderSprite
                0x00101734       0x6c game.o
                0x00101734                renderSprite
 .text.init     0x001017a0       0x34 main.o
                0x001017a0                init
 .text.close    0x001017d4       0x28 main.o
                0x001017d4                close
 .text.updateGround
                0x001017fc       0xc4 main.o
                0x001017fc                updateGround
 .text.startup.main
                0x001018c0      0x1d0 main.o
                0x001018c0                main
 .text.C2Di_FrameEndHook
                0x00101a90       0x44 C:/devkitPro/libctru/lib\libcitro2d.a(base.o)
 *fill*         0x00101ad4        0x4 
 .text.C2D_Init
                0x00101ad8      0x36c C:/devkitPro/libctru/lib\libcitro2d.a(base.o)
                0x00101ad8                C2D_Init
 .text.C2D_Fini
                0x00101e44       0x4c C:/devkitPro/libctru/lib\libcitro2d.a(base.o)
                0x00101e44                C2D_Fini
 .text.C2D_Prepare
                0x00101e90       0xb8 C:/devkitPro/libctru/lib\libcitro2d.a(base.o)
                0x00101e90                C2D_Prepare
 .text.C2D_Flush
                0x00101f48       0x48 C:/devkitPro/libctru/lib\libcitro2d.a(base.o)
                0x00101f48                C2D_Flush
 .text.C2D_SceneSize
                0x00101f90      0x104 C:/devkitPro/libctru/lib\libcitro2d.a(base.o)
                0x00101f90                C2D_SceneSize
 .text.C2D_CreateScreenTarget
                0x00102094       0x58 C:/devkitPro/libctru/lib\libcitro2d.a(base.o)
                0x00102094                C2D_CreateScreenTarget
 .text.C2D_TargetClear
                0x001020ec       0x64 C:/devkitPro/libctru/lib\libcitro2d.a(base.o)
                0x001020ec                C2D_TargetClear
 .text.C2Di_CalcQuad
                0x00102150      0x13c C:/devkitPro/libctru/lib\libcitro2d.a(base.o)
                0x00102150                C2Di_CalcQuad
 .text.C2Di_AppendQuad
                0x0010228c       0x58 C:/devkitPro/libctru/lib\libcitro2d.a(base.o)
                0x0010228c                C2Di_AppendQuad
 .text.C2Di_Update
                0x001022e4      0x550 C:/devkitPro/libctru/lib\libcitro2d.a(base.o)
                0x001022e4                C2Di_Update
 .text.C2D_DrawImage
                0x00102834      0x2b0 C:/devkitPro/libctru/lib\libcitro2d.a(base.o)
                0x00102834                C2D_DrawImage
 .text.C2D_SpriteSheetLoadFromHandle
                0x00102ae4       0x6c C:/devkitPro/libctru/lib\libcitro2d.a(spritesheet.o)
                0x00102ae4                C2D_SpriteSheetLoadFromHandle
 .text.C2D_SpriteSheetLoad
                0x00102b50       0x48 C:/devkitPro/libctru/lib\libcitro2d.a(spritesheet.o)
                0x00102b50                C2D_SpriteSheetLoad
 .text.C2D_SpriteSheetFree
                0x00102b98       0x28 C:/devkitPro/libctru/lib\libcitro2d.a(spritesheet.o)
                0x00102b98                C2D_SpriteSheetFree
 .text.C2D_SpriteSheetGetImage
                0x00102bc0       0x2c C:/devkitPro/libctru/lib\libcitro2d.a(spritesheet.o)
                0x00102bc0                C2D_SpriteSheetGetImage
 .text.AttrInfo_Init
                0x00102bec       0x28 C:/devkitPro/libctru/lib\libcitro3d.a(attribs.o)
                0x00102bec                AttrInfo_Init
 .text.AttrInfo_AddLoader
                0x00102c14       0x94 C:/devkitPro/libctru/lib\libcitro3d.a(attribs.o)
                0x00102c14                AttrInfo_AddLoader
 .text.C3D_SetAttrInfo
                0x00102ca8       0x54 C:/devkitPro/libctru/lib\libcitro3d.a(attribs.o)
                0x00102ca8                C3D_SetAttrInfo
 .text.C3Di_AttrInfoBind
                0x00102cfc       0x80 C:/devkitPro/libctru/lib\libcitro3d.a(attribs.o)
                0x00102cfc                C3Di_AttrInfoBind
 .text.C3Di_LightEnvUpdate
                0x00102d7c        0x4 C:/devkitPro/libctru/lib\libcitro3d.a(base.o)
                0x00102d7c                C3Di_LightEnvUpdate
 .text.C3Di_LightEnvDirty
                0x00102d80        0x4 C:/devkitPro/libctru/lib\libcitro3d.a(base.o)
                0x00102d80                C3Di_LightEnvDirty
 .text.C3Di_AptEventHook
                0x00102d84       0xb4 C:/devkitPro/libctru/lib\libcitro3d.a(base.o)
 .text.C3Di_GasUpdate
                0x00102e38        0x4 C:/devkitPro/libctru/lib\libcitro3d.a(base.o)
                0x00102e38                C3Di_GasUpdate
 .text.C3D_Init
                0x00102e3c      0x1d0 C:/devkitPro/libctru/lib\libcitro3d.a(base.o)
                0x00102e3c                C3D_Init
 .text.C3D_SetViewport
                0x0010300c       0x98 C:/devkitPro/libctru/lib\libcitro3d.a(base.o)
                0x0010300c                C3D_SetViewport
 .text.C3Di_UpdateContext
                0x001030a4      0x4e8 C:/devkitPro/libctru/lib\libcitro3d.a(base.o)
                0x001030a4                C3Di_UpdateContext
 .text.C3Di_SplitFrame
                0x0010358c       0xe0 C:/devkitPro/libctru/lib\libcitro3d.a(base.o)
                0x0010358c                C3Di_SplitFrame
 .text.C3D_Fini
                0x0010366c       0x44 C:/devkitPro/libctru/lib\libcitro3d.a(base.o)
                0x0010366c                C3D_Fini
 .text.C3D_BindProgram
                0x001036b0      0x194 C:/devkitPro/libctru/lib\libcitro3d.a(base.o)
                0x001036b0                C3D_BindProgram
 .text.BufInfo_Init
                0x00103844       0x24 C:/devkitPro/libctru/lib\libcitro3d.a(buffers.o)
                0x00103844                BufInfo_Init
 .text.BufInfo_Add
                0x00103868       0x80 C:/devkitPro/libctru/lib\libcitro3d.a(buffers.o)
                0x00103868                BufInfo_Add
 .text.C3D_SetBufInfo
                0x001038e8       0x3c C:/devkitPro/libctru/lib\libcitro3d.a(buffers.o)
                0x001038e8                C3D_SetBufInfo
 .text.C3Di_BufInfoBind
                0x00103924       0x48 C:/devkitPro/libctru/lib\libcitro3d.a(buffers.o)
                0x00103924                C3Di_BufInfoBind
 .text.C3D_DrawElements
                0x0010396c      0x21c C:/devkitPro/libctru/lib\libcitro3d.a(drawElements.o)
                0x0010396c                C3D_DrawElements
 .text.C3D_DepthMap
                0x00103b88       0x40 C:/devkitPro/libctru/lib\libcitro3d.a(effect.o)
                0x00103b88                C3D_DepthMap
 .text.C3D_CullFace
                0x00103bc8       0x1c C:/devkitPro/libctru/lib\libcitro3d.a(effect.o)
                0x00103bc8                C3D_CullFace
 .text.C3D_StencilTest
                0x00103be4       0x40 C:/devkitPro/libctru/lib\libcitro3d.a(effect.o)
                0x00103be4                C3D_StencilTest
 .text.C3D_StencilOp
                0x00103c24       0x24 C:/devkitPro/libctru/lib\libcitro3d.a(effect.o)
                0x00103c24                C3D_StencilOp
 .text.C3D_BlendingColor
                0x00103c48       0x1c C:/devkitPro/libctru/lib\libcitro3d.a(effect.o)
                0x00103c48                C3D_BlendingColor
 .text.C3D_EarlyDepthTest
                0x00103c64       0x24 C:/devkitPro/libctru/lib\libcitro3d.a(effect.o)
                0x00103c64                C3D_EarlyDepthTest
 .text.C3D_DepthTest
                0x00103c88       0x2c C:/devkitPro/libctru/lib\libcitro3d.a(effect.o)
                0x00103c88                C3D_DepthTest
 .text.C3D_AlphaTest
                0x00103cb4       0x2c C:/devkitPro/libctru/lib\libcitro3d.a(effect.o)
                0x00103cb4                C3D_AlphaTest
 .text.C3D_AlphaBlend
                0x00103ce0       0x50 C:/devkitPro/libctru/lib\libcitro3d.a(effect.o)
                0x00103ce0                C3D_AlphaBlend
 .text.C3D_FragOpMode
                0x00103d30       0x30 C:/devkitPro/libctru/lib\libcitro3d.a(effect.o)
                0x00103d30                C3D_FragOpMode
 .text.C3D_FragOpShadow
                0x00103d60       0x44 C:/devkitPro/libctru/lib\libcitro3d.a(effect.o)
                0x00103d60                C3D_FragOpShadow
 .text.C3Di_EffectBind
                0x00103da4      0x1ac C:/devkitPro/libctru/lib\libcitro3d.a(effect.o)
                0x00103da4                C3Di_EffectBind
 .text.C3D_CalcColorBufSize
                0x00103f50       0x1c C:/devkitPro/libctru/lib\libcitro3d.a(framebuffer.o)
                0x00103f50                C3D_CalcColorBufSize
 .text.C3D_CalcDepthBufSize
                0x00103f6c       0x1c C:/devkitPro/libctru/lib\libcitro3d.a(framebuffer.o)
                0x00103f6c                C3D_CalcDepthBufSize
 .text.C3D_SetFrameBuf
                0x00103f88       0x44 C:/devkitPro/libctru/lib\libcitro3d.a(framebuffer.o)
                0x00103f88                C3D_SetFrameBuf
 .text.C3Di_FrameBufBind
                0x00103fcc      0x16c C:/devkitPro/libctru/lib\libcitro3d.a(framebuffer.o)
                0x00103fcc                C3Di_FrameBufBind
 .text.C3D_FrameBufClear
                0x00104138       0xc8 C:/devkitPro/libctru/lib\libcitro3d.a(framebuffer.o)
                0x00104138                C3D_FrameBufClear
 .text.C3D_FrameBufTransfer
                0x00104200       0x44 C:/devkitPro/libctru/lib\libcitro3d.a(framebuffer.o)
                0x00104200                C3D_FrameBufTransfer
 .text.C3D_ImmSendAttrib
                0x00104244       0xa8 C:/devkitPro/libctru/lib\libcitro3d.a(immediate.o)
                0x00104244                C3D_ImmSendAttrib
 .text.C3D_ProcTexInit
                0x001042ec       0x70 C:/devkitPro/libctru/lib\libcitro3d.a(proctex.o)
                0x001042ec                C3D_ProcTexInit
 .text.C3D_ProcTexBind
                0x0010435c       0x54 C:/devkitPro/libctru/lib\libcitro3d.a(proctex.o)
                0x0010435c                C3D_ProcTexBind
 .text.C3D_ProcTexLutBind
                0x001043b0       0x5c C:/devkitPro/libctru/lib\libcitro3d.a(proctex.o)
                0x001043b0                C3D_ProcTexLutBind
 .text.ProcTexLut_FromArray
                0x0010440c       0xa4 C:/devkitPro/libctru/lib\libcitro3d.a(proctex.o)
                0x0010440c                ProcTexLut_FromArray
 .text.C3Di_ProcTexUpdate
                0x001044b0      0x178 C:/devkitPro/libctru/lib\libcitro3d.a(proctex.o)
                0x001044b0                C3Di_ProcTexUpdate
 .text.C3Di_ProcTexDirty
                0x00104628       0x68 C:/devkitPro/libctru/lib\libcitro3d.a(proctex.o)
                0x00104628                C3Di_ProcTexDirty
 .text.onVBlank0
                0x00104690       0x4c C:/devkitPro/libctru/lib\libcitro3d.a(renderqueue.o)
 .text.onVBlank1
                0x001046dc       0x4c C:/devkitPro/libctru/lib\libcitro3d.a(renderqueue.o)
 .text.C3Di_RenderTargetDestroy
                0x00104728       0x80 C:/devkitPro/libctru/lib\libcitro3d.a(renderqueue.o)
 .text.onQueueFinish
                0x001047a8       0xf4 C:/devkitPro/libctru/lib\libcitro3d.a(renderqueue.o)
 .text.C3Di_RenderQueueEnableVBlank
                0x0010489c       0x38 C:/devkitPro/libctru/lib\libcitro3d.a(renderqueue.o)
                0x0010489c                C3Di_RenderQueueEnableVBlank
 .text.C3Di_RenderQueueDisableVBlank
                0x001048d4       0x30 C:/devkitPro/libctru/lib\libcitro3d.a(renderqueue.o)
                0x001048d4                C3Di_RenderQueueDisableVBlank
 .text.C3Di_RenderQueueInit
                0x00104904       0x60 C:/devkitPro/libctru/lib\libcitro3d.a(renderqueue.o)
                0x00104904                C3Di_RenderQueueInit
 .text.C3Di_RenderQueueExit
                0x00104964       0xb4 C:/devkitPro/libctru/lib\libcitro3d.a(renderqueue.o)
                0x00104964                C3Di_RenderQueueExit
 .text.C3Di_RenderQueueWaitDone
                0x00104a18       0x34 C:/devkitPro/libctru/lib\libcitro3d.a(renderqueue.o)
                0x00104a18                C3Di_RenderQueueWaitDone
 .text.C3D_FrameBegin
                0x00104a4c       0xe8 C:/devkitPro/libctru/lib\libcitro3d.a(renderqueue.o)
                0x00104a4c                C3D_FrameBegin
 .text.C3D_FrameDrawOn
                0x00104b34       0x48 C:/devkitPro/libctru/lib\libcitro3d.a(renderqueue.o)
                0x00104b34                C3D_FrameDrawOn
 .text.C3D_FrameSplit
                0x00104b7c       0x58 C:/devkitPro/libctru/lib\libcitro3d.a(renderqueue.o)
                0x00104b7c                C3D_FrameSplit
 .text.C3D_FrameEnd
                0x00104bd4      0x1d0 C:/devkitPro/libctru/lib\libcitro3d.a(renderqueue.o)
                0x00104bd4                C3D_FrameEnd
 .text.C3D_FrameEndHook
                0x00104da4       0x1c C:/devkitPro/libctru/lib\libcitro3d.a(renderqueue.o)
                0x00104da4                C3D_FrameEndHook
 .text.C3D_RenderTargetCreate
                0x00104dc0      0x170 C:/devkitPro/libctru/lib\libcitro3d.a(renderqueue.o)
                0x00104dc0                C3D_RenderTargetCreate
 .text.C3D_RenderTargetSetOutput
                0x00104f30       0xa8 C:/devkitPro/libctru/lib\libcitro3d.a(renderqueue.o)
                0x00104f30                C3D_RenderTargetSetOutput
 .text.C3D_SyncTextureCopy
                0x00104fd8       0xfc C:/devkitPro/libctru/lib\libcitro3d.a(renderqueue.o)
                0x00104fd8                C3D_SyncTextureCopy
 .text.Tex3DSi_ImportCommon
                0x001050d4      0x3d8 C:/devkitPro/libctru/lib\libcitro3d.a(tex3ds.o)
 .text.Tex3DS_TextureImportStdio
                0x001054ac       0x38 C:/devkitPro/libctru/lib\libcitro3d.a(tex3ds.o)
                0x001054ac                Tex3DS_TextureImportStdio
 .text.Tex3DS_GetSubTexture
                0x001054e4       0x1c C:/devkitPro/libctru/lib\libcitro3d.a(tex3ds.o)
                0x001054e4                Tex3DS_GetSubTexture
 .text.Tex3DS_TextureFree
                0x00105500        0x4 C:/devkitPro/libctru/lib\libcitro3d.a(tex3ds.o)
                0x00105500                Tex3DS_TextureFree
 .text.C3D_GetTexEnv
                0x00105504       0x34 C:/devkitPro/libctru/lib\libcitro3d.a(texenv.o)
                0x00105504                C3D_GetTexEnv
 .text.C3Di_TexEnvBind
                0x00105538       0x24 C:/devkitPro/libctru/lib\libcitro3d.a(texenv.o)
                0x00105538                C3Di_TexEnvBind
 .text.C3D_TexInitWithParams
                0x0010555c      0x290 C:/devkitPro/libctru/lib\libcitro3d.a(texture.o)
                0x0010555c                C3D_TexInitWithParams
 .text.C3D_TexLoadImage
                0x001057ec       0xc8 C:/devkitPro/libctru/lib\libcitro3d.a(texture.o)
                0x001057ec                C3D_TexLoadImage
 .text.C3D_TexBind
                0x001058b4       0x44 C:/devkitPro/libctru/lib\libcitro3d.a(texture.o)
                0x001058b4                C3D_TexBind
 .text.C3D_TexDelete
                0x001058f8       0x74 C:/devkitPro/libctru/lib\libcitro3d.a(texture.o)
                0x001058f8                C3D_TexDelete
 .text.C3Di_SetTex
                0x0010596c      0x14c C:/devkitPro/libctru/lib\libcitro3d.a(texture.o)
                0x0010596c                C3Di_SetTex
 .text.C3D_UpdateUniforms
                0x00105ab8      0x290 C:/devkitPro/libctru/lib\libcitro3d.a(uniforms.o)
                0x00105ab8                C3D_UpdateUniforms
 .text.C3Di_DirtyUniforms
                0x00105d48       0xc0 C:/devkitPro/libctru/lib\libcitro3d.a(uniforms.o)
                0x00105d48                C3Di_DirtyUniforms
 .text.C3Di_LoadShaderUniforms
                0x00105e08       0xd8 C:/devkitPro/libctru/lib\libcitro3d.a(uniforms.o)
                0x00105e08                C3Di_LoadShaderUniforms
 .text.C3Di_ClearShaderUniforms
                0x00105ee0       0x28 C:/devkitPro/libctru/lib\libcitro3d.a(uniforms.o)
                0x00105ee0                C3Di_ClearShaderUniforms
 .text.Mtx_Ortho
                0x00105f08       0xcc C:/devkitPro/libctru/lib\libcitro3d.a(mtx_ortho.o)
                0x00105f08                Mtx_Ortho
 .text.Mtx_OrthoTilt
                0x00105fd4       0xcc C:/devkitPro/libctru/lib\libcitro3d.a(mtx_orthotilt.o)
                0x00105fd4                Mtx_OrthoTilt
 .text._ZL21addrMapNodeComparatorPK11rbtree_nodeS1_
                0x001060a0       0x24 C:/devkitPro/libctru/lib\libctru.a(vram.o)
 .text._ZL21addrMapNodeDestructorP11rbtree_node
                0x001060c4        0x4 C:/devkitPro/libctru/lib\libctru.a(vram.o)
 .text.vramMemAlignAt
                0x001060c8      0x244 C:/devkitPro/libctru/lib\libctru.a(vram.o)
                0x001060c8                vramMemAlignAt
 .text.vramAlloc
                0x0010630c        0xc C:/devkitPro/libctru/lib\libctru.a(vram.o)
                0x0010630c                vramAlloc
 .text.vramAllocAt
                0x00106318        0xc C:/devkitPro/libctru/lib\libctru.a(vram.o)
                0x00106318                vramAllocAt
 .text.vramFree
                0x00106324       0x90 C:/devkitPro/libctru/lib\libctru.a(vram.o)
                0x00106324                vramFree
 .text._ZL21addrMapNodeComparatorPK11rbtree_nodeS1_
                0x001063b4       0x24 C:/devkitPro/libctru/lib\libctru.a(linear.o)
 .text._ZL21addrMapNodeDestructorP11rbtree_node
                0x001063d8        0x4 C:/devkitPro/libctru/lib\libctru.a(linear.o)
 .text.linearMemAlign
                0x001063dc      0x120 C:/devkitPro/libctru/lib\libctru.a(linear.o)
                0x001063dc                linearMemAlign
 .text.linearAlloc
                0x001064fc        0x8 C:/devkitPro/libctru/lib\libctru.a(linear.o)
                0x001064fc                linearAlloc
 .text.linearFree
                0x00106504       0x5c C:/devkitPro/libctru/lib\libctru.a(linear.o)
                0x00106504                linearFree
 .text._ZN7MemPool13CoalesceRightEP8MemBlock
                0x00106560       0x84 C:/devkitPro/libctru/lib\libctru.a(mem_pool.o)
                0x00106560                MemPool::CoalesceRight(MemBlock*)
 .text._ZN7MemPool8AllocateER8MemChunkmi
                0x001065e4      0x150 C:/devkitPro/libctru/lib\libctru.a(mem_pool.o)
                0x001065e4                MemPool::Allocate(MemChunk&, unsigned long, int)
 .text._ZN7MemPool10DeallocateERK8MemChunk
                0x00106734       0xfc C:/devkitPro/libctru/lib\libctru.a(mem_pool.o)
                0x00106734                MemPool::Deallocate(MemChunk const&)
 .text._ZN7MemPool12GetFreeSpaceEv
                0x00106830       0x30 C:/devkitPro/libctru/lib\libctru.a(mem_pool.o)
                0x00106830                MemPool::GetFreeSpace()
 .text.romfs_close
                0x00106860        0x8 C:/devkitPro/libctru/lib\libctru.a(romfs_dev.o)
 .text.romfs_seek
                0x00106868       0xc4 C:/devkitPro/libctru/lib\libctru.a(romfs_dev.o)
 .text.romfs_dirreset
                0x0010692c       0x24 C:/devkitPro/libctru/lib\libctru.a(romfs_dev.o)
 .text.fill_dir
                0x00106950       0xc8 C:/devkitPro/libctru/lib\libctru.a(romfs_dev.o)
 .text.romfs_dirnext
                0x00106a18      0x2a8 C:/devkitPro/libctru/lib\libctru.a(romfs_dev.o)
 .text.romfs_free
                0x00106cc0       0x74 C:/devkitPro/libctru/lib\libctru.a(romfs_dev.o)
 .text.searchForFile.constprop.0
                0x00106d34       0xd4 C:/devkitPro/libctru/lib\libctru.a(romfs_dev.o)
 .text.searchForDir.constprop.0
                0x00106e08       0xd8 C:/devkitPro/libctru/lib\libctru.a(romfs_dev.o)
 .text.navigateToDir.constprop.0
                0x00106ee0      0x1c0 C:/devkitPro/libctru/lib\libctru.a(romfs_dev.o)
 .text.romfs_open
                0x001070a0      0x10c C:/devkitPro/libctru/lib\libctru.a(romfs_dev.o)
 .text.romfs_chdir
                0x001071ac       0x4c C:/devkitPro/libctru/lib\libctru.a(romfs_dev.o)
 .text.romfs_diropen
                0x001071f8       0x70 C:/devkitPro/libctru/lib\libctru.a(romfs_dev.o)
 .text.romfs_stat
                0x00107268      0x174 C:/devkitPro/libctru/lib\libctru.a(romfs_dev.o)
 .text.romfs_dirclose
                0x001073dc        0x8 C:/devkitPro/libctru/lib\libctru.a(romfs_dev.o)
 *fill*         0x001073e4        0x4 
 .text.romfs_fstat
                0x001073e8       0x84 C:/devkitPro/libctru/lib\libctru.a(romfs_dev.o)
 .text.romfs_read
                0x0010746c       0xd0 C:/devkitPro/libctru/lib\libctru.a(romfs_dev.o)
 .text.romfsMountFromFile
                0x0010753c      0x28c C:/devkitPro/libctru/lib\libctru.a(romfs_dev.o)
                0x0010753c                romfsMountFromFile
 .text.romfsMountFromCurrentProcess
                0x001077c8       0x98 C:/devkitPro/libctru/lib\libctru.a(romfs_dev.o)
                0x001077c8                romfsMountFromCurrentProcess
 .text.romfsMountSelf
                0x00107860      0x260 C:/devkitPro/libctru/lib\libctru.a(romfs_dev.o)
                0x00107860                romfsMountSelf
 .text.romfsUnmount
                0x00107ac0       0xa4 C:/devkitPro/libctru/lib\libctru.a(romfs_dev.o)
                0x00107ac0                romfsUnmount
 .text.osConvertVirtToPhys
                0x00107b64       0x74 C:/devkitPro/libctru/lib\libctru.a(os.o)
                0x00107b64                osConvertVirtToPhys
 .text.osGetTimeRef
                0x00107bd8       0x54 C:/devkitPro/libctru/lib\libctru.a(os.o)
                0x00107bd8                osGetTimeRef
 .text.osGetTime
                0x00107c2c       0xec C:/devkitPro/libctru/lib\libctru.a(os.o)
                0x00107c2c                osGetTime
 .text.__ctru_speedup_config
                0x00107d18       0x34 C:/devkitPro/libctru/lib\libctru.a(os.o)
                0x00107d18                __ctru_speedup_config
 .text.gfxPresentFramebuffer
                0x00107d4c       0xd0 C:/devkitPro/libctru/lib\libctru.a(gfx.o)
 .text.gfxIsWide
                0x00107e1c       0x1c C:/devkitPro/libctru/lib\libctru.a(gfx.o)
                0x00107e1c                gfxIsWide
 .text.gfxSetScreenFormat
                0x00107e38       0xec C:/devkitPro/libctru/lib\libctru.a(gfx.o)
                0x00107e38                gfxSetScreenFormat
 .text.gfxInit  0x00107f24       0xd8 C:/devkitPro/libctru/lib\libctru.a(gfx.o)
                0x00107f24                gfxInit
 .text.gfxInitDefault
                0x00107ffc       0x10 C:/devkitPro/libctru/lib\libctru.a(gfx.o)
                0x00107ffc                gfxInitDefault
 .text.gfxExit  0x0010800c       0xb4 C:/devkitPro/libctru/lib\libctru.a(gfx.o)
                0x0010800c                gfxExit
 .text.gfxGetFramebuffer
                0x001080c0       0xa0 C:/devkitPro/libctru/lib\libctru.a(gfx.o)
                0x001080c0                gfxGetFramebuffer
 .text.gfxScreenSwapBuffers
                0x00108160       0x30 C:/devkitPro/libctru/lib\libctru.a(gfx.o)
                0x00108160                gfxScreenSwapBuffers
 .text.shaderInstanceInit
                0x00108190      0x1d0 C:/devkitPro/libctru/lib\libctru.a(shaderProgram.o)
                0x00108190                shaderInstanceInit
 .text.shaderInstanceGetUniformLocation
                0x00108360       0x18 C:/devkitPro/libctru/lib\libctru.a(shaderProgram.o)
                0x00108360                shaderInstanceGetUniformLocation
 .text.shaderProgramInit
                0x00108378       0x1c C:/devkitPro/libctru/lib\libctru.a(shaderProgram.o)
                0x00108378                shaderProgramInit
 .text.shaderProgramFree
                0x00108394       0x64 C:/devkitPro/libctru/lib\libctru.a(shaderProgram.o)
                0x00108394                shaderProgramFree
 .text.shaderProgramSetVsh
                0x001083f8       0x80 C:/devkitPro/libctru/lib\libctru.a(shaderProgram.o)
                0x001083f8                shaderProgramSetVsh
 .text.shaderProgramConfigure
                0x00108478      0x8d0 C:/devkitPro/libctru/lib\libctru.a(shaderProgram.o)
                0x00108478                shaderProgramConfigure
 .text.DVLE_GenerateOutmap.part.0
                0x00108d48      0x1dc C:/devkitPro/libctru/lib\libctru.a(shbin.o)
 .text.DVLB_ParseFile
                0x00108f24      0x1b0 C:/devkitPro/libctru/lib\libctru.a(shbin.o)
                0x00108f24                DVLB_ParseFile
 .text.DVLB_Free
                0x001090d4       0x38 C:/devkitPro/libctru/lib\libctru.a(shbin.o)
                0x001090d4                DVLB_Free
 .text.DVLE_GetUniformRegister
                0x0010910c       0x74 C:/devkitPro/libctru/lib\libctru.a(shbin.o)
                0x0010910c                DVLE_GetUniformRegister
 .text.GX_BindQueue
                0x00109180       0x10 C:/devkitPro/libctru/lib\libctru.a(gx.o)
                0x00109180                GX_BindQueue
 .text.GX_ProcessCommandList
                0x00109190       0x78 C:/devkitPro/libctru/lib\libctru.a(gx.o)
                0x00109190                GX_ProcessCommandList
 .text.GX_MemoryFill
                0x00109208       0x74 C:/devkitPro/libctru/lib\libctru.a(gx.o)
                0x00109208                GX_MemoryFill
 .text.GX_DisplayTransfer
                0x0010927c       0x70 C:/devkitPro/libctru/lib\libctru.a(gx.o)
                0x0010927c                GX_DisplayTransfer
 .text.GX_TextureCopy
                0x001092ec       0x74 C:/devkitPro/libctru/lib\libctru.a(gx.o)
                0x001092ec                GX_TextureCopy
 .text.gxCmdQueueDoCommands.part.0
                0x00109360       0x68 C:/devkitPro/libctru/lib\libctru.a(gxqueue.o)
 .text.gxCmdQueueInterrupt
                0x001093c8       0xc8 C:/devkitPro/libctru/lib\libctru.a(gxqueue.o)
                0x001093c8                gxCmdQueueInterrupt
 .text.gxCmdQueueClear
                0x00109490       0x4c C:/devkitPro/libctru/lib\libctru.a(gxqueue.o)
                0x00109490                gxCmdQueueClear
 .text.gxCmdQueueAdd
                0x001094dc       0xf8 C:/devkitPro/libctru/lib\libctru.a(gxqueue.o)
                0x001094dc                gxCmdQueueAdd
 .text.gxCmdQueueRun
                0x001095d4       0x80 C:/devkitPro/libctru/lib\libctru.a(gxqueue.o)
                0x001095d4                gxCmdQueueRun
 .text.gxCmdQueueStop
                0x00109654       0x60 C:/devkitPro/libctru/lib\libctru.a(gxqueue.o)
                0x00109654                gxCmdQueueStop
 .text.gxCmdQueueWait
                0x001096b4       0x8c C:/devkitPro/libctru/lib\libctru.a(gxqueue.o)
                0x001096b4                gxCmdQueueWait
 .text.GPUCMD_Add
                0x00109740      0x13c C:/devkitPro/libctru/lib\libctru.a(gpu.o)
                0x00109740                GPUCMD_Add
 .text.GPUCMD_Split
                0x0010987c       0xb0 C:/devkitPro/libctru/lib\libctru.a(gpu.o)
                0x0010987c                GPUCMD_Split
 .text.f32tof16
                0x0010992c       0x34 C:/devkitPro/libctru/lib\libctru.a(gpu.o)
                0x0010992c                f32tof16
 .text.f32tof24
                0x00109960       0x34 C:/devkitPro/libctru/lib\libctru.a(gpu.o)
                0x00109960                f32tof24
 .text.f32tof31
                0x00109994       0x38 C:/devkitPro/libctru/lib\libctru.a(gpu.o)
                0x00109994                f32tof31
 .text.gspHardwareInit
                0x001099cc      0xc70 C:/devkitPro/libctru/lib\libctru.a(gspgpu.o)
 .text.gspInit  0x0010a63c      0x248 C:/devkitPro/libctru/lib\libctru.a(gspgpu.o)
                0x0010a63c                gspInit
 .text.gspExit  0x0010a884       0xe4 C:/devkitPro/libctru/lib\libctru.a(gspgpu.o)
                0x0010a884                gspExit
 .text.gspHasGpuRight
                0x0010a968       0x10 C:/devkitPro/libctru/lib\libctru.a(gspgpu.o)
                0x0010a968                gspHasGpuRight
 .text.gspPresentBuffer
                0x0010a978       0xa0 C:/devkitPro/libctru/lib\libctru.a(gspgpu.o)
                0x0010a978                gspPresentBuffer
 .text.gspSetEventCallback
                0x0010aa18       0x30 C:/devkitPro/libctru/lib\libctru.a(gspgpu.o)
                0x0010aa18                gspSetEventCallback
 .text.gspWaitForEvent
                0x0010aa48       0x44 C:/devkitPro/libctru/lib\libctru.a(gspgpu.o)
                0x0010aa48                gspWaitForEvent
 .text.gspWaitForAnyEvent
                0x0010aa8c       0x4c C:/devkitPro/libctru/lib\libctru.a(gspgpu.o)
                0x0010aa8c                gspWaitForAnyEvent
 .text.gspEventThreadMain
                0x0010aad8      0x160 C:/devkitPro/libctru/lib\libctru.a(gspgpu.o)
 .text.gspSubmitGxCommand
                0x0010ac38      0x130 C:/devkitPro/libctru/lib\libctru.a(gspgpu.o)
                0x0010ac38                gspSubmitGxCommand
 .text.GSPGPU_FlushDataCache
                0x0010ad68       0x50 C:/devkitPro/libctru/lib\libctru.a(gspgpu.o)
                0x0010ad68                GSPGPU_FlushDataCache
 .text.GSPGPU_SetLcdForceBlack
                0x0010adb8       0x34 C:/devkitPro/libctru/lib\libctru.a(gspgpu.o)
                0x0010adb8                GSPGPU_SetLcdForceBlack
 .text.GSPGPU_AcquireRight
                0x0010adec       0x68 C:/devkitPro/libctru/lib\libctru.a(gspgpu.o)
                0x0010adec                GSPGPU_AcquireRight
 .text.GSPGPU_ReleaseRight
                0x0010ae54       0x48 C:/devkitPro/libctru/lib\libctru.a(gspgpu.o)
                0x0010ae54                GSPGPU_ReleaseRight
 .text.GSPGPU_ImportDisplayCaptureInfo
                0x0010ae9c       0x7c C:/devkitPro/libctru/lib\libctru.a(gspgpu.o)
                0x0010ae9c                GSPGPU_ImportDisplayCaptureInfo
 .text.GSPGPU_SaveVramSysArea
                0x0010af18       0x2c C:/devkitPro/libctru/lib\libctru.a(gspgpu.o)
                0x0010af18                GSPGPU_SaveVramSysArea
 .text.GSPGPU_RestoreVramSysArea
                0x0010af44       0x2c C:/devkitPro/libctru/lib\libctru.a(gspgpu.o)
                0x0010af44                GSPGPU_RestoreVramSysArea
 .text.mcuHwcInit
                0x0010af70       0x74 C:/devkitPro/libctru/lib\libctru.a(mcuhwc.o)
                0x0010af70                mcuHwcInit
 .text.mcuHwcExit
                0x0010afe4       0x3c C:/devkitPro/libctru/lib\libctru.a(mcuhwc.o)
                0x0010afe4                mcuHwcExit
 .text.aptConvertScreenForCapture
                0x0010b020      0x1b0 C:/devkitPro/libctru/lib\libctru.a(apt.o)
 .text.aptDspSleep
                0x0010b1d0        0x8 C:/devkitPro/libctru/lib\libctru.a(apt.o)
                0x0010b1d0                aptDspSleep
 .text.aptDspWakeup
                0x0010b1d8        0x4 C:/devkitPro/libctru/lib\libctru.a(apt.o)
                0x0010b1d8                aptDspWakeup
 .text.aptDspCancel
                0x0010b1dc        0x4 C:/devkitPro/libctru/lib\libctru.a(apt.o)
                0x0010b1dc                aptDspCancel
 .text.aptSendCommand
                0x0010b1e0      0x158 C:/devkitPro/libctru/lib\libctru.a(apt.o)
                0x0010b1e0                aptSendCommand
 .text.aptExitProcess
                0x0010b338       0x44 C:/devkitPro/libctru/lib\libctru.a(apt.o)
 .text.aptExit  0x0010b37c      0x380 C:/devkitPro/libctru/lib\libctru.a(apt.o)
                0x0010b37c                aptExit
 .text.aptHandleSleep
                0x0010b6fc       0xd8 C:/devkitPro/libctru/lib\libctru.a(apt.o)
                0x0010b6fc                aptHandleSleep
 .text.aptHook  0x0010b7d4       0x30 C:/devkitPro/libctru/lib\libctru.a(apt.o)
                0x0010b7d4                aptHook
 .text.aptUnhook
                0x0010b804       0x30 C:/devkitPro/libctru/lib\libctru.a(apt.o)
                0x0010b804                aptUnhook
 .text.APT_SleepIfShellClosed
                0x0010b834       0x84 C:/devkitPro/libctru/lib\libctru.a(apt.o)
                0x0010b834                APT_SleepIfShellClosed
 .text.aptSetSleepAllowed
                0x0010b8b8       0x78 C:/devkitPro/libctru/lib\libctru.a(apt.o)
                0x0010b8b8                aptSetSleepAllowed
 .text.APT_UnlockTransition
                0x0010b930       0x84 C:/devkitPro/libctru/lib\libctru.a(apt.o)
                0x0010b930                APT_UnlockTransition
 *fill*         0x0010b9b4        0x4 
 .text.aptEventHandler
                0x0010b9b8      0x478 C:/devkitPro/libctru/lib\libctru.a(apt.o)
 .text.APT_ReceiveParameter
                0x0010be30       0xb0 C:/devkitPro/libctru/lib\libctru.a(apt.o)
                0x0010be30                APT_ReceiveParameter
 .text.aptReceiveParameter.constprop.0
                0x0010bee0       0xac C:/devkitPro/libctru/lib\libctru.a(apt.o)
 *fill*         0x0010bf8c        0x4 
 .text.aptScreenTransfer
                0x0010bf90      0x294 C:/devkitPro/libctru/lib\libctru.a(apt.o)
 .text.aptWaitForWakeUp.isra.0
                0x0010c224      0x2c8 C:/devkitPro/libctru/lib\libctru.a(apt.o)
 .text.aptJumpToHomeMenu
                0x0010c4ec       0xf4 C:/devkitPro/libctru/lib\libctru.a(apt.o)
                0x0010c4ec                aptJumpToHomeMenu
 .text.aptMainLoop
                0x0010c5e0       0x48 C:/devkitPro/libctru/lib\libctru.a(apt.o)
                0x0010c5e0                aptMainLoop
 .text.aptInit  0x0010c628      0x22c C:/devkitPro/libctru/lib\libctru.a(apt.o)
                0x0010c628                aptInit
 .text.APT_CheckNew3DS
                0x0010c854       0x7c C:/devkitPro/libctru/lib\libctru.a(apt.o)
                0x0010c854                APT_CheckNew3DS
 .text.hidShouldUseIrrst
                0x0010c8d0       0x24 C:/devkitPro/libctru/lib\libctru.a(hid.o)
                0x0010c8d0                hidShouldUseIrrst
 .text.hidInit  0x0010c8f4      0x18c C:/devkitPro/libctru/lib\libctru.a(hid.o)
                0x0010c8f4                hidInit
 .text.hidExit  0x0010ca80       0xe8 C:/devkitPro/libctru/lib\libctru.a(hid.o)
                0x0010ca80                hidExit
 .text.hidScanInput
                0x0010cb68      0x2a4 C:/devkitPro/libctru/lib\libctru.a(hid.o)
                0x0010cb68                hidScanInput
 .text.hidKeysHeld
                0x0010ce0c       0x10 C:/devkitPro/libctru/lib\libctru.a(hid.o)
                0x0010ce0c                hidKeysHeld
 .text.hidKeysDown
                0x0010ce1c       0x10 C:/devkitPro/libctru/lib\libctru.a(hid.o)
                0x0010ce1c                hidKeysDown
 .text.hidKeysUp
                0x0010ce2c       0x10 C:/devkitPro/libctru/lib\libctru.a(hid.o)
                0x0010ce2c                hidKeysUp
 .text.ptmSysmInit
                0x0010ce3c       0x74 C:/devkitPro/libctru/lib\libctru.a(ptmsysm.o)
                0x0010ce3c                ptmSysmInit
 .text.ptmSysmExit
                0x0010ceb0       0x3c C:/devkitPro/libctru/lib\libctru.a(ptmsysm.o)
                0x0010ceb0                ptmSysmExit
 .text.PTMSYSM_ConfigureNew3DSCPU
                0x0010ceec       0x34 C:/devkitPro/libctru/lib\libctru.a(ptmsysm.o)
                0x0010ceec                PTMSYSM_ConfigureNew3DSCPU
 .text.fsInit   0x0010cf20       0xd0 C:/devkitPro/libctru/lib\libctru.a(fs.o)
                0x0010cf20                fsInit
 .text.fsExit   0x0010cff0       0x3c C:/devkitPro/libctru/lib\libctru.a(fs.o)
                0x0010cff0                fsExit
 .text.fsExemptFromSession
                0x0010d02c       0x60 C:/devkitPro/libctru/lib\libctru.a(fs.o)
                0x0010d02c                fsExemptFromSession
 .text.fsUnexemptFromSession
                0x0010d08c       0x50 C:/devkitPro/libctru/lib\libctru.a(fs.o)
                0x0010d08c                fsUnexemptFromSession
 .text.FSUSER_OpenFile
                0x0010d0dc       0xcc C:/devkitPro/libctru/lib\libctru.a(fs.o)
                0x0010d0dc                FSUSER_OpenFile
 .text.FSUSER_OpenFileDirectly
                0x0010d1a8       0xd4 C:/devkitPro/libctru/lib\libctru.a(fs.o)
                0x0010d1a8                FSUSER_OpenFileDirectly
 .text.FSUSER_DeleteFile
                0x0010d27c       0xbc C:/devkitPro/libctru/lib\libctru.a(fs.o)
                0x0010d27c                FSUSER_DeleteFile
 .text.FSUSER_RenameFile
                0x0010d338       0xf8 C:/devkitPro/libctru/lib\libctru.a(fs.o)
                0x0010d338                FSUSER_RenameFile
 .text.FSUSER_DeleteDirectory
                0x0010d430       0xbc C:/devkitPro/libctru/lib\libctru.a(fs.o)
                0x0010d430                FSUSER_DeleteDirectory
 .text.FSUSER_CreateFile
                0x0010d4ec       0xd4 C:/devkitPro/libctru/lib\libctru.a(fs.o)
                0x0010d4ec                FSUSER_CreateFile
 .text.FSUSER_CreateDirectory
                0x0010d5c0       0xc4 C:/devkitPro/libctru/lib\libctru.a(fs.o)
                0x0010d5c0                FSUSER_CreateDirectory
 .text.FSUSER_RenameDirectory
                0x0010d684       0xf8 C:/devkitPro/libctru/lib\libctru.a(fs.o)
                0x0010d684                FSUSER_RenameDirectory
 .text.FSUSER_OpenDirectory
                0x0010d77c       0xb4 C:/devkitPro/libctru/lib\libctru.a(fs.o)
                0x0010d77c                FSUSER_OpenDirectory
 .text.FSUSER_OpenArchive
                0x0010d830       0x94 C:/devkitPro/libctru/lib\libctru.a(fs.o)
                0x0010d830                FSUSER_OpenArchive
 .text.FSUSER_CloseArchive
                0x0010d8c4       0x8c C:/devkitPro/libctru/lib\libctru.a(fs.o)
                0x0010d8c4                FSUSER_CloseArchive
 .text.FSUSER_GetSdmcArchiveResource
                0x0010d950       0x74 C:/devkitPro/libctru/lib\libctru.a(fs.o)
                0x0010d950                FSUSER_GetSdmcArchiveResource
 .text.FSUSER_IsSdmcWritable
                0x0010d9c4       0x64 C:/devkitPro/libctru/lib\libctru.a(fs.o)
                0x0010d9c4                FSUSER_IsSdmcWritable
 .text.FSFILE_Read
                0x0010da28       0x58 C:/devkitPro/libctru/lib\libctru.a(fs.o)
                0x0010da28                FSFILE_Read
 .text.FSFILE_Write
                0x0010da80       0x60 C:/devkitPro/libctru/lib\libctru.a(fs.o)
                0x0010da80                FSFILE_Write
 .text.FSFILE_GetSize
                0x0010dae0       0x38 C:/devkitPro/libctru/lib\libctru.a(fs.o)
                0x0010dae0                FSFILE_GetSize
 .text.FSFILE_SetSize
                0x0010db18       0x28 C:/devkitPro/libctru/lib\libctru.a(fs.o)
                0x0010db18                FSFILE_SetSize
 .text.FSFILE_Close
                0x0010db40       0x3c C:/devkitPro/libctru/lib\libctru.a(fs.o)
                0x0010db40                FSFILE_Close
 .text.FSFILE_Flush
                0x0010db7c       0x24 C:/devkitPro/libctru/lib\libctru.a(fs.o)
                0x0010db7c                FSFILE_Flush
 .text.FSDIR_Read
                0x0010dba0       0x50 C:/devkitPro/libctru/lib\libctru.a(fs.o)
                0x0010dba0                FSDIR_Read
 .text.FSDIR_Close
                0x0010dbf0       0x3c C:/devkitPro/libctru/lib\libctru.a(fs.o)
                0x0010dbf0                FSDIR_Close
 .text.buffer_read
                0x0010dc2c       0xe0 C:/devkitPro/libctru/lib\libctru.a(decompress.o)
 .text.iov_read
                0x0010dd0c       0xcc C:/devkitPro/libctru/lib\libctru.a(decompress.o)
 .text.iov_memmove
                0x0010ddd8      0x148 C:/devkitPro/libctru/lib\libctru.a(decompress.o)
 .text.decompress_rle
                0x0010df20      0x1dc C:/devkitPro/libctru/lib\libctru.a(decompress.o)
 .text.decompress_lzss
                0x0010e0fc      0x26c C:/devkitPro/libctru/lib\libctru.a(decompress.o)
 .text.decompress_lz11
                0x0010e368      0x42c C:/devkitPro/libctru/lib\libctru.a(decompress.o)
 .text.decompress_huff
                0x0010e794      0x36c C:/devkitPro/libctru/lib\libctru.a(decompress.o)
 .text.decompressCallback_Stdio
                0x0010eb00       0x10 C:/devkitPro/libctru/lib\libctru.a(decompress.o)
                0x0010eb00                decompressCallback_Stdio
 .text.decompressHeader
                0x0010eb10       0xe4 C:/devkitPro/libctru/lib\libctru.a(decompress.o)
                0x0010eb10                decompressHeader
 .text.decompressV
                0x0010ebf4      0x200 C:/devkitPro/libctru/lib\libctru.a(decompress.o)
                0x0010ebf4                decompressV
 .text.rbtree_init
                0x0010edf4       0x10 C:/devkitPro/libctru/lib\libctru.a(rbtree_init.o)
                0x0010edf4                rbtree_init
 .text.do_insert
                0x0010ee04      0x19c C:/devkitPro/libctru/lib\libctru.a(rbtree_insert.o)
 .text.rbtree_insert
                0x0010efa0        0x8 C:/devkitPro/libctru/lib\libctru.a(rbtree_insert.o)
                0x0010efa0                rbtree_insert
 .text.rbtree_rotate
                0x0010efa8       0x90 C:/devkitPro/libctru/lib\libctru.a(rbtree_rotate.o)
                0x0010efa8                rbtree_rotate
 .text.rbtree_remove
                0x0010f038      0x310 C:/devkitPro/libctru/lib\libctru.a(rbtree_remove.o)
                0x0010f038                rbtree_remove
 .text.rbtree_find
                0x0010f348       0x74 C:/devkitPro/libctru/lib\libctru.a(rbtree_find.o)
                0x0010f348                rbtree_find
 .text.utf16_to_utf8
                0x0010f3bc       0xe8 C:/devkitPro/libctru/lib\libctru.a(utf16_to_utf8.o)
                0x0010f3bc                utf16_to_utf8
 .text.decode_utf16
                0x0010f4a4       0x64 C:/devkitPro/libctru/lib\libctru.a(decode_utf16.o)
                0x0010f4a4                decode_utf16
 .text.utf8_to_utf16
                0x0010f508       0xc0 C:/devkitPro/libctru/lib\libctru.a(utf8_to_utf16.o)
                0x0010f508                utf8_to_utf16
 .text.__system_allocateHeaps
                0x0010f5c8      0x1e0 C:/devkitPro/libctru/lib\libctru.a(allocateHeaps.o)
                0x0010f5c8                __system_allocateHeaps
 .text.__libctru_init
                0x0010f7a8       0x38 C:/devkitPro/libctru/lib\libctru.a(ctru_init.o)
                0x0010f7a8                __libctru_init
 .text.__system_initArgv
                0x0010f7e0      0x160 C:/devkitPro/libctru/lib\libctru.a(initArgv.o)
                0x0010f7e0                __system_initArgv
 .text.svcControlMemory
                0x0010f940       0x20 C:/devkitPro/libctru/lib\libctru.a(svc.o)
                0x0010f940                svcControlMemory
 .text.svcQueryMemory
                0x0010f960       0x30 C:/devkitPro/libctru/lib\libctru.a(svc.o)
                0x0010f960                svcQueryMemory
 .text.svcExitProcess
                0x0010f990        0x8 C:/devkitPro/libctru/lib\libctru.a(svc.o)
                0x0010f990                svcExitProcess
 .text.svcCreateThread
                0x0010f998       0x20 C:/devkitPro/libctru/lib\libctru.a(svc.o)
                0x0010f998                svcCreateThread
 .text.svcExitThread
                0x0010f9b8        0x8 C:/devkitPro/libctru/lib\libctru.a(svc.o)
                0x0010f9b8                svcExitThread
 .text.svcSleepThread
                0x0010f9c0        0x8 C:/devkitPro/libctru/lib\libctru.a(svc.o)
                0x0010f9c0                svcSleepThread
 .text.svcReleaseMutex
                0x0010f9c8        0x8 C:/devkitPro/libctru/lib\libctru.a(svc.o)
                0x0010f9c8                svcReleaseMutex
 .text.svcCreateEvent
                0x0010f9d0       0x14 C:/devkitPro/libctru/lib\libctru.a(svc.o)
                0x0010f9d0                svcCreateEvent
 .text.svcSignalEvent
                0x0010f9e4        0x8 C:/devkitPro/libctru/lib\libctru.a(svc.o)
                0x0010f9e4                svcSignalEvent
 .text.svcClearEvent
                0x0010f9ec        0x8 C:/devkitPro/libctru/lib\libctru.a(svc.o)
                0x0010f9ec                svcClearEvent
 .text.svcMapMemoryBlock
                0x0010f9f4        0x8 C:/devkitPro/libctru/lib\libctru.a(svc.o)
                0x0010f9f4                svcMapMemoryBlock
 .text.svcUnmapMemoryBlock
                0x0010f9fc        0x8 C:/devkitPro/libctru/lib\libctru.a(svc.o)
                0x0010f9fc                svcUnmapMemoryBlock
 .text.svcCreateAddressArbiter
                0x0010fa04       0x14 C:/devkitPro/libctru/lib\libctru.a(svc.o)
                0x0010fa04                svcCreateAddressArbiter
 .text.svcArbitrateAddressNoTimeout
                0x0010fa18        0x8 C:/devkitPro/libctru/lib\libctru.a(svc.o)
                0x0010fa18                svcArbitrateAddressNoTimeout
 .text.svcCloseHandle
                0x0010fa20        0x8 C:/devkitPro/libctru/lib\libctru.a(svc.o)
                0x0010fa20                svcCloseHandle
 .text.svcWaitSynchronization
                0x0010fa28        0x8 C:/devkitPro/libctru/lib\libctru.a(svc.o)
                0x0010fa28                svcWaitSynchronization
 .text.svcWaitSynchronizationN
                0x0010fa30       0x28 C:/devkitPro/libctru/lib\libctru.a(svc.o)
                0x0010fa30                svcWaitSynchronizationN
 .text.svcDuplicateHandle
                0x0010fa58       0x14 C:/devkitPro/libctru/lib\libctru.a(svc.o)
                0x0010fa58                svcDuplicateHandle
 .text.svcGetSystemTick
                0x0010fa6c        0x8 C:/devkitPro/libctru/lib\libctru.a(svc.o)
                0x0010fa6c                svcGetSystemTick
 .text.svcConnectToPort
                0x0010fa74       0x14 C:/devkitPro/libctru/lib\libctru.a(svc.o)
                0x0010fa74                svcConnectToPort
 .text.svcSendSyncRequest
                0x0010fa88        0x8 C:/devkitPro/libctru/lib\libctru.a(svc.o)
                0x0010fa88                svcSendSyncRequest
 .text.svcGetResourceLimit
                0x0010fa90       0x14 C:/devkitPro/libctru/lib\libctru.a(svc.o)
                0x0010fa90                svcGetResourceLimit
 .text.svcGetResourceLimitLimitValues
                0x0010faa4        0x8 C:/devkitPro/libctru/lib\libctru.a(svc.o)
                0x0010faa4                svcGetResourceLimitLimitValues
 .text.svcGetResourceLimitCurrentValues
                0x0010faac        0x8 C:/devkitPro/libctru/lib\libctru.a(svc.o)
                0x0010faac                svcGetResourceLimitCurrentValues
 .text.svcBreak
                0x0010fab4        0x8 C:/devkitPro/libctru/lib\libctru.a(svc.o)
                0x0010fab4                svcBreak
 .text.initSystem
                0x0010fabc       0x50 C:/devkitPro/libctru/lib\libctru.a(stack_adjust.o)
                0x0010fabc                initSystem
 .text.__ctru_exit
                0x0010fb0c       0x14 C:/devkitPro/libctru/lib\libctru.a(stack_adjust.o)
                0x0010fb0c                __ctru_exit
 .text.__aeabi_read_tp
                0x0010fb20        0xc C:/devkitPro/libctru/lib\libctru.a(readtp.o)
                0x0010fb20                __aeabi_read_tp
 .text.__sync_init
                0x0010fb2c        0xc C:/devkitPro/libctru/lib\libctru.a(synchronization.o)
                0x0010fb2c                __sync_init
 .text.__sync_fini
                0x0010fb38       0x18 C:/devkitPro/libctru/lib\libctru.a(synchronization.o)
                0x0010fb38                __sync_fini
 .text.syncArbitrateAddress
                0x0010fb50       0x2c C:/devkitPro/libctru/lib\libctru.a(synchronization.o)
                0x0010fb50                syncArbitrateAddress
 .text.LightLock_Lock
                0x0010fb7c       0xb0 C:/devkitPro/libctru/lib\libctru.a(synchronization.o)
                0x0010fb7c                LightLock_Lock
 .text.LightLock_Unlock
                0x0010fc2c       0x40 C:/devkitPro/libctru/lib\libctru.a(synchronization.o)
                0x0010fc2c                LightLock_Unlock
 .text.RecursiveLock_Lock
                0x0010fc6c       0x30 C:/devkitPro/libctru/lib\libctru.a(synchronization.o)
                0x0010fc6c                RecursiveLock_Lock
 .text.RecursiveLock_Unlock
                0x0010fc9c       0x54 C:/devkitPro/libctru/lib\libctru.a(synchronization.o)
                0x0010fc9c                RecursiveLock_Unlock
 .text.LightEvent_Init
                0x0010fcf0       0x40 C:/devkitPro/libctru/lib\libctru.a(synchronization.o)
                0x0010fcf0                LightEvent_Init
 .text.LightEvent_Clear
                0x0010fd30       0xa4 C:/devkitPro/libctru/lib\libctru.a(synchronization.o)
                0x0010fd30                LightEvent_Clear
 .text.LightEvent_Signal
                0x0010fdd4       0xc8 C:/devkitPro/libctru/lib\libctru.a(synchronization.o)
                0x0010fdd4                LightEvent_Signal
 .text.LightEvent_TryWait
                0x0010fe9c       0x50 C:/devkitPro/libctru/lib\libctru.a(synchronization.o)
                0x0010fe9c                LightEvent_TryWait
 .text.LightEvent_Wait
                0x0010feec       0xa0 C:/devkitPro/libctru/lib\libctru.a(synchronization.o)
                0x0010feec                LightEvent_Wait
 .text.envGetHandle
                0x0010ff8c       0x84 C:/devkitPro/libctru/lib\libctru.a(env.o)
                0x0010ff8c                envGetHandle
 .text.envDestroyHandles
                0x00110010       0x50 C:/devkitPro/libctru/lib\libctru.a(env.o)
                0x00110010                envDestroyHandles
 .text.srvInit  0x00110060      0x12c C:/devkitPro/libctru/lib\libctru.a(srv.o)
                0x00110060                srvInit
 .text.srvExit  0x0011018c       0x58 C:/devkitPro/libctru/lib\libctru.a(srv.o)
                0x0011018c                srvExit
 .text.srvEnableNotification
                0x001101e4       0x60 C:/devkitPro/libctru/lib\libctru.a(srv.o)
                0x001101e4                srvEnableNotification
 .text.srvGetServiceHandleDirect
                0x00110244       0xa0 C:/devkitPro/libctru/lib\libctru.a(srv.o)
                0x00110244                srvGetServiceHandleDirect
 .text.srvGetServiceHandle
                0x001102e4       0x38 C:/devkitPro/libctru/lib\libctru.a(srv.o)
                0x001102e4                srvGetServiceHandle
 .text.srvSubscribe
                0x0011031c       0x34 C:/devkitPro/libctru/lib\libctru.a(srv.o)
                0x0011031c                srvSubscribe
 .text.srvReceiveNotification
                0x00110350       0x60 C:/devkitPro/libctru/lib\libctru.a(srv.o)
                0x00110350                srvReceiveNotification
 .text.srvPublishToSubscriber
                0x001103b0       0x38 C:/devkitPro/libctru/lib\libctru.a(srv.o)
                0x001103b0                srvPublishToSubscriber
 .text.threadCreate
                0x001103e8      0x1d4 C:/devkitPro/libctru/lib\libctru.a(thread.o)
                0x001103e8                threadCreate
 .text.threadFree
                0x001105bc       0x2c C:/devkitPro/libctru/lib\libctru.a(thread.o)
                0x001105bc                threadFree
 .text.threadJoin
                0x001105e8       0x24 C:/devkitPro/libctru/lib\libctru.a(thread.o)
                0x001105e8                threadJoin
 .text.threadGetCurrent
                0x0011060c       0x30 C:/devkitPro/libctru/lib\libctru.a(thread.o)
                0x0011060c                threadGetCurrent
 .text.threadExit
                0x0011063c       0x40 C:/devkitPro/libctru/lib\libctru.a(thread.o)
                0x0011063c                threadExit
 .text._thread_begin
                0x0011067c       0x20 C:/devkitPro/libctru/lib\libctru.a(thread.o)
 .text.mappableFindAddressWithin
                0x0011069c       0x90 C:/devkitPro/libctru/lib\libctru.a(mappable.o)
 .text.mappableInit
                0x0011072c       0x28 C:/devkitPro/libctru/lib\libctru.a(mappable.o)
                0x0011072c                mappableInit
 .text.mappableAlloc
                0x00110754       0x80 C:/devkitPro/libctru/lib\libctru.a(mappable.o)
                0x00110754                mappableAlloc
 .text.mappableFree
                0x001107d4        0x4 C:/devkitPro/libctru/lib\libctru.a(mappable.o)
                0x001107d4                mappableFree
 .text.irrstInit
                0x001107d8      0x160 C:/devkitPro/libctru/lib\libctru.a(irrst.o)
                0x001107d8                irrstInit
 .text.irrstExit
                0x00110938       0xcc C:/devkitPro/libctru/lib\libctru.a(irrst.o)
                0x00110938                irrstExit
 .text.irrstScanInput
                0x00110a04       0xb4 C:/devkitPro/libctru/lib\libctru.a(irrst.o)
                0x00110a04                irrstScanInput
 .text.irrstKeysHeld
                0x00110ab8       0x24 C:/devkitPro/libctru/lib\libctru.a(irrst.o)
                0x00110ab8                irrstKeysHeld
 .text.srvPmGetSessionHandle
                0x00110adc        0xc C:/devkitPro/libctru/lib\libctru.a(srvpm.o)
                0x00110adc                srvPmGetSessionHandle
 .text.rbtree_node_next
                0x00110ae8       0x5c C:/devkitPro/libctru/lib\libctru.a(rbtree_iterator.o)
                0x00110ae8                rbtree_node_next
 .text.encode_utf16
                0x00110b44       0x54 C:/devkitPro/libctru/lib\libctru.a(encode_utf16.o)
                0x00110b44                encode_utf16
 .text.encode_utf8
                0x00110b98       0xe0 C:/devkitPro/libctru/lib\libctru.a(encode_utf8.o)
                0x00110b98                encode_utf8
 .text.decode_utf8
                0x00110c78      0x13c C:/devkitPro/libctru/lib\libctru.a(decode_utf8.o)
                0x00110c78                decode_utf8
 .text.__appInit
                0x00110db4       0x30 C:/devkitPro/libctru/lib\libctru.a(appInit.o)
                0x00110db4                __appInit
 .text.__syscall_getreent
                0x00110de4       0x30 C:/devkitPro/libctru/lib\libctru.a(syscalls.o)
                0x00110de4                __syscall_getreent
 .text.__syscall_gettod_r
                0x00110e14       0x64 C:/devkitPro/libctru/lib\libctru.a(syscalls.o)
                0x00110e14                __syscall_gettod_r
 .text.__syscall_lock_acquire
                0x00110e78        0x4 C:/devkitPro/libctru/lib\libctru.a(syscalls.o)
                0x00110e78                __syscall_lock_acquire
 .text.__syscall_lock_release
                0x00110e7c        0x4 C:/devkitPro/libctru/lib\libctru.a(syscalls.o)
                0x00110e7c                __syscall_lock_release
 .text.__syscall_lock_acquire_recursive
                0x00110e80        0x4 C:/devkitPro/libctru/lib\libctru.a(syscalls.o)
                0x00110e80                __syscall_lock_acquire_recursive
 .text.__syscall_lock_release_recursive
                0x00110e84        0x4 C:/devkitPro/libctru/lib\libctru.a(syscalls.o)
                0x00110e84                __syscall_lock_release_recursive
 .text.__syscall_exit
                0x00110e88        0x4 C:/devkitPro/libctru/lib\libctru.a(syscalls.o)
                0x00110e88                __syscall_exit
 .text.initThreadVars
                0x00110e8c       0x50 C:/devkitPro/libctru/lib\libctru.a(syscalls.o)
                0x00110e8c                initThreadVars
 .text.__system_initSyscalls
                0x00110edc       0x80 C:/devkitPro/libctru/lib\libctru.a(syscalls.o)
                0x00110edc                __system_initSyscalls
 .text.__appExit
                0x00110f5c       0x30 C:/devkitPro/libctru/lib\libctru.a(appExit.o)
                0x00110f5c                __appExit
 .text.__libctru_exit
                0x00110f8c       0x90 C:/devkitPro/libctru/lib\libctru.a(ctru_exit.o)
                0x00110f8c                __libctru_exit
 .text.archive_link
                0x0011101c       0x14 C:/devkitPro/libctru/lib\libctru.a(archive_dev.o)
 .text.archive_dirreset
                0x00111030       0x14 C:/devkitPro/libctru/lib\libctru.a(archive_dev.o)
 .text.archive_chmod
                0x00111044       0x14 C:/devkitPro/libctru/lib\libctru.a(archive_dev.o)
 .text.error_cmp
                0x00111058       0x24 C:/devkitPro/libctru/lib\libctru.a(archive_dev.o)
 .text.archive_translate_error
                0x0011107c       0x50 C:/devkitPro/libctru/lib\libctru.a(archive_dev.o)
 .text.archive_seek
                0x001110cc       0xc4 C:/devkitPro/libctru/lib\libctru.a(archive_dev.o)
 .text._archiveInit.part.0
                0x00111190       0x78 C:/devkitPro/libctru/lib\libctru.a(archive_dev.o)
 .text.archiveFindDevice.part.0
                0x00111208       0xc4 C:/devkitPro/libctru/lib\libctru.a(archive_dev.o)
 .text.archive_utf16path
                0x001112cc      0x290 C:/devkitPro/libctru/lib\libctru.a(archive_dev.o)
 .text._archiveUnmountDeviceStruct.part.0
                0x0011155c       0x9c C:/devkitPro/libctru/lib\libctru.a(archive_dev.o)
 .text.archive_statvfs
                0x001115f8       0x14 C:/devkitPro/libctru/lib\libctru.a(archive_dev.o)
 .text.archive_fchmod
                0x0011160c       0x14 C:/devkitPro/libctru/lib\libctru.a(archive_dev.o)
 .text._archiveMountDevice
                0x00111620      0x168 C:/devkitPro/libctru/lib\libctru.a(archive_dev.o)
 .text.archive_diropen
                0x00111788       0xe8 C:/devkitPro/libctru/lib\libctru.a(archive_dev.o)
 .text.archive_fstat
                0x00111870       0xa4 C:/devkitPro/libctru/lib\libctru.a(archive_dev.o)
 .text.archive_fsync
                0x00111914       0x6c C:/devkitPro/libctru/lib\libctru.a(archive_dev.o)
 .text.archive_close
                0x00111980       0x6c C:/devkitPro/libctru/lib\libctru.a(archive_dev.o)
 .text.archive_dirclose
                0x001119ec       0x70 C:/devkitPro/libctru/lib\libctru.a(archive_dev.o)
 .text.sdmc_statvfs
                0x00111a5c       0xe4 C:/devkitPro/libctru/lib\libctru.a(archive_dev.o)
 .text.archive_chdir
                0x00111b40       0xec C:/devkitPro/libctru/lib\libctru.a(archive_dev.o)
 .text.archive_ftruncate
                0x00111c2c       0x7c C:/devkitPro/libctru/lib\libctru.a(archive_dev.o)
 .text.archive_read
                0x00111ca8       0xac C:/devkitPro/libctru/lib\libctru.a(archive_dev.o)
 .text.archive_unlink
                0x00111d54       0xa4 C:/devkitPro/libctru/lib\libctru.a(archive_dev.o)
 .text.archive_rmdir
                0x00111df8       0xbc C:/devkitPro/libctru/lib\libctru.a(archive_dev.o)
 .text.archive_mkdir
                0x00111eb4       0xdc C:/devkitPro/libctru/lib\libctru.a(archive_dev.o)
 .text.archive_stat
                0x00111f90      0x194 C:/devkitPro/libctru/lib\libctru.a(archive_dev.o)
 .text.archive_dirnext
                0x00112124      0x15c C:/devkitPro/libctru/lib\libctru.a(archive_dev.o)
 .text.archive_write
                0x00112280      0x124 C:/devkitPro/libctru/lib\libctru.a(archive_dev.o)
 *fill*         0x001123a4        0x4 
 .text.archive_open
                0x001123a8      0x210 C:/devkitPro/libctru/lib\libctru.a(archive_dev.o)
 .text.archive_rename
                0x001125b8      0x268 C:/devkitPro/libctru/lib\libctru.a(archive_dev.o)
 .text.archiveMountSdmc
                0x00112820      0x19c C:/devkitPro/libctru/lib\libctru.a(archive_dev.o)
                0x00112820                archiveMountSdmc
 .text.archiveUnmountAll
                0x001129bc       0x54 C:/devkitPro/libctru/lib\libctru.a(archive_dev.o)
                0x001129bc                archiveUnmountAll
 .text.sinf     0x00112a10      0x25c C:/devkitPro/devkitARM/bin/../lib/gcc/arm-none-eabi/14.2.0/../../../../arm-none-eabi/lib/armv6k/fpu\libm.a(libm_a-sinf.o)
                0x00112a10                sinf
 .text.with_errnof
                0x00112c6c       0x24 C:/devkitPro/devkitARM/bin/../lib/gcc/arm-none-eabi/14.2.0/../../../../arm-none-eabi/lib/armv6k/fpu\libm.a(libm_a-math_errf.o)
 .text.__math_invalidf
                0x00112c90       0x1c C:/devkitPro/devkitARM/bin/../lib/gcc/arm-none-eabi/14.2.0/../../../../arm-none-eabi/lib/armv6k/fpu\libm.a(libm_a-math_errf.o)
                0x00112c90                __math_invalidf
 *fill*         0x00112cac        0x4 
 .text.cosf     0x00112cb0      0x21c C:/devkitPro/devkitARM/bin/../lib/gcc/arm-none-eabi/14.2.0/../../../../arm-none-eabi/lib/armv6k/fpu\libm.a(libm_a-cosf.o)
                0x00112cb0                cosf
 .text.__udivmoddi4
                0x00112ecc      0x120 C:/devkitPro/devkitARM/bin/../lib/gcc/arm-none-eabi/14.2.0/armv6k/fpu\libgcc.a(_udivmoddi4.o)
                0x00112ecc                __udivmoddi4
 .text.strncmp  0x00112fec       0xd8 C:/devkitPro/devkitARM/bin/../lib/gcc/arm-none-eabi/14.2.0/../../../../arm-none-eabi/lib/armv6k/fpu\libg.a(libc_a-strncmp.o)
                0x00112fec                strncmp
 .text.strchr   0x001130c4      0x130 C:/devkitPro/devkitARM/bin/../lib/gcc/arm-none-eabi/14.2.0/../../../../arm-none-eabi/lib/armv6k/fpu\libg.a(libc_a-strchr.o)
                0x001130c4                strchr
 .text.strlen   0x001131f4       0x5c C:/devkitPro/devkitARM/bin/../lib/gcc/arm-none-eabi/14.2.0/../../../../arm-none-eabi/lib/armv6k/fpu\libg.a(libc_a-strlen-stub.o)
                0x001131f4                strlen
 .text.memcmp   0x00113250       0xd4 C:/devkitPro/devkitARM/bin/../lib/gcc/arm-none-eabi/14.2.0/../../../../arm-none-eabi/lib/armv6k/fpu\libg.a(libc_a-memcmp.o)
                0x00113250                memcmp
 .text._strtoul_l.isra.0
                0x00113324      0x1e4 C:/devkitPro/devkitARM/bin/../lib/gcc/arm-none-eabi/14.2.0/../../../../arm-none-eabi/lib/armv6k/fpu\libg.a(libc_a-strtoul.o)
 .text.strtoul  0x00113508       0x34 C:/devkitPro/devkitARM/bin/../lib/gcc/arm-none-eabi/14.2.0/../../../../arm-none-eabi/lib/armv6k/fpu\libg.a(libc_a-strtoul.o)
                0x00113508                strtoul
 .text.strncat  0x0011353c       0xe4 C:/devkitPro/devkitARM/bin/../lib/gcc/arm-none-eabi/14.2.0/../../../../arm-none-eabi/lib/armv6k/fpu\libg.a(libc_a-strncat.o)
                0x0011353c                strncat
 .text.bsearch  0x00113620       0x78 C:/devkitPro/devkitARM/bin/../lib/gcc/arm-none-eabi/14.2.0/../../../../arm-none-eabi/lib/armv6k/fpu\libg.a(libc_a-bsearch.o)
                0x00113620                bsearch
 .text._fread_r
                0x00113698      0x344 C:/devkitPro/devkitARM/bin/../lib/gcc/arm-none-eabi/14.2.0/../../../../arm-none-eabi/lib/armv6k/fpu\libg.a(libc_a-fread.o)
                0x00113698                _fread_r
 .text.fread    0x001139dc       0x38 C:/devkitPro/devkitARM/bin/../lib/gcc/arm-none-eabi/14.2.0/../../../../arm-none-eabi/lib/armv6k/fpu\libg.a(libc_a-fread.o)
                0x001139dc                fread
 .text.calloc   0x00113a14       0x20 C:/devkitPro/devkitARM/bin/../lib/gcc/arm-none-eabi/14.2.0/../../../../arm-none-eabi/lib/armv6k/fpu\libg.a(libc_a-calloc.o)
                0x00113a14                calloc
 .text.lflush   0x00113a34       0x38 C:/devkitPro/devkitARM/bin/../lib/gcc/arm-none-eabi/14.2.0/../../../../arm-none-eabi/lib/armv6k/fpu\libg.a(libc_a-refill.o)
 .text.__srefill_r
                0x00113a6c      0x19c C:/devkitPro/devkitARM/bin/../lib/gcc/arm-none-eabi/14.2.0/../../../../arm-none-eabi/lib/armv6k/fpu\libg.a(libc_a-refill.o)
                0x00113a6c                __srefill_r
 .text._fclose_r
                0x00113c08      0x148 C:/devkitPro/devkitARM/bin/../lib/gcc/arm-none-eabi/14.2.0/../../../../arm-none-eabi/lib/armv6k/fpu\libg.a(libc_a-fclose.o)
                0x00113c08                _fclose_r
 .text.fclose   0x00113d50       0x18 C:/devkitPro/devkitARM/bin/../lib/gcc/arm-none-eabi/14.2.0/../../../../arm-none-eabi/lib/armv6k/fpu\libg.a(libc_a-fclose.o)
                0x00113d50                fclose
 .text._calloc_r
                0x00113d68       0xc0 C:/devkitPro/devkitARM/bin/../lib/gcc/arm-none-eabi/14.2.0/../../../../arm-none-eabi/lib/armv6k/fpu\libg.a(libc_a-callocr.o)
                0x00113d68                _calloc_r
 .text.__smakebuf_r
                0x00113e28      0x144 C:/devkitPro/devkitARM/bin/../lib/gcc/arm-none-eabi/14.2.0/../../../../arm-none-eabi/lib/armv6k/fpu\libg.a(libc_a-makebuf.o)
                0x00113e28                __smakebuf_r
 .text.__swhatbuf_r
                0x00113f6c       0x8c C:/devkitPro/devkitARM/bin/../lib/gcc/arm-none-eabi/14.2.0/../../../../arm-none-eabi/lib/armv6k/fpu\libg.a(libc_a-makebuf.o)
                0x00113f6c                __swhatbuf_r
 .text.memalign
                0x00113ff8       0x20 C:/devkitPro/devkitARM/bin/../lib/gcc/arm-none-eabi/14.2.0/../../../../arm-none-eabi/lib/armv6k/fpu\libg.a(libc_a-malign.o)
                0x00113ff8                memalign
 .text.stdio_exit_handler
                0x00114018       0x1c C:/devkitPro/devkitARM/bin/../lib/gcc/arm-none-eabi/14.2.0/../../../../arm-none-eabi/lib/armv6k/fpu\libg.a(libc_a-findfp.o)
 .text.cleanup_stdio
                0x00114034       0x5c C:/devkitPro/devkitARM/bin/../lib/gcc/arm-none-eabi/14.2.0/../../../../arm-none-eabi/lib/armv6k/fpu\libg.a(libc_a-findfp.o)
 .text.global_stdio_init.part.0
                0x00114090      0x154 C:/devkitPro/devkitARM/bin/../lib/gcc/arm-none-eabi/14.2.0/../../../../arm-none-eabi/lib/armv6k/fpu\libg.a(libc_a-findfp.o)
 .text.__sfp    0x001141e4      0x134 C:/devkitPro/devkitARM/bin/../lib/gcc/arm-none-eabi/14.2.0/../../../../arm-none-eabi/lib/armv6k/fpu\libg.a(libc_a-findfp.o)
                0x001141e4                __sfp
 .text.__sinit  0x00114318       0x5c C:/devkitPro/devkitARM/bin/../lib/gcc/arm-none-eabi/14.2.0/../../../../arm-none-eabi/lib/armv6k/fpu\libg.a(libc_a-findfp.o)
                0x00114318                __sinit
 .text.__sfp_lock_acquire
                0x00114374        0xc C:/devkitPro/devkitARM/bin/../lib/gcc/arm-none-eabi/14.2.0/../../../../arm-none-eabi/lib/armv6k/fpu\libg.a(libc_a-findfp.o)
                0x00114374                __sfp_lock_acquire
 .text.__sfp_lock_release
                0x00114380        0xc C:/devkitPro/devkitARM/bin/../lib/gcc/arm-none-eabi/14.2.0/../../../../arm-none-eabi/lib/armv6k/fpu\libg.a(libc_a-findfp.o)
                0x00114380                __sfp_lock_release
 .text._malloc_r
                0x0011438c      0x7e8 C:/devkitPro/devkitARM/bin/../lib/gcc/arm-none-eabi/14.2.0/../../../../arm-none-eabi/lib/armv6k/fpu\libg.a(libc_a-mallocr.o)
                0x0011438c                _malloc_r
 .text._malloc_trim_r
                0x00114b74       0xf8 C:/devkitPro/devkitARM/bin/../lib/gcc/arm-none-eabi/14.2.0/../../../../arm-none-eabi/lib/armv6k/fpu\libg.a(libc_a-freer.o)
                0x00114b74                _malloc_trim_r
 .text._free_r  0x00114c6c      0x300 C:/devkitPro/devkitARM/bin/../lib/gcc/arm-none-eabi/14.2.0/../../../../arm-none-eabi/lib/armv6k/fpu\libg.a(libc_a-freer.o)
                0x00114c6c                _free_r
 .text.setvbuf  0x00114f6c      0x294 C:/devkitPro/devkitARM/bin/../lib/gcc/arm-none-eabi/14.2.0/../../../../arm-none-eabi/lib/armv6k/fpu\libg.a(libc_a-setvbuf.o)
                0x00114f6c                setvbuf
 .text.strnlen  0x00115200       0x4c C:/devkitPro/devkitARM/bin/../lib/gcc/arm-none-eabi/14.2.0/../../../../arm-none-eabi/lib/armv6k/fpu\libg.a(libc_a-strnlen.o)
                0x00115200                strnlen
 .text.__errno  0x0011524c        0xc C:/devkitPro/devkitARM/bin/../lib/gcc/arm-none-eabi/14.2.0/../../../../arm-none-eabi/lib/armv6k/fpu\libg.a(libc_a-errno.o)
                0x0011524c                __errno
 .text.malloc   0x00115258       0x34 C:/devkitPro/devkitARM/bin/../lib/gcc/arm-none-eabi/14.2.0/../../../../arm-none-eabi/lib/armv6k/fpu\libg.a(libc_a-malloc.o)
                0x00115258                malloc
 .text.free     0x0011528c       0x18 C:/devkitPro/devkitARM/bin/../lib/gcc/arm-none-eabi/14.2.0/../../../../arm-none-eabi/lib/armv6k/fpu\libg.a(libc_a-malloc.o)
                0x0011528c                free
 .text.memcpy   0x001152a4      0x130 C:/devkitPro/devkitARM/bin/../lib/gcc/arm-none-eabi/14.2.0/../../../../arm-none-eabi/lib/armv6k/fpu\libg.a(libc_a-memcpy-stub.o)
                0x001152a4                memcpy
 .text._fopen_r
                0x001153d4      0x134 C:/devkitPro/devkitARM/bin/../lib/gcc/arm-none-eabi/14.2.0/../../../../arm-none-eabi/lib/armv6k/fpu\libg.a(libc_a-fopen.o)
                0x001153d4                _fopen_r
 .text.fopen    0x00115508       0x20 C:/devkitPro/devkitARM/bin/../lib/gcc/arm-none-eabi/14.2.0/../../../../arm-none-eabi/lib/armv6k/fpu\libg.a(libc_a-fopen.o)
                0x00115508                fopen
 .text.time     0x00115528       0x4c C:/devkitPro/devkitARM/bin/../lib/gcc/arm-none-eabi/14.2.0/../../../../arm-none-eabi/lib/armv6k/fpu\libg.a(libc_a-time.o)
                0x00115528                time
 .text.memset   0x00115574       0xe8 C:/devkitPro/devkitARM/bin/../lib/gcc/arm-none-eabi/14.2.0/../../../../arm-none-eabi/lib/armv6k/fpu\libg.a(libc_a-memset.o)
                0x00115574                memset
 .text._fwalk_sglue
                0x0011565c       0x70 C:/devkitPro/devkitARM/bin/../lib/gcc/arm-none-eabi/14.2.0/../../../../arm-none-eabi/lib/armv6k/fpu\libg.a(libc_a-fwalk.o)
                0x0011565c                _fwalk_sglue
 .text.__malloc_lock
                0x001156cc        0xc C:/devkitPro/devkitARM/bin/../lib/gcc/arm-none-eabi/14.2.0/../../../../arm-none-eabi/lib/armv6k/fpu\libg.a(libc_a-mlock.o)
                0x001156cc                __malloc_lock
 .text.__malloc_unlock
                0x001156d8        0xc C:/devkitPro/devkitARM/bin/../lib/gcc/arm-none-eabi/14.2.0/../../../../arm-none-eabi/lib/armv6k/fpu\libg.a(libc_a-mlock.o)
                0x001156d8                __malloc_unlock
 .text.__call_exitprocs
                0x001156e4        0x4 C:/devkitPro/devkitARM/bin/../lib/gcc/arm-none-eabi/14.2.0/../../../../arm-none-eabi/lib/armv6k/fpu\libg.a(libc_a-exit.o)
                0x001156e4                __call_exitprocs
 .text.exit     0x001156e8       0x30 C:/devkitPro/devkitARM/bin/../lib/gcc/arm-none-eabi/14.2.0/../../../../arm-none-eabi/lib/armv6k/fpu\libg.a(libc_a-exit.o)
                0x001156e8                exit
 .text._fseek_r
                0x00115718       0x1c C:/devkitPro/devkitARM/bin/../lib/gcc/arm-none-eabi/14.2.0/../../../../arm-none-eabi/lib/armv6k/fpu\libg.a(libc_a-fseek.o)
                0x00115718                _fseek_r
 .text.strncpy  0x00115734       0xc4 C:/devkitPro/devkitARM/bin/../lib/gcc/arm-none-eabi/14.2.0/../../../../arm-none-eabi/lib/armv6k/fpu\libg.a(libc_a-strncpy.o)
                0x00115734                strncpy
 .text.__sflags
                0x001157f8       0xb4 C:/devkitPro/devkitARM/bin/../lib/gcc/arm-none-eabi/14.2.0/../../../../arm-none-eabi/lib/armv6k/fpu\libg.a(libc_a-flags.o)
                0x001157f8                __sflags
 .text.__libc_init_array
                0x001158ac       0x84 C:/devkitPro/devkitARM/bin/../lib/gcc/arm-none-eabi/14.2.0/../../../../arm-none-eabi/lib/armv6k/fpu\libg.a(libc_a-init.o)
                0x001158ac                __libc_init_array
 .text.__sflush_r
                0x00115930      0x228 C:/devkitPro/devkitARM/bin/../lib/gcc/arm-none-eabi/14.2.0/../../../../arm-none-eabi/lib/armv6k/fpu\libg.a(libc_a-fflush.o)
                0x00115930                __sflush_r
 .text._fflush_r
                0x00115b58       0x94 C:/devkitPro/devkitARM/bin/../lib/gcc/arm-none-eabi/14.2.0/../../../../arm-none-eabi/lib/armv6k/fpu\libg.a(libc_a-fflush.o)
                0x00115b58                _fflush_r
 .text._memalign_r
                0x00115bec      0x150 C:/devkitPro/devkitARM/bin/../lib/gcc/arm-none-eabi/14.2.0/../../../../arm-none-eabi/lib/armv6k/fpu\libg.a(libc_a-malignr.o)
                0x00115bec                _memalign_r
 .text.__libc_fini_array
                0x00115d3c       0x3c C:/devkitPro/devkitARM/bin/../lib/gcc/arm-none-eabi/14.2.0/../../../../arm-none-eabi/lib/armv6k/fpu\libg.a(libc_a-fini.o)
                0x00115d3c                __libc_fini_array
 .text._fseeko_r
                0x00115d78      0x58c C:/devkitPro/devkitARM/bin/../lib/gcc/arm-none-eabi/14.2.0/../../../../arm-none-eabi/lib/armv6k/fpu\libg.a(libc_a-fseeko.o)
                0x00115d78                _fseeko_r
 .text.__sread  0x00116304       0x44 C:/devkitPro/devkitARM/bin/../lib/gcc/arm-none-eabi/14.2.0/../../../../arm-none-eabi/lib/armv6k/fpu\libg.a(libc_a-stdio.o)
                0x00116304                __sread
 .text.__swrite
                0x00116348       0x68 C:/devkitPro/devkitARM/bin/../lib/gcc/arm-none-eabi/14.2.0/../../../../arm-none-eabi/lib/armv6k/fpu\libg.a(libc_a-stdio.o)
                0x00116348                __swrite
 .text.__sseek  0x001163b0       0x40 C:/devkitPro/devkitARM/bin/../lib/gcc/arm-none-eabi/14.2.0/../../../../arm-none-eabi/lib/armv6k/fpu\libg.a(libc_a-stdio.o)
                0x001163b0                __sseek
 .text.__sclose
                0x001163f0        0x8 C:/devkitPro/devkitARM/bin/../lib/gcc/arm-none-eabi/14.2.0/../../../../arm-none-eabi/lib/armv6k/fpu\libg.a(libc_a-stdio.o)
                0x001163f0                __sclose
 .text._exit    0x001163f8       0x20 C:/devkitPro/devkitARM/bin/../lib/gcc/arm-none-eabi/14.2.0/../../../../arm-none-eabi/lib/armv6k/fpu\libsysbase.a(libsysbase_libsysbase_a-_exit.o)
                0x001163f8                _exit
 .text.chdir    0x00116418      0x13c C:/devkitPro/devkitARM/bin/../lib/gcc/arm-none-eabi/14.2.0/../../../../arm-none-eabi/lib/armv6k/fpu\libsysbase.a(libsysbase_libsysbase_a-chdir.o)
                0x00116418                chdir
 .text._concatenate_path
                0x00116554      0x1cc C:/devkitPro/devkitARM/bin/../lib/gcc/arm-none-eabi/14.2.0/../../../../arm-none-eabi/lib/armv6k/fpu\libsysbase.a(libsysbase_libsysbase_a-concatenate.o)
                0x00116554                _concatenate_path
 .text._fstat_r
                0x00116720       0x88 C:/devkitPro/devkitARM/bin/../lib/gcc/arm-none-eabi/14.2.0/../../../../arm-none-eabi/lib/armv6k/fpu\libsysbase.a(libsysbase_libsysbase_a-fstat.o)
                0x00116720                _fstat_r
 .text.__getreent
                0x001167a8       0x2c C:/devkitPro/devkitARM/bin/../lib/gcc/arm-none-eabi/14.2.0/../../../../arm-none-eabi/lib/armv6k/fpu\libsysbase.a(libsysbase_libsysbase_a-getreent.o)
                0x001167a8                __getreent
 .text._gettimeofday_r
                0x001167d4       0x30 C:/devkitPro/devkitARM/bin/../lib/gcc/arm-none-eabi/14.2.0/../../../../arm-none-eabi/lib/armv6k/fpu\libsysbase.a(libsysbase_libsysbase_a-gettod.o)
                0x001167d4                _gettimeofday_r
 .text.__release_handle
                0x00116804       0x8c C:/devkitPro/devkitARM/bin/../lib/gcc/arm-none-eabi/14.2.0/../../../../arm-none-eabi/lib/armv6k/fpu\libsysbase.a(libsysbase_libsysbase_a-handle_manager.o)
                0x00116804                __release_handle
 .text.__alloc_handle
                0x00116890       0xb0 C:/devkitPro/devkitARM/bin/../lib/gcc/arm-none-eabi/14.2.0/../../../../arm-none-eabi/lib/armv6k/fpu\libsysbase.a(libsysbase_libsysbase_a-handle_manager.o)
                0x00116890                __alloc_handle
 .text.__get_handle
                0x00116940       0x3c C:/devkitPro/devkitARM/bin/../lib/gcc/arm-none-eabi/14.2.0/../../../../arm-none-eabi/lib/armv6k/fpu\libsysbase.a(libsysbase_libsysbase_a-handle_manager.o)
                0x00116940                __get_handle
 .text._close_r
                0x0011697c       0xf4 C:/devkitPro/devkitARM/bin/../lib/gcc/arm-none-eabi/14.2.0/../../../../arm-none-eabi/lib/armv6k/fpu\libsysbase.a(libsysbase_libsysbase_a-handle_manager.o)
                0x0011697c                _close_r
 .text.null_write
                0x00116a70        0x8 C:/devkitPro/devkitARM/bin/../lib/gcc/arm-none-eabi/14.2.0/../../../../arm-none-eabi/lib/armv6k/fpu\libsysbase.a(libsysbase_libsysbase_a-iosupport.o)
 .text.setDefaultDevice
                0x00116a78       0x18 C:/devkitPro/devkitARM/bin/../lib/gcc/arm-none-eabi/14.2.0/../../../../arm-none-eabi/lib/armv6k/fpu\libsysbase.a(libsysbase_libsysbase_a-iosupport.o)
                0x00116a78                setDefaultDevice
 .text.FindDevice
                0x00116a90       0xc8 C:/devkitPro/devkitARM/bin/../lib/gcc/arm-none-eabi/14.2.0/../../../../arm-none-eabi/lib/armv6k/fpu\libsysbase.a(libsysbase_libsysbase_a-iosupport.o)
                0x00116a90                FindDevice
 .text.RemoveDevice
                0x00116b58       0x28 C:/devkitPro/devkitARM/bin/../lib/gcc/arm-none-eabi/14.2.0/../../../../arm-none-eabi/lib/armv6k/fpu\libsysbase.a(libsysbase_libsysbase_a-iosupport.o)
                0x00116b58                RemoveDevice
 .text.AddDevice
                0x00116b80       0x98 C:/devkitPro/devkitARM/bin/../lib/gcc/arm-none-eabi/14.2.0/../../../../arm-none-eabi/lib/armv6k/fpu\libsysbase.a(libsysbase_libsysbase_a-iosupport.o)
                0x00116b80                AddDevice
 .text.GetDeviceOpTab
                0x00116c18       0x20 C:/devkitPro/devkitARM/bin/../lib/gcc/arm-none-eabi/14.2.0/../../../../arm-none-eabi/lib/armv6k/fpu\libsysbase.a(libsysbase_libsysbase_a-iosupport.o)
                0x00116c18                GetDeviceOpTab
 .text._isatty_r
                0x00116c38        0x8 C:/devkitPro/devkitARM/bin/../lib/gcc/arm-none-eabi/14.2.0/../../../../arm-none-eabi/lib/armv6k/fpu\libsysbase.a(libsysbase_libsysbase_a-isatty.o)
                0x00116c38                _isatty_r
 .text._lseek_r
                0x00116c40       0x8c C:/devkitPro/devkitARM/bin/../lib/gcc/arm-none-eabi/14.2.0/../../../../arm-none-eabi/lib/armv6k/fpu\libsysbase.a(libsysbase_libsysbase_a-lseek.o)
                0x00116c40                _lseek_r
 .text._open_r  0x00116ccc       0xbc C:/devkitPro/devkitARM/bin/../lib/gcc/arm-none-eabi/14.2.0/../../../../arm-none-eabi/lib/armv6k/fpu\libsysbase.a(libsysbase_libsysbase_a-open.o)
                0x00116ccc                _open_r
 .text._read_r  0x00116d88       0x88 C:/devkitPro/devkitARM/bin/../lib/gcc/arm-none-eabi/14.2.0/../../../../arm-none-eabi/lib/armv6k/fpu\libsysbase.a(libsysbase_libsysbase_a-read.o)
                0x00116d88                _read_r
 .text._sbrk_r  0x00116e10       0x78 C:/devkitPro/devkitARM/bin/../lib/gcc/arm-none-eabi/14.2.0/../../../../arm-none-eabi/lib/armv6k/fpu\libsysbase.a(libsysbase_libsysbase_a-sbrk.o)
                0x00116e10                _sbrk_r
 .text.__libc_lock_acquire
                0x00116e88       0x1c C:/devkitPro/devkitARM/bin/../lib/gcc/arm-none-eabi/14.2.0/../../../../arm-none-eabi/lib/armv6k/fpu\libsysbase.a(libsysbase_libsysbase_a-syscall_support.o)
                0x00116e88                __libc_lock_acquire
 .text.__libc_lock_release
                0x00116ea4       0x1c C:/devkitPro/devkitARM/bin/../lib/gcc/arm-none-eabi/14.2.0/../../../../arm-none-eabi/lib/armv6k/fpu\libsysbase.a(libsysbase_libsysbase_a-syscall_support.o)
                0x00116ea4                __libc_lock_release
 .text.__libc_lock_acquire_recursive
                0x00116ec0       0x1c C:/devkitPro/devkitARM/bin/../lib/gcc/arm-none-eabi/14.2.0/../../../../arm-none-eabi/lib/armv6k/fpu\libsysbase.a(libsysbase_libsysbase_a-syscall_support.o)
                0x00116ec0                __libc_lock_acquire_recursive
 .text.__libc_lock_release_recursive
                0x00116edc       0x1c C:/devkitPro/devkitARM/bin/../lib/gcc/arm-none-eabi/14.2.0/../../../../arm-none-eabi/lib/armv6k/fpu\libsysbase.a(libsysbase_libsysbase_a-syscall_support.o)
                0x00116edc                __libc_lock_release_recursive
 .text._write_r
                0x00116ef8       0x88 C:/devkitPro/devkitARM/bin/../lib/gcc/arm-none-eabi/14.2.0/../../../../arm-none-eabi/lib/armv6k/fpu\libsysbase.a(libsysbase_libsysbase_a-write.o)
                0x00116ef8                _write_r
 .text.strrchr  0x00116f80       0x48 C:/devkitPro/devkitARM/bin/../lib/gcc/arm-none-eabi/14.2.0/../../../../arm-none-eabi/lib/armv6k/fpu\libg.a(libc_a-strrchr.o)
                0x00116f80                strrchr
 *(.glue_7)
 .glue_7        0x00116fc8        0x0 linker stubs
 *(.glue_7t)
 .glue_7t       0x00116fc8        0x0 linker stubs
 *(.stub)
 *(.gnu.warning)
 *(.gnu.linkonce.t*)
                0x00116fc8                        . = ALIGN (0x4)
 *(.fini)
 .fini          0x00116fc8        0xc C:/devkitPro/devkitARM/bin/../lib/gcc/arm-none-eabi/14.2.0/armv6k/fpu/crti.o
                0x00116fc8                _fini
 .fini          0x00116fd4        0xc C:/devkitPro/devkitARM/bin/../lib/gcc/arm-none-eabi/14.2.0/armv6k/fpu/crtn.o
                0x00116fe0                        . = ALIGN (0x4)

.vfp11_veneer   0x00116fe0        0x0
 .vfp11_veneer  0x00116fe0        0x0 linker stubs

.v4_bx          0x00116fe0        0x0
 .v4_bx         0x00116fe0        0x0 linker stubs

.iplt           0x00116fe0        0x0
 .iplt          0x00116fe0        0x0 C:/devkitPro/devkitARM/bin/../lib/gcc/arm-none-eabi/14.2.0/../../../../arm-none-eabi/lib/armv6k/fpu/3dsx_crt0.o
                0x00117000                        . = ALIGN (0x1000)

.rodata         0x00117000      0x750
 *(.rodata)
 .rodata        0x00117000        0xc C:/devkitPro/libctru/lib\libctru.a(romfs_dev.o)
 .rodata        0x0011700c        0xc C:/devkitPro/libctru/lib\libctru.a(archive_dev.o)
 *(.roda)
 *(.rodata.*)
 .rodata.str1.4
                0x00117018       0xec main.o
                                 0x1f (size before relaxing)
 .rodata.C2D_Init.str1.4
                0x00117104       0x10 C:/devkitPro/libctru/lib\libcitro2d.a(base.o)
 .rodata.s_defaultTint.0
                0x00117104        0x8 C:/devkitPro/libctru/lib\libcitro2d.a(base.o)
 .rodata.C2D_SpriteSheetLoad.str1.4
                0x0011710c        0x3 C:/devkitPro/libctru/lib\libcitro2d.a(spritesheet.o)
 .rodata.render2d_shbin
                0x0011710c      0x190 C:/devkitPro/libctru/lib\libcitro2d.a(render2d.shbin.o)
                0x0011710c                render2d_shbin
                0x00117298                render2d_shbin_end
                0x00117298                render2d_shbin_size
 .rodata.depthFmtSizes
                0x0011729c        0x4 C:/devkitPro/libctru/lib\libcitro3d.a(framebuffer.o)
 .rodata.colorFmtSizes
                0x001172a0        0x5 C:/devkitPro/libctru/lib\libcitro3d.a(framebuffer.o)
 *fill*         0x001172a5        0x3 
 .rodata.CSWTCH.11
                0x001172a8       0x10 C:/devkitPro/libctru/lib\libcitro3d.a(proctex.o)
 .rodata.CSWTCH.19
                0x001172b8       0x38 C:/devkitPro/libctru/lib\libcitro3d.a(texture.o)
 .rodata.romfs_dirnext.str1.4
                0x001172f0        0x7 C:/devkitPro/libctru/lib\libctru.a(romfs_dev.o)
 .rodata.romfsMountSelf.str1.4
                0x001172f0       0x19 C:/devkitPro/libctru/lib\libctru.a(romfs_dev.o)
 .rodata.str1.4
                0x001172f0        0x1 C:/devkitPro/libctru/lib\libctru.a(romfs_dev.o)
 .rodata.romFS_devoptab
                0x001172f0       0x80 C:/devkitPro/libctru/lib\libctru.a(romfs_dev.o)
 .rodata.DVLE_GenerateOutmap.part.0
                0x00117370        0x9 C:/devkitPro/libctru/lib\libctru.a(shbin.o)
 .rodata.gspInit.str1.4
                0x00117379        0x9 C:/devkitPro/libctru/lib\libctru.a(gspgpu.o)
 .rodata.mcuHwcInit.str1.4
                0x00117379        0x9 C:/devkitPro/libctru/lib\libctru.a(mcuhwc.o)
 .rodata.aptSendCommand.str1.4
                0x00117379       0x16 C:/devkitPro/libctru/lib\libctru.a(apt.o)
 .rodata.aptEventHandler
                0x00117379        0xb C:/devkitPro/libctru/lib\libctru.a(apt.o)
 .rodata.aptWaitForWakeUp.isra.0
                0x00117384       0x11 C:/devkitPro/libctru/lib\libctru.a(apt.o)
 *fill*         0x00117395        0x3 
 .rodata.morton_y.2
                0x00117398        0x8 C:/devkitPro/libctru/lib\libctru.a(apt.o)
 .rodata.morton_x.3
                0x001173a0        0x8 C:/devkitPro/libctru/lib\libctru.a(apt.o)
 .rodata.s_sleepWakeEvents.4
                0x001173a8        0x8 C:/devkitPro/libctru/lib\libctru.a(apt.o)
 .rodata.hidInit.str1.4
                0x001173b0       0x15 C:/devkitPro/libctru/lib\libctru.a(hid.o)
 .rodata.ptmSysmInit.str1.4
                0x001173b0        0x9 C:/devkitPro/libctru/lib\libctru.a(ptmsysm.o)
 .rodata.fsInit.str1.4
                0x001173b0        0x8 C:/devkitPro/libctru/lib\libctru.a(fs.o)
 .rodata.decompressV
                0x001173b0       0x21 C:/devkitPro/libctru/lib\libctru.a(decompress.o)
 .rodata.__system_initArgv.str1.4
                0x001173d1        0xa C:/devkitPro/libctru/lib\libctru.a(initArgv.o)
 .rodata.srvInit.str1.4
                0x001173d1        0x5 C:/devkitPro/libctru/lib\libctru.a(srv.o)
 .rodata.irrstInit.str1.4
                0x001173d1        0x7 C:/devkitPro/libctru/lib\libctru.a(irrst.o)
 .rodata.archive_utf16path.str1.4
                0x001173d1        0x2 C:/devkitPro/libctru/lib\libctru.a(archive_dev.o)
 .rodata._archiveUnmountDeviceStruct.part.0.str1.4
                0x001173d1        0x2 C:/devkitPro/libctru/lib\libctru.a(archive_dev.o)
 .rodata._archiveMountDevice.str1.4
                0x001173d1        0xc C:/devkitPro/libctru/lib\libctru.a(archive_dev.o)
 .rodata.archiveMountSdmc.str1.4
                0x001173d1        0x5 C:/devkitPro/libctru/lib\libctru.a(archive_dev.o)
 *fill*         0x001173d1        0x3 
 .rodata.error_table
                0x001173d4       0x30 C:/devkitPro/libctru/lib\libctru.a(archive_dev.o)
 .rodata.str1.4
                0x00117404        0x8 C:/devkitPro/libctru/lib\libctru.a(archive_dev.o)
 .rodata.archive_devoptab
                0x00117404       0x80 C:/devkitPro/libctru/lib\libctru.a(archive_dev.o)
 .rodata.__inv_pio4
                0x00117484       0x60 C:/devkitPro/devkitARM/bin/../lib/gcc/arm-none-eabi/14.2.0/../../../../arm-none-eabi/lib/armv6k/fpu\libm.a(libm_a-sincosf_data.o)
                0x00117484                __inv_pio4
 *fill*         0x001174e4        0x4 
 .rodata.__sincosf_table
                0x001174e8       0xe0 C:/devkitPro/devkitARM/bin/../lib/gcc/arm-none-eabi/14.2.0/../../../../arm-none-eabi/lib/armv6k/fpu\libm.a(libm_a-sincosf_data.o)
                0x001174e8                __sincosf_table
 .rodata._ctype_
                0x001175c8      0x101 C:/devkitPro/devkitARM/bin/../lib/gcc/arm-none-eabi/14.2.0/../../../../arm-none-eabi/lib/armv6k/fpu\libg.a(libc_a-ctype_.o)
                0x001175c8                _ctype_
 .rodata.AddDevice.str1.4
                0x001176c9        0x8 C:/devkitPro/devkitARM/bin/../lib/gcc/arm-none-eabi/14.2.0/../../../../arm-none-eabi/lib/armv6k/fpu\libsysbase.a(libsysbase_libsysbase_a-iosupport.o)
 *fill*         0x001176c9        0x3 
 .rodata.dotab_stdnull
                0x001176cc       0x80 C:/devkitPro/devkitARM/bin/../lib/gcc/arm-none-eabi/14.2.0/../../../../arm-none-eabi/lib/armv6k/fpu\libsysbase.a(libsysbase_libsysbase_a-iosupport.o)
                0x001176cc                dotab_stdnull
 *all.rodata*(*)
 *(.gnu.linkonce.r*)
                0x0011774c                        . = ALIGN (0x4)
                0x0011774c                        __tdata_align = .
                0x0011774c        0x4 LONG 0x4 ALIGNOF (.tdata)
                0x00117750                        . = ALIGN (0x4)

.eh_frame       0x00117750        0x0
 .eh_frame      0x00117750        0x0 C:/devkitPro/devkitARM/bin/../lib/gcc/arm-none-eabi/14.2.0/armv6k/fpu/crtbegin.o

.rel.dyn        0x00117750        0x0
 .rel.iplt      0x00117750        0x0 C:/devkitPro/devkitARM/bin/../lib/gcc/arm-none-eabi/14.2.0/../../../../arm-none-eabi/lib/armv6k/fpu/3dsx_crt0.o
 .rel.got       0x00117750        0x0 C:/devkitPro/devkitARM/bin/../lib/gcc/arm-none-eabi/14.2.0/../../../../arm-none-eabi/lib/armv6k/fpu/3dsx_crt0.o

.ARM.extab
 *(.ARM.extab* .gnu.linkonce.armextab.*)
                0x00117750                        __exidx_start = .

.ARM.exidx
 *(.ARM.exidx* .gnu.linkonce.armexidx.*)
                0x00117750                        __exidx_end = .
                0x00118000                        . = ALIGN (0x1000)

.data           0x00118000     0x1a1c
 *(.data)
 *(.data.*)
 .data.framerateCounter
                0x00118000        0x8 C:/devkitPro/libctru/lib\libcitro3d.a(renderqueue.o)
 .data.framerate
                0x00118008        0x4 C:/devkitPro/libctru/lib\libcitro3d.a(renderqueue.o)
 .data.queueLock
                0x0011800c        0x4 C:/devkitPro/libctru/lib\libctru.a(gxqueue.o)
 .data.aptChainloadDeliverArgSize
                0x00118010        0x4 C:/devkitPro/libctru/lib\libctru.a(apt.o)
 .data.kCount   0x00118014        0x4 C:/devkitPro/libctru/lib\libctru.a(hid.o)
 .data.kInterval